Benchmark: math500 — 500 questions from /root/repo/aws/.build/../../benchmarks/math500.jsonl, running 25

============================================================
### Q0  (0 min into the sweep)
============================================================
Q0: Convert the point $(0,3)$ in rectangular coordinates to polar coordinates.  Ente...
Ground truth: \left( 3, \frac{\pi}{2} \right)

Run start: 16 seats (cap 32), streaming (report every 1 tokens) | wave 1 line-free; replacements face the self-calibrating bar (keep top 10%, arms at 1 finishers, updates per finisher) | probes every 512 (graduate at 0.95) | loop guard ON (cut) | close: landslide (95%) OR certificate
Trace 13: finished at 969 tokens | answer=\left(3,\ \dfrac{\pi}{2}\right)
Bar ARMED at 13.467 (1 finishers calibrating, keep top 10%)
Trace 16: seated (replacing 13) | bar 13.467
Trace 2: finished at 1017 tokens | answer=\left(3,\ \dfrac{\pi}{2}\right)
Trace 17: seated (replacing 2) | bar 14.661
Trace 4: finished at 1080 tokens | answer=\left(3,\ \dfrac{\pi}{2}\right)
Consensus after 3 finishers: '\left(3,\ \dfrac{\pi}{2}\right)' holds 100% — killing 15 in-flight streams, no new launches

Basic voting candidates: 3
Sample voting answers: ['\\left(3,\\ \\dfrac{\\pi}{2}\\right)', '\\left(3,\\ \\dfrac{\\pi}{2}\\right)', '\\left(3,\\ \\dfrac{\\pi}{2}\\right)']

=== PeerConf Summary (streaming) ===
Final bar: 14.528 (keep top 10% of finishers' minima) | seats 16 | launched 18/32 | events: 17127
Traces: finished 3 | stopped 0 | truncated 0 | abandoned 15
Graduation probes: 0 fired (0 probe tokens) | graduated early: 0
Loop guard: 0 loops caught and ended (no ballots cast)
Valid answers for voting: 3
Final answer: \left(3,\ \dfrac{\pi}{2}\right)   | ground truth: \left( 3, \frac{\pi}{2} \right)
Total tokens generated (traces + probes, incl. discarded): 17265
Total time: 8.64s

=== Voting Results Summary ===
  majority: \left(3,\ \dfrac{\pi}{2}\right) [3 votes]
  mean_confidence_weighted: \left(3,\ \dfrac{\pi}{2}\right) (conf: 15.253) [3 votes]
  tail_confidence_weighted: \left(3,\ \dfrac{\pi}{2}\right) (conf: 17.123) [3 votes]
  bottom_window_weighted: \left(3,\ \dfrac{\pi}{2}\right) (conf: 14.020) [3 votes]
  min_window_weighted: \left(3,\ \dfrac{\pi}{2}\right) (conf: 13.826) [3 votes]
  top10_tail_filtered: \left(3,\ \dfrac{\pi}{2}\right) (conf: 17.908) [1 votes]
  top10_bottom_window_filtered: \left(3,\ \dfrac{\pi}{2}\right) (conf: 15.053) [1 votes]

=== Detailed Voting Results ===
----------------------------------------------------------------------
Method                        Answer      Votes  Confidence  Correct
----------------------------------------------------------------------
majority                      \left(3,\ \dfrac{\pi}{2}\right)3      -           ✓
mean_confidence_weighted      \left(3,\ \dfrac{\pi}{2}\right)3      15.253      ✓
tail_confidence_weighted      \left(3,\ \dfrac{\pi}{2}\right)3      17.123      ✓
bottom_window_weighted        \left(3,\ \dfrac{\pi}{2}\right)3      14.020      ✓
min_window_weighted           \left(3,\ \dfrac{\pi}{2}\right)3      13.826      ✓
top10_tail_filtered           \left(3,\ \dfrac{\pi}{2}\right)1      17.908      ✓
top10_bottom_window_filtered  \left(3,\ \dfrac{\pi}{2}\right)1      15.053      ✓
Q0 done | gt=\left( 3, \frac{\pi}{2} \right) | majority:✓, mean_confidence_weighted:✓, tail_confidence_weighted:✓, bottom_window_weighted:✓, min_window_weighted:✓, top10_tail_filtered:✓, top10_bottom_window_filtered:✓
Saved to /results/math500_w256_p512/peerconf_out/math500_q0_bar_cs_loopc.pkl

============================================================
### Q1  (0 min into the sweep)
============================================================
Q1: Define
\[p = \sum_{k = 1}^\infty \frac{1}{k^2} \quad \text{and} \quad q = \sum_{...
Ground truth: p - q

Run start: 16 seats (cap 32), streaming (report every 1 tokens) | wave 1 line-free; replacements face the self-calibrating bar (keep top 10%, arms at 1 finishers, updates per finisher) | probes every 512 (graduate at 0.95) | loop guard ON (cut) | close: landslide (95%) OR certificate
Trace 0: GRADUATED at 2048 tokens — conf 1.000, answer p - q
Trace 0: finished EARLY at 2062 tokens (graduation probe) | answer=p - q
Bar ARMED at 14.430 (1 finishers calibrating, keep top 10%)
Trace 16: seated (replacing 0) | bar 14.430
Trace 4: GRADUATED at 2048 tokens — conf 1.000, answer p - q
Trace 4: finished EARLY at 2068 tokens (graduation probe) | answer=p - q
Trace 17: seated (replacing 4) | bar 14.220
Trace 7: GRADUATED at 2048 tokens — conf 1.000, answer p - q
Trace 7: finished EARLY at 2076 tokens (graduation probe) | answer=p - q
Consensus after 3 finishers: 'p - q' holds 100% — killing 15 in-flight streams, no new launches

Basic voting candidates: 3
Sample voting answers: ['p - q', 'p - q', 'p - q']

=== PeerConf Summary (streaming) ===
Final bar: 14.747 (keep top 10% of finishers' minima) | seats 16 | launched 18/32 | events: 32402
Traces: finished 3 | stopped 0 | truncated 0 | abandoned 15
Graduation probes: 14 fired (196 probe tokens) | graduated early: 3
Loop guard: 0 loops caught and ended (no ballots cast)
Valid answers for voting: 3
Final answer: p - q   | ground truth: p - q
Total tokens generated (traces + probes, incl. discarded): 33368 (of which probes: 196)
Total time: 16.86s

=== Voting Results Summary ===
  majority: p - q [3 votes]
  mean_confidence_weighted: p - q (conf: 15.846) [3 votes]
  tail_confidence_weighted: p - q (conf: 15.117) [3 votes]
  bottom_window_weighted: p - q (conf: 14.235) [3 votes]
  min_window_weighted: p - q (conf: 13.860) [3 votes]
  top10_tail_filtered: p - q (conf: 15.402) [1 votes]
  top10_bottom_window_filtered: p - q (conf: 15.126) [1 votes]

=== Detailed Voting Results ===
----------------------------------------------------------------------
Method                        Answer      Votes  Confidence  Correct
----------------------------------------------------------------------
majority                      p - q       3      -           ✓
mean_confidence_weighted      p - q       3      15.846      ✓
tail_confidence_weighted      p - q       3      15.117      ✓
bottom_window_weighted        p - q       3      14.235      ✓
min_window_weighted           p - q       3      13.860      ✓
top10_tail_filtered           p - q       1      15.402      ✓
top10_bottom_window_filtered  p - q       1      15.126      ✓
Q1 done | gt=p - q | majority:✓, mean_confidence_weighted:✓, tail_confidence_weighted:✓, bottom_window_weighted:✓, min_window_weighted:✓, top10_tail_filtered:✓, top10_bottom_window_filtered:✓
Saved to /results/math500_w256_p512/peerconf_out/math500_q1_bar_cs_loopc.pkl

============================================================
### Q2  (0 min into the sweep)
============================================================
Q2: If $f(x) = \frac{3x-2}{x-2}$, what is the value of $f(-2) +f(-1)+f(0)$? Express ...
Ground truth: \frac{14}{3}

Run start: 16 seats (cap 32), streaming (report every 1 tokens) | wave 1 line-free; replacements face the self-calibrating bar (keep top 10%, arms at 1 finishers, updates per finisher) | probes every 512 (graduate at 0.95) | loop guard ON (cut) | close: landslide (95%) OR certificate
Trace 14: finished at 1402 tokens | answer=\dfrac{14}{3}
Bar ARMED at 14.107 (1 finishers calibrating, keep top 10%)
Trace 16: seated (replacing 14) | bar 14.107
Trace 15: finished at 1754 tokens | answer=\dfrac{14}{3}
Trace 17: seated (replacing 15) | bar 15.998
Trace 3: finished at 1792 tokens | answer=\dfrac{14}{3}
Consensus after 3 finishers: '\dfrac{14}{3}' holds 100% — killing 15 in-flight streams, no new launches

Basic voting candidates: 3
Sample voting answers: ['\\dfrac{14}{3}', '\\dfrac{14}{3}', '\\dfrac{14}{3}']

=== PeerConf Summary (streaming) ===
Final bar: 16.009 (keep top 10% of finishers' minima) | seats 16 | launched 18/32 | events: 27825
Traces: finished 3 | stopped 0 | truncated 0 | abandoned 15
Graduation probes: 0 fired (0 probe tokens) | graduated early: 0
Loop guard: 0 loops caught and ended (no ballots cast)
Valid answers for voting: 3
Final answer: \dfrac{14}{3}   | ground truth: \frac{14}{3}
Total tokens generated (traces + probes, incl. discarded): 28611
Total time: 13.96s

=== Voting Results Summary ===
  majority: \dfrac{14}{3} [3 votes]
  mean_confidence_weighted: \dfrac{14}{3} (conf: 17.230) [3 votes]
  tail_confidence_weighted: \dfrac{14}{3} (conf: 18.114) [3 votes]
  bottom_window_weighted: \dfrac{14}{3} (conf: 15.551) [3 votes]
  min_window_weighted: \dfrac{14}{3} (conf: 15.176) [3 votes]
  top10_tail_filtered: \dfrac{14}{3} (conf: 18.489) [1 votes]
  top10_bottom_window_filtered: \dfrac{14}{3} (conf: 16.419) [1 votes]

=== Detailed Voting Results ===
----------------------------------------------------------------------
Method                        Answer      Votes  Confidence  Correct
----------------------------------------------------------------------
majority                      \dfrac{14}{3}3      -           ✓
mean_confidence_weighted      \dfrac{14}{3}3      17.230      ✓
tail_confidence_weighted      \dfrac{14}{3}3      18.114      ✓
bottom_window_weighted        \dfrac{14}{3}3      15.551      ✓
min_window_weighted           \dfrac{14}{3}3      15.176      ✓
top10_tail_filtered           \dfrac{14}{3}1      18.489      ✓
top10_bottom_window_filtered  \dfrac{14}{3}1      16.419      ✓
Q2 done | gt=\frac{14}{3} | majority:✓, mean_confidence_weighted:✓, tail_confidence_weighted:✓, bottom_window_weighted:✓, min_window_weighted:✓, top10_tail_filtered:✓, top10_bottom_window_filtered:✓
Saved to /results/math500_w256_p512/peerconf_out/math500_q2_bar_cs_loopc.pkl

============================================================
### Q3  (1 min into the sweep)
============================================================
Q3: How many positive whole-number divisors does 196 have?...
Ground truth: 9

Run start: 16 seats (cap 32), streaming (report every 1 tokens) | wave 1 line-free; replacements face the self-calibrating bar (keep top 10%, arms at 1 finishers, updates per finisher) | probes every 512 (graduate at 0.95) | loop guard ON (cut) | close: landslide (95%) OR certificate
Trace 10: finished at 917 tokens | answer=9
Bar ARMED at 13.054 (1 finishers calibrating, keep top 10%)
Trace 16: seated (replacing 10) | bar 13.054
Trace 5: finished at 963 tokens | answer=9
Trace 17: seated (replacing 5) | bar 12.894
Trace 4: finished at 1212 tokens | answer=9
Consensus after 3 finishers: '9' holds 100% — killing 15 in-flight streams, no new launches

Basic voting candidates: 3
Sample voting answers: ['9', '9', '9']

=== PeerConf Summary (streaming) ===
Final bar: 12.804 (keep top 10% of finishers' minima) | seats 16 | launched 18/32 | events: 19048
Traces: finished 3 | stopped 0 | truncated 0 | abandoned 15
Graduation probes: 0 fired (0 probe tokens) | graduated early: 0
Loop guard: 0 loops caught and ended (no ballots cast)
Valid answers for voting: 3
Final answer: 9   | ground truth: 9
Total tokens generated (traces + probes, incl. discarded): 19345
Total time: 9.49s

=== Voting Results Summary ===
  majority: 9 [3 votes]
  mean_confidence_weighted: 9 (conf: 13.932) [3 votes]
  tail_confidence_weighted: 9 (conf: 15.355) [3 votes]
  bottom_window_weighted: 9 (conf: 12.323) [3 votes]
  min_window_weighted: 9 (conf: 12.104) [3 votes]
  top10_tail_filtered: 9 (conf: 16.485) [1 votes]
  top10_bottom_window_filtered: 9 (conf: 13.217) [1 votes]

=== Detailed Voting Results ===
----------------------------------------------------------------------
Method                        Answer      Votes  Confidence  Correct
----------------------------------------------------------------------
majority                      9           3      -           ✓
mean_confidence_weighted      9           3      13.932      ✓
tail_confidence_weighted      9           3      15.355      ✓
bottom_window_weighted        9           3      12.323      ✓
min_window_weighted           9           3      12.104      ✓
top10_tail_filtered           9           1      16.485      ✓
top10_bottom_window_filtered  9           1      13.217      ✓
Q3 done | gt=9 | majority:✓, mean_confidence_weighted:✓, tail_confidence_weighted:✓, bottom_window_weighted:✓, min_window_weighted:✓, top10_tail_filtered:✓, top10_bottom_window_filtered:✓
Saved to /results/math500_w256_p512/peerconf_out/math500_q3_bar_cs_loopc.pkl

============================================================
### Q4  (1 min into the sweep)
============================================================
Q4: The results of a cross-country team's training run are graphed below. Which stud...
Ground truth: \text{Evelyn}

Run start: 16 seats (cap 32), streaming (report every 1 tokens) | wave 1 line-free; replacements face the self-calibrating bar (keep top 10%, arms at 1 finishers, updates per finisher) | probes every 512 (graduate at 0.95) | loop guard ON (cut) | close: landslide (95%) OR certificate
Trace 0: GRADUATED at 2048 tokens — conf 0.988, answer \text{Evelyn}
Trace 0: finished EARLY at 2061 tokens (graduation probe) | answer=\text{Evelyn}
Bar ARMED at 9.095 (1 finishers calibrating, keep top 10%)
Trace 16: seated (replacing 0) | bar 9.095
Trace 2: GRADUATED at 2048 tokens — conf 0.973, answer \text{Carla}
Trace 3: GRADUATED at 2048 tokens — conf 0.982, answer \text{Evelyn}
Trace 3: finished EARLY at 2063 tokens (graduation probe) | answer=\text{Evelyn}
Trace 17: seated (replacing 3) | bar 9.514
Trace 2: finished EARLY at 2064 tokens (graduation probe) | answer=\text{Carla}
Trace 18: seated (replacing 2) | bar 9.468
Trace 4: GRADUATED at 2048 tokens — conf 0.993, answer \text{Evelyn}
Trace 6: GRADUATED at 2048 tokens — conf 0.994, answer \text{Evelyn}
Trace 7: GRADUATED at 2048 tokens — conf 0.993, answer \text{Evelyn}
Trace 8: GRADUATED at 2048 tokens — conf 0.989, answer \text{Carla}
Trace 5: GRADUATED at 2048 tokens — conf 0.990, answer \text{Evelyn}
Trace 9: GRADUATED at 2048 tokens — conf 0.997, answer \text{Evelyn}
Trace 11: GRADUATED at 2048 tokens — conf 0.972, answer \text{Carla}
Trace 10: GRADUATED at 2048 tokens — conf 0.991, answer \text{Carla}
Trace 15: GRADUATED at 2048 tokens — conf 0.994, answer \text{Evelyn}
Trace 14: GRADUATED at 2048 tokens — conf 0.990, answer \text{Evelyn}
Trace 4: finished EARLY at 2377 tokens (graduation probe) | answer=\text{Evelyn}
Trace 19: seated (replacing 4) | bar 9.421
Trace 9: finished EARLY at 2373 tokens (graduation probe) | answer=\text{Evelyn}
Trace 20: seated (replacing 9) | bar 9.750
Trace 15: finished EARLY at 2370 tokens (graduation probe) | answer=\text{Evelyn}
Trace 21: seated (replacing 15) | bar 10.011
Trace 6: finished EARLY at 2377 tokens (graduation probe) | answer=\text{Evelyn}
Trace 22: seated (replacing 6) | bar 9.984
Trace 11: finished EARLY at 2373 tokens (graduation probe) | answer=\text{Carla}
Trace 23: seated (replacing 11) | bar 9.957
Trace 7: finished EARLY at 2376 tokens (graduation probe) | answer=\text{Evelyn}
Trace 24: seated (replacing 7) | bar 9.930
Trace 8: finished EARLY at 2373 tokens (graduation probe) | answer=\text{Carla}
Trace 25: seated (replacing 8) | bar 9.902
Trace 10: finished EARLY at 2372 tokens (graduation probe) | answer=\text{Carla}
Trace 26: seated (replacing 10) | bar 9.875
Trace 14: finished EARLY at 2370 tokens (graduation probe) | answer=\text{Evelyn}
Trace 27: seated (replacing 14) | bar 9.844
Trace 5: finished EARLY at 2374 tokens (graduation probe) | answer=\text{Evelyn}
Trace 28: seated (replacing 5) | bar 9.812
Trace 17: cut at the bar 9.812 (its low 9.806, 546 tokens)
Trace 29: seated (replacing 17) | bar 9.812
Trace 16: cut at the bar 9.812 (its low 9.812, 546 tokens)
Trace 30: seated (replacing 16) | bar 9.812
Trace 13: GRADUATED at 2560 tokens — conf 0.998, answer \text{Evelyn}
Trace 12: GRADUATED at 2560 tokens — conf 0.995, answer \text{Evelyn}
Trace 1: GRADUATED at 2560 tokens — conf 0.996, answer \text{Evelyn}
Trace 12: finished EARLY at 2720 tokens (graduation probe) | answer=\text{Evelyn}
Trace 31: seated (replacing 12) | bar 9.781
Trace 13: finished EARLY at 2720 tokens (graduation probe) | answer=\text{Evelyn}
Trace 20: cut at the bar 9.750 (its low 9.776, 315 tokens)
Trace 1: finished EARLY at 2732 tokens (graduation probe) | answer=\text{Evelyn}
Vote bar frozen at 9.772 (keep top 10% of 16 wave-1 minima)
Consensus after 16 finishers: '\text{Evelyn}' holds 100% — killing 13 in-flight streams, no new launches

Basic voting candidates: 16
Sample voting answers: ['\\text{Evelyn}', '\\text{Evelyn}', '\\text{Carla}', '\\text{Evelyn}', '\\text{Evelyn}', '\\text{Evelyn}', '\\text{Evelyn}', '\\text{Evelyn}']

=== PeerConf Summary (streaming) ===
Final bar: 9.772 (keep top 10% of finishers' minima) | seats 16 | launched 32/32 | events: 42046
Traces: finished 16 | stopped 3 | truncated 0 | abandoned 13
Graduation probes: 19 fired (200 probe tokens) | graduated early: 16
Loop guard: 0 loops caught and ended (no ballots cast)
Valid answers for voting: 16
Final answer: \text{Evelyn}   | ground truth: \text{Evelyn}
Total tokens generated (traces + probes, incl. discarded): 43845 (of which probes: 200)
Total time: 23.33s

=== Voting Results Summary ===
  majority: \text{Evelyn} [16 votes]
  mean_confidence_weighted: \text{Evelyn} (conf: 11.515) [16 votes]
  tail_confidence_weighted: \text{Evelyn} (conf: 11.856) [16 votes]
  bottom_window_weighted: \text{Evelyn} (conf: 9.609) [16 votes]
  min_window_weighted: \text{Evelyn} (conf: 9.338) [16 votes]
  top10_tail_filtered: \text{Evelyn} (conf: 13.902) [2 votes]
  top10_bottom_window_filtered: \text{Evelyn} (conf: 10.328) [2 votes]

=== Detailed Voting Results ===
----------------------------------------------------------------------
Method                        Answer      Votes  Confidence  Correct
----------------------------------------------------------------------
majority                      \text{Evelyn}16     -           ✓
mean_confidence_weighted      \text{Evelyn}16     11.515      ✓
tail_confidence_weighted      \text{Evelyn}16     11.856      ✓
bottom_window_weighted        \text{Evelyn}16     9.609       ✓
min_window_weighted           \text{Evelyn}16     9.338       ✓
top10_tail_filtered           \text{Evelyn}2      13.902      ✓
top10_bottom_window_filtered  \text{Evelyn}2      10.328      ✓
Q4 done | gt=\text{Evelyn} | majority:✓, mean_confidence_weighted:✓, tail_confidence_weighted:✓, bottom_window_weighted:✓, min_window_weighted:✓, top10_tail_filtered:✓, top10_bottom_window_filtered:✓
Saved to /results/math500_w256_p512/peerconf_out/math500_q4_bar_cs_loopc.pkl

============================================================
### Q5  (1 min into the sweep)
============================================================
Q5: A regular hexagon can be divided into six equilateral triangles. If the perimete...
Ground truth: 42

Run start: 16 seats (cap 32), streaming (report every 1 tokens) | wave 1 line-free; replacements face the self-calibrating bar (keep top 10%, arms at 1 finishers, updates per finisher) | probes every 512 (graduate at 0.95) | loop guard ON (cut) | close: landslide (95%) OR certificate
Trace 0: GRADUATED at 2048 tokens — conf 1.000, answer 42
Trace 0: finished EARLY at 2056 tokens (graduation probe) | answer=42
Bar ARMED at 11.789 (1 finishers calibrating, keep top 10%)
Trace 16: seated (replacing 0) | bar 11.789
Trace 1: GRADUATED at 2048 tokens — conf 1.000, answer 42
Trace 1: finished EARLY at 2057 tokens (graduation probe) | answer=42
Trace 17: seated (replacing 1) | bar 11.755
Trace 9: GRADUATED at 2048 tokens — conf 1.000, answer 42
Trace 9: finished EARLY at 2058 tokens (graduation probe) | answer=42
Consensus after 3 finishers: '42' holds 100% — killing 15 in-flight streams, no new launches

Basic voting candidates: 3
Sample voting answers: ['42', '42', '42']

=== PeerConf Summary (streaming) ===
Final bar: 11.988 (keep top 10% of finishers' minima) | seats 16 | launched 18/32 | events: 31946
Traces: finished 3 | stopped 0 | truncated 0 | abandoned 15
Graduation probes: 12 fired (68 probe tokens) | graduated early: 3
Loop guard: 0 loops caught and ended (no ballots cast)
Valid answers for voting: 3
Final answer: 42   | ground truth: 42
Total tokens generated (traces + probes, incl. discarded): 32973 (of which probes: 68)
Total time: 16.47s

=== Voting Results Summary ===
  majority: 42 [3 votes]
  mean_confidence_weighted: 42 (conf: 13.165) [3 votes]
  tail_confidence_weighted: 42 (conf: 13.068) [3 votes]
  bottom_window_weighted: 42 (conf: 12.004) [3 votes]
  min_window_weighted: 42 (conf: 11.760) [3 votes]
  top10_tail_filtered: 42 (conf: 14.178) [1 votes]
  top10_bottom_window_filtered: 42 (conf: 12.307) [1 votes]

=== Detailed Voting Results ===
----------------------------------------------------------------------
Method                        Answer      Votes  Confidence  Correct
----------------------------------------------------------------------
majority                      42          3      -           ✓
mean_confidence_weighted      42          3      13.165      ✓
tail_confidence_weighted      42          3      13.068      ✓
bottom_window_weighted        42          3      12.004      ✓
min_window_weighted           42          3      11.760      ✓
top10_tail_filtered           42          1      14.178      ✓
top10_bottom_window_filtered  42          1      12.307      ✓
Q5 done | gt=42 | majority:✓, mean_confidence_weighted:✓, tail_confidence_weighted:✓, bottom_window_weighted:✓, min_window_weighted:✓, top10_tail_filtered:✓, top10_bottom_window_filtered:✓
Saved to /results/math500_w256_p512/peerconf_out/math500_q5_bar_cs_loopc.pkl

============================================================
### Q6  (1 min into the sweep)
============================================================
Q6: What is the smallest positive perfect cube that can be written as the sum of thr...
Ground truth: 27

Run start: 16 seats (cap 32), streaming (report every 1 tokens) | wave 1 line-free; replacements face the self-calibrating bar (keep top 10%, arms at 1 finishers, updates per finisher) | probes every 512 (graduate at 0.95) | loop guard ON (cut) | close: landslide (95%) OR certificate
Trace 0: GRADUATED at 2048 tokens — conf 1.000, answer 27
Trace 1: GRADUATED at 2048 tokens — conf 1.000, answer 27
Trace 1: finished EARLY at 2057 tokens (graduation probe) | answer=27
Bar ARMED at 12.861 (1 finishers calibrating, keep top 10%)
Trace 16: seated (replacing 1) | bar 12.861
Trace 0: finished EARLY at 2058 tokens (graduation probe) | answer=27
Trace 17: seated (replacing 0) | bar 12.932
Trace 3: GRADUATED at 2048 tokens — conf 1.000, answer 27
Trace 2: GRADUATED at 2048 tokens — conf 1.000, answer 27
Trace 3: finished EARLY at 2059 tokens (graduation probe) | answer=27
Consensus after 3 finishers: '27' holds 100% — killing 15 in-flight streams, no new launches

Basic voting candidates: 3
Sample voting answers: ['27', '27', '27']

=== PeerConf Summary (streaming) ===
Final bar: 12.924 (keep top 10% of finishers' minima) | seats 16 | launched 18/32 | events: 31757
Traces: finished 3 | stopped 0 | truncated 0 | abandoned 15
Graduation probes: 10 fired (50 probe tokens) | graduated early: 3
Loop guard: 0 loops caught and ended (no ballots cast)
Valid answers for voting: 3
Final answer: 27   | ground truth: 27
Total tokens generated (traces + probes, incl. discarded): 32946 (of which probes: 50)
Total time: 16.63s

=== Voting Results Summary ===
  majority: 27 [3 votes]
  mean_confidence_weighted: 27 (conf: 14.659) [3 votes]
  tail_confidence_weighted: 27 (conf: 13.694) [3 votes]
  bottom_window_weighted: 27 (conf: 13.113) [3 votes]
  min_window_weighted: 27 (conf: 12.677) [3 votes]
  top10_tail_filtered: 27 (conf: 14.147) [1 votes]
  top10_bottom_window_filtered: 27 (conf: 13.414) [1 votes]

=== Detailed Voting Results ===
----------------------------------------------------------------------
Method                        Answer      Votes  Confidence  Correct
----------------------------------------------------------------------
majority                      27          3      -           ✓
mean_confidence_weighted      27          3      14.659      ✓
tail_confidence_weighted      27          3      13.694      ✓
bottom_window_weighted        27          3      13.113      ✓
min_window_weighted           27          3      12.677      ✓
top10_tail_filtered           27          1      14.147      ✓
top10_bottom_window_filtered  27          1      13.414      ✓
Q6 done | gt=27 | majority:✓, mean_confidence_weighted:✓, tail_confidence_weighted:✓, bottom_window_weighted:✓, min_window_weighted:✓, top10_tail_filtered:✓, top10_bottom_window_filtered:✓
Saved to /results/math500_w256_p512/peerconf_out/math500_q6_bar_cs_loopc.pkl

============================================================
### Q7  (2 min into the sweep)
============================================================
Q7: The set of points $(x,y,z)$ that satisfy
\[2x = 3y = -z\]is a line.

The set of ...
Ground truth: 90^\circ

Run start: 16 seats (cap 32), streaming (report every 1 tokens) | wave 1 line-free; replacements face the self-calibrating bar (keep top 10%, arms at 1 finishers, updates per finisher) | probes every 512 (graduate at 0.95) | loop guard ON (cut) | close: landslide (95%) OR certificate
Trace 1: GRADUATED at 2048 tokens — conf 1.000, answer 90
Trace 1: finished EARLY at 2064 tokens (graduation probe) | answer=90
Bar ARMED at 14.126 (1 finishers calibrating, keep top 10%)
Trace 16: seated (replacing 1) | bar 14.126
Trace 0: GRADUATED at 2048 tokens — conf 1.000, answer 90
Trace 0: finished EARLY at 2066 tokens (graduation probe) | answer=90
Trace 17: seated (replacing 0) | bar 13.991
Trace 4: GRADUATED at 2048 tokens — conf 1.000, answer 90
Trace 4: finished EARLY at 2065 tokens (graduation probe) | answer=90
Consensus after 3 finishers: '90' holds 100% — killing 15 in-flight streams, no new launches

Basic voting candidates: 3
Sample voting answers: ['90', '90', '90']

=== PeerConf Summary (streaming) ===
Final bar: 13.855 (keep top 10% of finishers' minima) | seats 16 | launched 18/32 | events: 31942
Traces: finished 3 | stopped 0 | truncated 0 | abandoned 15
Graduation probes: 9 fired (137 probe tokens) | graduated early: 3
Loop guard: 0 loops caught and ended (no ballots cast)
Valid answers for voting: 3
Final answer: 90   | ground truth: 90^\circ
Total tokens generated (traces + probes, incl. discarded): 33133 (of which probes: 137)
Total time: 16.50s

=== Voting Results Summary ===
  majority: 90 [3 votes]
  mean_confidence_weighted: 90 (conf: 15.557) [3 votes]
  tail_confidence_weighted: 90 (conf: 14.061) [3 votes]
  bottom_window_weighted: 90 (conf: 13.451) [3 votes]
  min_window_weighted: 90 (conf: 13.158) [3 votes]
  top10_tail_filtered: 90 (conf: 14.544) [1 votes]
  top10_bottom_window_filtered: 90 (conf: 14.431) [1 votes]

=== Detailed Voting Results ===
----------------------------------------------------------------------
Method                        Answer      Votes  Confidence  Correct
----------------------------------------------------------------------
majority                      90          3      -           ✗
mean_confidence_weighted      90          3      15.557      ✗
tail_confidence_weighted      90          3      14.061      ✗
bottom_window_weighted        90          3      13.451      ✗
min_window_weighted           90          3      13.158      ✗
top10_tail_filtered           90          1      14.544      ✗
top10_bottom_window_filtered  90          1      14.431      ✗
Q7 done | gt=90^\circ | majority:✗, mean_confidence_weighted:✗, tail_confidence_weighted:✗, bottom_window_weighted:✗, min_window_weighted:✗, top10_tail_filtered:✗, top10_bottom_window_filtered:✗
Saved to /results/math500_w256_p512/peerconf_out/math500_q7_bar_cs_loopc.pkl

============================================================
### Q8  (2 min into the sweep)
============================================================
Q8: What is the distance, in units, between the points $(2, -6)$ and $(-4, 3)$? Expr...
Ground truth: 3\sqrt{13}

Run start: 16 seats (cap 32), streaming (report every 1 tokens) | wave 1 line-free; replacements face the self-calibrating bar (keep top 10%, arms at 1 finishers, updates per finisher) | probes every 512 (graduate at 0.95) | loop guard ON (cut) | close: landslide (95%) OR certificate
Trace 12: finished at 1046 tokens | answer=3\sqrt{13}
Bar ARMED at 13.450 (1 finishers calibrating, keep top 10%)
Trace 16: seated (replacing 12) | bar 13.450
Trace 8: finished at 1106 tokens | answer=3\sqrt{13}
Trace 17: seated (replacing 8) | bar 14.903
Trace 4: finished at 1163 tokens | answer=3\sqrt{13}
Consensus after 3 finishers: '3\sqrt{13}' holds 100% — killing 15 in-flight streams, no new launches

Basic voting candidates: 3
Sample voting answers: ['3\\sqrt{13}', '3\\sqrt{13}', '3\\sqrt{13}']

=== PeerConf Summary (streaming) ===
Final bar: 14.874 (keep top 10% of finishers' minima) | seats 16 | launched 18/32 | events: 18179
Traces: finished 3 | stopped 0 | truncated 0 | abandoned 15
Graduation probes: 0 fired (0 probe tokens) | graduated early: 0
Loop guard: 0 loops caught and ended (no ballots cast)
Valid answers for voting: 3
Final answer: 3\sqrt{13}   | ground truth: 3\sqrt{13}
Total tokens generated (traces + probes, incl. discarded): 18555
Total time: 8.97s

=== Voting Results Summary ===
  majority: 3\sqrt{13} [3 votes]
  mean_confidence_weighted: 3\sqrt{13} (conf: 16.142) [3 votes]
  tail_confidence_weighted: 3\sqrt{13} (conf: 18.072) [3 votes]
  bottom_window_weighted: 3\sqrt{13} (conf: 14.427) [3 votes]
  min_window_weighted: 3\sqrt{13} (conf: 14.210) [3 votes]
  top10_tail_filtered: 3\sqrt{13} (conf: 18.139) [1 votes]
  top10_bottom_window_filtered: 3\sqrt{13} (conf: 15.322) [1 votes]

=== Detailed Voting Results ===
----------------------------------------------------------------------
Method                        Answer      Votes  Confidence  Correct
----------------------------------------------------------------------
majority                      3\sqrt{13}  3      -           ✓
mean_confidence_weighted      3\sqrt{13}  3      16.142      ✓
tail_confidence_weighted      3\sqrt{13}  3      18.072      ✓
bottom_window_weighted        3\sqrt{13}  3      14.427      ✓
min_window_weighted           3\sqrt{13}  3      14.210      ✓
top10_tail_filtered           3\sqrt{13}  1      18.139      ✓
top10_bottom_window_filtered  3\sqrt{13}  1      15.322      ✓
Q8 done | gt=3\sqrt{13} | majority:✓, mean_confidence_weighted:✓, tail_confidence_weighted:✓, bottom_window_weighted:✓, min_window_weighted:✓, top10_tail_filtered:✓, top10_bottom_window_filtered:✓
Saved to /results/math500_w256_p512/peerconf_out/math500_q8_bar_cs_loopc.pkl

============================================================
### Q9  (2 min into the sweep)
============================================================
Q9: The expression $2\cdot 3 \cdot 4\cdot 5+1$ is equal to 121, since multiplication...
Ground truth: 4

Run start: 16 seats (cap 32), streaming (report every 1 tokens) | wave 1 line-free; replacements face the self-calibrating bar (keep top 10%, arms at 1 finishers, updates per finisher) | probes every 512 (graduate at 0.95) | loop guard ON (cut) | close: landslide (95%) OR certificate
Trace 10: GRADUATED at 9216 tokens — conf 1.000, answer 4
Trace 10: finished EARLY at 9263 tokens (graduation probe) | answer=4
Bar ARMED at 9.928 (1 finishers calibrating, keep top 10%)
Trace 16: seated (replacing 10) | bar 9.928
Trace 5: GRADUATED at 12288 tokens — conf 1.000, answer 4
Trace 5: finished EARLY at 12315 tokens (graduation probe) | answer=4
Trace 17: seated (replacing 5) | bar 9.919
Trace 16: cut at the bar 9.919 (its low 9.917, 5120 tokens)
Trace 18: seated (replacing 16) | bar 9.919
Trace 4: GRADUATED at 15872 tokens — conf 1.000, answer 4
Trace 4: finished EARLY at 15881 tokens (graduation probe) | answer=4
Consensus after 3 finishers: '4' holds 100% — killing 15 in-flight streams, no new launches

Basic voting candidates: 3
Sample voting answers: ['4', '4', '4']

=== PeerConf Summary (streaming) ===
Final bar: 10.673 (keep top 10% of finishers' minima) | seats 16 | launched 19/32 | events: 244663
Traces: finished 3 | stopped 1 | truncated 0 | abandoned 15
Graduation probes: 424 fired (8432 probe tokens) | graduated early: 3
Loop guard: 0 loops caught and ended (no ballots cast)
Valid answers for voting: 3
Final answer: 4   | ground truth: 4
Total tokens generated (traces + probes, incl. discarded): 262420 (of which probes: 8432)
Total time: 159.74s

=== Voting Results Summary ===
  majority: 4 [3 votes]
  mean_confidence_weighted: 4 (conf: 13.395) [3 votes]
  tail_confidence_weighted: 4 (conf: 13.980) [3 votes]
  bottom_window_weighted: 4 (conf: 10.944) [3 votes]
  min_window_weighted: 4 (conf: 10.209) [3 votes]
  top10_tail_filtered: 4 (conf: 15.647) [1 votes]
  top10_bottom_window_filtered: 4 (conf: 11.406) [1 votes]

=== Detailed Voting Results ===
----------------------------------------------------------------------
Method                        Answer      Votes  Confidence  Correct
----------------------------------------------------------------------
majority                      4           3      -           ✓
mean_confidence_weighted      4           3      13.395      ✓
tail_confidence_weighted      4           3      13.980      ✓
bottom_window_weighted        4           3      10.944      ✓
min_window_weighted           4           3      10.209      ✓
top10_tail_filtered           4           1      15.647      ✓
top10_bottom_window_filtered  4           1      11.406      ✓
Q9 done | gt=4 | majority:✓, mean_confidence_weighted:✓, tail_confidence_weighted:✓, bottom_window_weighted:✓, min_window_weighted:✓, top10_tail_filtered:✓, top10_bottom_window_filtered:✓
Saved to /results/math500_w256_p512/peerconf_out/math500_q9_bar_cs_loopc.pkl

============================================================
### Q10  (5 min into the sweep)
============================================================
Q10: What is the least positive integer multiple of 30 that can be written with only ...
Ground truth: 2220

Run start: 16 seats (cap 32), streaming (report every 1 tokens) | wave 1 line-free; replacements face the self-calibrating bar (keep top 10%, arms at 1 finishers, updates per finisher) | probes every 512 (graduate at 0.95) | loop guard ON (cut) | close: landslide (95%) OR certificate
Trace 10: GRADUATED at 2048 tokens — conf 0.999, answer 2220
Trace 10: finished EARLY at 2081 tokens (graduation probe) | answer=2220
Bar ARMED at 12.249 (1 finishers calibrating, keep top 10%)
Trace 16: seated (replacing 10) | bar 12.249
Trace 3: GRADUATED at 2048 tokens — conf 1.000, answer 2220
Trace 3: finished EARLY at 2083 tokens (graduation probe) | answer=2220
Trace 17: seated (replacing 3) | bar 13.012
Trace 8: GRADUATED at 2560 tokens — conf 1.000, answer 2220
Trace 8: finished EARLY at 2571 tokens (graduation probe) | answer=2220
Consensus after 3 finishers: '2220' holds 100% — killing 15 in-flight streams, no new launches

Basic voting candidates: 3
Sample voting answers: ['2220', '2220', '2220']

=== PeerConf Summary (streaming) ===
Final bar: 13.026 (keep top 10% of finishers' minima) | seats 16 | launched 18/32 | events: 40022
Traces: finished 3 | stopped 0 | truncated 0 | abandoned 15
Graduation probes: 17 fired (301 probe tokens) | graduated early: 3
Loop guard: 0 loops caught and ended (no ballots cast)
Valid answers for voting: 3
Final answer: 2220   | ground truth: 2220
Total tokens generated (traces + probes, incl. discarded): 41336 (of which probes: 301)
Total time: 21.36s

=== Voting Results Summary ===
  majority: 2220 [3 votes]
  mean_confidence_weighted: 2220 (conf: 14.411) [3 votes]
  tail_confidence_weighted: 2220 (conf: 15.041) [3 votes]
  bottom_window_weighted: 2220 (conf: 13.072) [3 votes]
  min_window_weighted: 2220 (conf: 12.696) [3 votes]
  top10_tail_filtered: 2220 (conf: 15.570) [1 votes]
  top10_bottom_window_filtered: 2220 (conf: 13.415) [1 votes]

=== Detailed Voting Results ===
----------------------------------------------------------------------
Method                        Answer      Votes  Confidence  Correct
----------------------------------------------------------------------
majority                      2220        3      -           ✓
mean_confidence_weighted      2220        3      14.411      ✓
tail_confidence_weighted      2220        3      15.041      ✓
bottom_window_weighted        2220        3      13.072      ✓
min_window_weighted           2220        3      12.696      ✓
top10_tail_filtered           2220        1      15.570      ✓
top10_bottom_window_filtered  2220        1      13.415      ✓
Q10 done | gt=2220 | majority:✓, mean_confidence_weighted:✓, tail_confidence_weighted:✓, bottom_window_weighted:✓, min_window_weighted:✓, top10_tail_filtered:✓, top10_bottom_window_filtered:✓
Saved to /results/math500_w256_p512/peerconf_out/math500_q10_bar_cs_loopc.pkl

============================================================
### Q11  (5 min into the sweep)
============================================================
Q11: Let $p(x)$ be a polynomial of degree 5 such that
\[p(n) = \frac{n}{n^2 - 1}\]for...
Ground truth: \frac{3}{56}

Run start: 16 seats (cap 32), streaming (report every 1 tokens) | wave 1 line-free; replacements face the self-calibrating bar (keep top 10%, arms at 1 finishers, updates per finisher) | probes every 512 (graduate at 0.95) | loop guard ON (cut) | close: landslide (95%) OR certificate
Trace 8: GRADUATED at 4608 tokens — conf 1.000, answer \dfrac{3}{56}
Trace 8: finished EARLY at 4622 tokens (graduation probe) | answer=\dfrac{3}{56}
Bar ARMED at 12.640 (1 finishers calibrating, keep top 10%)
Trace 16: seated (replacing 8) | bar 12.640
Trace 11: GRADUATED at 4608 tokens — conf 1.000, answer \dfrac{3}{56}
Trace 11: finished EARLY at 4623 tokens (graduation probe) | answer=\dfrac{3}{56}
Trace 17: seated (replacing 11) | bar 13.249
Trace 0: GRADUATED at 4608 tokens — conf 1.000, answer \dfrac{3}{56}
Trace 0: finished EARLY at 4634 tokens (graduation probe) | answer=\dfrac{3}{56}
Consensus after 3 finishers: '\dfrac{3}{56}' holds 100% — killing 15 in-flight streams, no new launches

Basic voting candidates: 3
Sample voting answers: ['\\dfrac{3}{56}', '\\dfrac{3}{56}', '\\dfrac{3}{56}']

=== PeerConf Summary (streaming) ===
Final bar: 13.303 (keep top 10% of finishers' minima) | seats 16 | launched 18/32 | events: 70519
Traces: finished 3 | stopped 0 | truncated 0 | abandoned 15
Graduation probes: 92 fired (1782 probe tokens) | graduated early: 3
Loop guard: 0 loops caught and ended (no ballots cast)
Valid answers for voting: 3
Final answer: \dfrac{3}{56}   | ground truth: \frac{3}{56}
Total tokens generated (traces + probes, incl. discarded): 75860 (of which probes: 1782)
Total time: 39.04s

=== Voting Results Summary ===
  majority: \dfrac{3}{56} [3 votes]
  mean_confidence_weighted: \dfrac{3}{56} (conf: 16.636) [3 votes]
  tail_confidence_weighted: \dfrac{3}{56} (conf: 17.785) [3 votes]
  bottom_window_weighted: \dfrac{3}{56} (conf: 13.845) [3 votes]
  min_window_weighted: \dfrac{3}{56} (conf: 13.067) [3 votes]
  top10_tail_filtered: \dfrac{3}{56} (conf: 18.840) [1 votes]
  top10_bottom_window_filtered: \dfrac{3}{56} (conf: 14.082) [1 votes]

=== Detailed Voting Results ===
----------------------------------------------------------------------
Method                        Answer      Votes  Confidence  Correct
----------------------------------------------------------------------
majority                      \dfrac{3}{56}3      -           ✓
mean_confidence_weighted      \dfrac{3}{56}3      16.636      ✓
tail_confidence_weighted      \dfrac{3}{56}3      17.785      ✓
bottom_window_weighted        \dfrac{3}{56}3      13.845      ✓
min_window_weighted           \dfrac{3}{56}3      13.067      ✓
top10_tail_filtered           \dfrac{3}{56}1      18.840      ✓
top10_bottom_window_filtered  \dfrac{3}{56}1      14.082      ✓
Q11 done | gt=\frac{3}{56} | majority:✓, mean_confidence_weighted:✓, tail_confidence_weighted:✓, bottom_window_weighted:✓, min_window_weighted:✓, top10_tail_filtered:✓, top10_bottom_window_filtered:✓
Saved to /results/math500_w256_p512/peerconf_out/math500_q11_bar_cs_loopc.pkl

============================================================
### Q12  (6 min into the sweep)
============================================================
Q12: The proper divisors of 12 are 1, 2, 3, 4 and 6. A proper divisor of an integer $...
Ground truth: 284

Run start: 16 seats (cap 32), streaming (report every 1 tokens) | wave 1 line-free; replacements face the self-calibrating bar (keep top 10%, arms at 1 finishers, updates per finisher) | probes every 512 (graduate at 0.95) | loop guard ON (cut) | close: landslide (95%) OR certificate
Trace 1: GRADUATED at 2048 tokens — conf 1.000, answer 284
Trace 1: finished EARLY at 2057 tokens (graduation probe) | answer=284
Bar ARMED at 15.473 (1 finishers calibrating, keep top 10%)
Trace 16: seated (replacing 1) | bar 15.473
Trace 4: GRADUATED at 2048 tokens — conf 1.000, answer 284
Trace 4: finished EARLY at 2059 tokens (graduation probe) | answer=284
Trace 17: seated (replacing 4) | bar 15.266
Trace 3: GRADUATED at 2048 tokens — conf 0.998, answer 284
Trace 3: finished EARLY at 2062 tokens (graduation probe) | answer=284
Consensus after 3 finishers: '284' holds 100% — killing 15 in-flight streams, no new launches

Basic voting candidates: 3
Sample voting answers: ['284', '284', '284']

=== PeerConf Summary (streaming) ===
Final bar: 15.095 (keep top 10% of finishers' minima) | seats 16 | launched 18/32 | events: 31594
Traces: finished 3 | stopped 0 | truncated 0 | abandoned 15
Graduation probes: 10 fired (130 probe tokens) | graduated early: 3
Loop guard: 0 loops caught and ended (no ballots cast)
Valid answers for voting: 3
Final answer: 284   | ground truth: 284
Total tokens generated (traces + probes, incl. discarded): 33075 (of which probes: 130)
Total time: 16.49s

=== Voting Results Summary ===
  majority: 284 [3 votes]
  mean_confidence_weighted: 284 (conf: 16.531) [3 votes]
  tail_confidence_weighted: 284 (conf: 15.334) [3 votes]
  bottom_window_weighted: 284 (conf: 14.590) [3 votes]
  min_window_weighted: 284 (conf: 14.153) [3 votes]
  top10_tail_filtered: 284 (conf: 16.354) [1 votes]
  top10_bottom_window_filtered: 284 (conf: 15.990) [1 votes]

=== Detailed Voting Results ===
----------------------------------------------------------------------
Method                        Answer      Votes  Confidence  Correct
----------------------------------------------------------------------
majority                      284         3      -           ✓
mean_confidence_weighted      284         3      16.531      ✓
tail_confidence_weighted      284         3      15.334      ✓
bottom_window_weighted        284         3      14.590      ✓
min_window_weighted           284         3      14.153      ✓
top10_tail_filtered           284         1      16.354      ✓
top10_bottom_window_filtered  284         1      15.990      ✓
Q12 done | gt=284 | majority:✓, mean_confidence_weighted:✓, tail_confidence_weighted:✓, bottom_window_weighted:✓, min_window_weighted:✓, top10_tail_filtered:✓, top10_bottom_window_filtered:✓
Saved to /results/math500_w256_p512/peerconf_out/math500_q12_bar_cs_loopc.pkl

============================================================
### Q13  (6 min into the sweep)
============================================================
Q13: The volume of the cylinder shown is $45\pi$ cubic cm. What is the height in cent...
Ground truth: 5

Run start: 16 seats (cap 32), streaming (report every 1 tokens) | wave 1 line-free; replacements face the self-calibrating bar (keep top 10%, arms at 1 finishers, updates per finisher) | probes every 512 (graduate at 0.95) | loop guard ON (cut) | close: landslide (95%) OR certificate
Trace 8: finished at 610 tokens | answer=5
Bar ARMED at 14.476 (1 finishers calibrating, keep top 10%)
Trace 16: seated (replacing 8) | bar 14.476
Trace 0: finished at 620 tokens | answer=5
Trace 17: seated (replacing 0) | bar 14.292
Trace 4: finished at 648 tokens | answer=5
Consensus after 3 finishers: '5' holds 100% — killing 15 in-flight streams, no new launches

Basic voting candidates: 3
Sample voting answers: ['5', '5', '5']

=== PeerConf Summary (streaming) ===
Final bar: 14.204 (keep top 10% of finishers' minima) | seats 16 | launched 18/32 | events: 10202
Traces: finished 3 | stopped 0 | truncated 0 | abandoned 15
Graduation probes: 0 fired (0 probe tokens) | graduated early: 0
Loop guard: 0 loops caught and ended (no ballots cast)
Valid answers for voting: 3
Final answer: 5   | ground truth: 5
Total tokens generated (traces + probes, incl. discarded): 10289
Total time: 4.98s

=== Voting Results Summary ===
  majority: 5 [3 votes]
  mean_confidence_weighted: 5 (conf: 14.659) [3 votes]
  tail_confidence_weighted: 5 (conf: 16.423) [3 votes]
  bottom_window_weighted: 5 (conf: 13.486) [3 votes]
  min_window_weighted: 5 (conf: 13.410) [3 votes]
  top10_tail_filtered: 5 (conf: 17.633) [1 votes]
  top10_bottom_window_filtered: 5 (conf: 14.536) [1 votes]

=== Detailed Voting Results ===
----------------------------------------------------------------------
Method                        Answer      Votes  Confidence  Correct
----------------------------------------------------------------------
majority                      5           3      -           ✓
mean_confidence_weighted      5           3      14.659      ✓
tail_confidence_weighted      5           3      16.423      ✓
bottom_window_weighted        5           3      13.486      ✓
min_window_weighted           5           3      13.410      ✓
top10_tail_filtered           5           1      17.633      ✓
top10_bottom_window_filtered  5           1      14.536      ✓
Q13 done | gt=5 | majority:✓, mean_confidence_weighted:✓, tail_confidence_weighted:✓, bottom_window_weighted:✓, min_window_weighted:✓, top10_tail_filtered:✓, top10_bottom_window_filtered:✓
Saved to /results/math500_w256_p512/peerconf_out/math500_q13_bar_cs_loopc.pkl

============================================================
### Q14  (6 min into the sweep)
============================================================
Q14: Suppose $\sin D = 0.7$ in the diagram below. What is $DE$? [asy]
pair D,E,F;
F =...
Ground truth: \sqrt{51}

Run start: 16 seats (cap 32), streaming (report every 1 tokens) | wave 1 line-free; replacements face the self-calibrating bar (keep top 10%, arms at 1 finishers, updates per finisher) | probes every 512 (graduate at 0.95) | loop guard ON (cut) | close: landslide (95%) OR certificate
Trace 1: GRADUATED at 2048 tokens — conf 1.000, answer \sqrt{51}
Trace 1: finished EARLY at 2060 tokens (graduation probe) | answer=\sqrt{51}
Bar ARMED at 10.921 (1 finishers calibrating, keep top 10%)
Trace 16: seated (replacing 1) | bar 10.921
Trace 4: GRADUATED at 2048 tokens — conf 0.996, answer \sqrt{51}
Trace 4: finished EARLY at 2078 tokens (graduation probe) | answer=\sqrt{51}
Trace 17: seated (replacing 4) | bar 12.059
Trace 5: GRADUATED at 2048 tokens — conf 0.999, answer \sqrt{51}
Trace 5: finished EARLY at 2078 tokens (graduation probe) | answer=\sqrt{51}
Consensus after 3 finishers: '\sqrt{51}' holds 100% — killing 15 in-flight streams, no new launches

Basic voting candidates: 3
Sample voting answers: ['\\sqrt{51}', '\\sqrt{51}', '\\sqrt{51}']

=== PeerConf Summary (streaming) ===
Final bar: 11.933 (keep top 10% of finishers' minima) | seats 16 | launched 18/32 | events: 32244
Traces: finished 3 | stopped 0 | truncated 0 | abandoned 15
Graduation probes: 13 fired (224 probe tokens) | graduated early: 3
Loop guard: 0 loops caught and ended (no ballots cast)
Valid answers for voting: 3
Final answer: \sqrt{51}   | ground truth: \sqrt{51}
Total tokens generated (traces + probes, incl. discarded): 33462 (of which probes: 224)
Total time: 16.77s

=== Voting Results Summary ===
  majority: \sqrt{51} [3 votes]
  mean_confidence_weighted: \sqrt{51} (conf: 13.344) [3 votes]
  tail_confidence_weighted: \sqrt{51} (conf: 12.396) [3 votes]
  bottom_window_weighted: \sqrt{51} (conf: 11.560) [3 votes]
  min_window_weighted: \sqrt{51} (conf: 11.167) [3 votes]
  top10_tail_filtered: \sqrt{51} (conf: 13.540) [1 votes]
  top10_bottom_window_filtered: \sqrt{51} (conf: 12.714) [1 votes]

=== Detailed Voting Results ===
----------------------------------------------------------------------
Method                        Answer      Votes  Confidence  Correct
----------------------------------------------------------------------
majority                      \sqrt{51}   3      -           ✓
mean_confidence_weighted      \sqrt{51}   3      13.344      ✓
tail_confidence_weighted      \sqrt{51}   3      12.396      ✓
bottom_window_weighted        \sqrt{51}   3      11.560      ✓
min_window_weighted           \sqrt{51}   3      11.167      ✓
top10_tail_filtered           \sqrt{51}   1      13.540      ✓
top10_bottom_window_filtered  \sqrt{51}   1      12.714      ✓
Q14 done | gt=\sqrt{51} | majority:✓, mean_confidence_weighted:✓, tail_confidence_weighted:✓, bottom_window_weighted:✓, min_window_weighted:✓, top10_tail_filtered:✓, top10_bottom_window_filtered:✓
Saved to /results/math500_w256_p512/peerconf_out/math500_q14_bar_cs_loopc.pkl

============================================================
### Q15  (6 min into the sweep)
============================================================
Q15: Let $z = 2 + \sqrt{2} - (3 + 3 \sqrt{2})i$, and let $c = 2 - 3i$.  Let $w$ be th...
Ground truth: 6 - 5i

Run start: 16 seats (cap 32), streaming (report every 1 tokens) | wave 1 line-free; replacements face the self-calibrating bar (keep top 10%, arms at 1 finishers, updates per finisher) | probes every 512 (graduate at 0.95) | loop guard ON (cut) | close: landslide (95%) OR certificate
Trace 1: GRADUATED at 2048 tokens — conf 1.000, answer 6 - 5i
Trace 1: finished EARLY at 2060 tokens (graduation probe) | answer=6 - 5i
Bar ARMED at 13.122 (1 finishers calibrating, keep top 10%)
Trace 16: seated (replacing 1) | bar 13.122
Trace 3: GRADUATED at 2048 tokens — conf 1.000, answer 6 - 5i
Trace 3: finished EARLY at 2060 tokens (graduation probe) | answer=6 - 5i
Trace 17: seated (replacing 3) | bar 14.224
Trace 2: GRADUATED at 2048 tokens — conf 1.000, answer 6 - 5i
Trace 2: finished EARLY at 2066 tokens (graduation probe) | answer=6 - 5i
Consensus after 3 finishers: '6 - 5i' holds 100% — killing 15 in-flight streams, no new launches

Basic voting candidates: 3
Sample voting answers: ['6 - 5i', '6 - 5i', '6 - 5i']

=== PeerConf Summary (streaming) ===
Final bar: 14.200 (keep top 10% of finishers' minima) | seats 16 | launched 18/32 | events: 31969
Traces: finished 3 | stopped 0 | truncated 0 | abandoned 15
Graduation probes: 11 fired (124 probe tokens) | graduated early: 3
Loop guard: 0 loops caught and ended (no ballots cast)
Valid answers for voting: 3
Final answer: 6 - 5i   | ground truth: 6 - 5i
Total tokens generated (traces + probes, incl. discarded): 33135 (of which probes: 124)
Total time: 16.72s

=== Voting Results Summary ===
  majority: 6 - 5i [3 votes]
  mean_confidence_weighted: 6 - 5i (conf: 16.927) [3 votes]
  tail_confidence_weighted: 6 - 5i (conf: 16.108) [3 votes]
  bottom_window_weighted: 6 - 5i (conf: 14.375) [3 votes]
  min_window_weighted: 6 - 5i (conf: 13.695) [3 votes]
  top10_tail_filtered: 6 - 5i (conf: 17.228) [1 votes]
  top10_bottom_window_filtered: 6 - 5i (conf: 15.090) [1 votes]

=== Detailed Voting Results ===
----------------------------------------------------------------------
Method                        Answer      Votes  Confidence  Correct
----------------------------------------------------------------------
majority                      6 - 5i      3      -           ✓
mean_confidence_weighted      6 - 5i      3      16.927      ✓
tail_confidence_weighted      6 - 5i      3      16.108      ✓
bottom_window_weighted        6 - 5i      3      14.375      ✓
min_window_weighted           6 - 5i      3      13.695      ✓
top10_tail_filtered           6 - 5i      1      17.228      ✓
top10_bottom_window_filtered  6 - 5i      1      15.090      ✓
Q15 done | gt=6 - 5i | majority:✓, mean_confidence_weighted:✓, tail_confidence_weighted:✓, bottom_window_weighted:✓, min_window_weighted:✓, top10_tail_filtered:✓, top10_bottom_window_filtered:✓
Saved to /results/math500_w256_p512/peerconf_out/math500_q15_bar_cs_loopc.pkl

============================================================
### Q16  (7 min into the sweep)
============================================================
Q16: Compute: $1-2+3-4+5- \dots +99-100$....
Ground truth: -50

Run start: 16 seats (cap 32), streaming (report every 1 tokens) | wave 1 line-free; replacements face the self-calibrating bar (keep top 10%, arms at 1 finishers, updates per finisher) | probes every 512 (graduate at 0.95) | loop guard ON (cut) | close: landslide (95%) OR certificate
Trace 6: finished at 2027 tokens | answer=-50
Bar ARMED at 13.723 (1 finishers calibrating, keep top 10%)
Trace 16: seated (replacing 6) | bar 13.723
Trace 0: GRADUATED at 2048 tokens — conf 1.000, answer -50
Trace 0: finished EARLY at 2056 tokens (graduation probe) | answer=-50
Trace 17: seated (replacing 0) | bar 13.681
Trace 1: GRADUATED at 2048 tokens — conf 1.000, answer -50
Trace 2: GRADUATED at 2048 tokens — conf 1.000, answer -50
Trace 1: finished EARLY at 2058 tokens (graduation probe) | answer=-50
Consensus after 3 finishers: '-50' holds 100% — killing 15 in-flight streams, no new launches

Basic voting candidates: 3
Sample voting answers: ['-50', '-50', '-50']

=== PeerConf Summary (streaming) ===
Final bar: 13.856 (keep top 10% of finishers' minima) | seats 16 | launched 18/32 | events: 31831
Traces: finished 3 | stopped 0 | truncated 0 | abandoned 15
Graduation probes: 9 fired (51 probe tokens) | graduated early: 2
Loop guard: 0 loops caught and ended (no ballots cast)
Valid answers for voting: 3
Final answer: -50   | ground truth: -50
Total tokens generated (traces + probes, incl. discarded): 32902 (of which probes: 51)
Total time: 16.35s

=== Voting Results Summary ===
  majority: -50 [3 votes]
  mean_confidence_weighted: -50 (conf: 15.487) [3 votes]
  tail_confidence_weighted: -50 (conf: 15.799) [3 votes]
  bottom_window_weighted: -50 (conf: 13.962) [3 votes]
  min_window_weighted: -50 (conf: 13.638) [3 votes]
  top10_tail_filtered: -50 (conf: 16.790) [1 votes]
  top10_bottom_window_filtered: -50 (conf: 14.142) [1 votes]

=== Detailed Voting Results ===
----------------------------------------------------------------------
Method                        Answer      Votes  Confidence  Correct
----------------------------------------------------------------------
majority                      -50         3      -           ✓
mean_confidence_weighted      -50         3      15.487      ✓
tail_confidence_weighted      -50         3      15.799      ✓
bottom_window_weighted        -50         3      13.962      ✓
min_window_weighted           -50         3      13.638      ✓
top10_tail_filtered           -50         1      16.790      ✓
top10_bottom_window_filtered  -50         1      14.142      ✓
Q16 done | gt=-50 | majority:✓, mean_confidence_weighted:✓, tail_confidence_weighted:✓, bottom_window_weighted:✓, min_window_weighted:✓, top10_tail_filtered:✓, top10_bottom_window_filtered:✓
Saved to /results/math500_w256_p512/peerconf_out/math500_q16_bar_cs_loopc.pkl

============================================================
### Q17  (7 min into the sweep)
============================================================
Q17: Below is the graph of $y = a \sin (bx + c) + d$ for some positive constants $a,$...
Ground truth: \pi

Run start: 16 seats (cap 32), streaming (report every 1 tokens) | wave 1 line-free; replacements face the self-calibrating bar (keep top 10%, arms at 1 finishers, updates per finisher) | probes every 512 (graduate at 0.95) | loop guard ON (cut) | close: landslide (95%) OR certificate
Trace 1: GRADUATED at 3072 tokens — conf 0.993, answer \pi
Trace 1: finished EARLY at 3089 tokens (graduation probe) | answer=\pi
Bar ARMED at 10.682 (1 finishers calibrating, keep top 10%)
Trace 16: seated (replacing 1) | bar 10.682
Trace 8: GRADUATED at 3072 tokens — conf 0.998, answer \pi
Trace 8: finished EARLY at 3098 tokens (graduation probe) | answer=\pi
Trace 17: seated (replacing 8) | bar 11.481
Trace 5: GRADUATED at 3072 tokens — conf 0.995, answer \pi
Trace 5: finished EARLY at 3107 tokens (graduation probe) | answer=\pi
Consensus after 3 finishers: '\pi' holds 100% — killing 15 in-flight streams, no new launches

Basic voting candidates: 3
Sample voting answers: ['\\pi', '\\pi', '\\pi']

=== PeerConf Summary (streaming) ===
Final bar: 11.544 (keep top 10% of finishers' minima) | seats 16 | launched 18/32 | events: 47557
Traces: finished 3 | stopped 0 | truncated 0 | abandoned 15
Graduation probes: 45 fired (847 probe tokens) | graduated early: 3
Loop guard: 0 loops caught and ended (no ballots cast)
Valid answers for voting: 3
Final answer: \pi   | ground truth: \pi
Total tokens generated (traces + probes, incl. discarded): 50512 (of which probes: 847)
Total time: 25.38s

=== Voting Results Summary ===
  majority: \pi [3 votes]
  mean_confidence_weighted: \pi (conf: 12.875) [3 votes]
  tail_confidence_weighted: \pi (conf: 13.057) [3 votes]
  bottom_window_weighted: \pi (conf: 11.524) [3 votes]
  min_window_weighted: \pi (conf: 11.230) [3 votes]
  top10_tail_filtered: \pi (conf: 14.097) [1 votes]
  top10_bottom_window_filtered: \pi (conf: 11.994) [1 votes]

=== Detailed Voting Results ===
----------------------------------------------------------------------
Method                        Answer      Votes  Confidence  Correct
----------------------------------------------------------------------
majority                      \pi         3      -           ✓
mean_confidence_weighted      \pi         3      12.875      ✓
tail_confidence_weighted      \pi         3      13.057      ✓
bottom_window_weighted        \pi         3      11.524      ✓
min_window_weighted           \pi         3      11.230      ✓
top10_tail_filtered           \pi         1      14.097      ✓
top10_bottom_window_filtered  \pi         1      11.994      ✓
Q17 done | gt=\pi | majority:✓, mean_confidence_weighted:✓, tail_confidence_weighted:✓, bottom_window_weighted:✓, min_window_weighted:✓, top10_tail_filtered:✓, top10_bottom_window_filtered:✓
Saved to /results/math500_w256_p512/peerconf_out/math500_q17_bar_cs_loopc.pkl

============================================================
### Q18  (7 min into the sweep)
============================================================
Q18: $\overline{BC}$ is parallel to the segment through $A$, and $AB = BC$. What is t...
Ground truth: 28

Run start: 16 seats (cap 32), streaming (report every 1 tokens) | wave 1 line-free; replacements face the self-calibrating bar (keep top 10%, arms at 1 finishers, updates per finisher) | probes every 512 (graduate at 0.95) | loop guard ON (cut) | close: landslide (95%) OR certificate
Trace 5: GRADUATED at 3072 tokens — conf 0.990, answer 28
Trace 5: finished EARLY at 3087 tokens (graduation probe) | answer=28
Bar ARMED at 12.526 (1 finishers calibrating, keep top 10%)
Trace 16: seated (replacing 5) | bar 12.526
Trace 16: cut at the bar 12.526 (its low 12.526, 1217 tokens)
Trace 17: seated (replacing 16) | bar 12.526
Trace 17: cut at the bar 12.526 (its low 12.515, 507 tokens)
Trace 18: seated (replacing 17) | bar 12.526
Trace 18: cut at the bar 12.526 (its low 12.519, 722 tokens)
Trace 19: seated (replacing 18) | bar 12.526
Trace 4: GRADUATED at 5632 tokens — conf 0.973, answer 124
Trace 4: finished EARLY at 5647 tokens (graduation probe) | answer=124
Trace 20: seated (replacing 4) | bar 12.404
Trace 6: GRADUATED at 6144 tokens — conf 0.960, answer 28
Trace 6: finished EARLY at 6155 tokens (graduation probe) | answer=28
Trace 21: seated (replacing 6) | bar 12.303
Trace 20: cut at the bar 12.303 (its low 12.205, 694 tokens)
Trace 22: seated (replacing 20) | bar 12.303
Trace 21: cut at the bar 12.303 (its low 12.295, 595 tokens)
Trace 23: seated (replacing 21) | bar 12.303
Trace 19: cut at the bar 12.303 (its low 12.290, 1375 tokens)
Trace 24: seated (replacing 19) | bar 12.303
Trace 8: GRADUATED at 7168 tokens — conf 0.998, answer 28
Trace 8: finished EARLY at 7183 tokens (graduation probe) | answer=28
Trace 25: seated (replacing 8) | bar 12.192
Trace 23: cut at the bar 12.192 (its low 12.159, 516 tokens)
Trace 26: seated (replacing 23) | bar 12.192
Trace 22: cut at the bar 12.192 (its low 12.180, 952 tokens)
Trace 27: seated (replacing 22) | bar 12.192
Trace 25: cut at the bar 12.192 (its low 12.143, 895 tokens)
Trace 28: seated (replacing 25) | bar 12.192
Trace 24: cut at the bar 12.192 (its low 12.181, 1202 tokens)
Trace 29: seated (replacing 24) | bar 12.192
Trace 10: GRADUATED at 8192 tokens — conf 0.954, answer 28
Trace 10: finished EARLY at 8206 tokens (graduation probe) | answer=28
Trace 30: seated (replacing 10) | bar 12.082
Trace 26: cut at the bar 12.082 (its low 12.061, 1197 tokens)
Trace 31: seated (replacing 26) | bar 12.082
Trace 30: cut at the bar 12.082 (its low 11.838, 635 tokens)
Trace 28: cut at the bar 12.082 (its low 12.060, 961 tokens)
Trace 29: cut at the bar 12.082 (its low 12.056, 1001 tokens)
Trace 2: GRADUATED at 9216 tokens — conf 0.998, answer 28
Trace 2: finished EARLY at 9225 tokens (graduation probe) | answer=28
Trace 31: cut at the bar 11.971 (its low 11.955, 846 tokens)
Trace 27: cut at the bar 11.971 (its low 11.934, 2286 tokens)
Trace 11: GRADUATED at 10752 tokens — conf 0.999, answer 124
Trace 11: finished EARLY at 10762 tokens (graduation probe) | answer=124
Trace 13: GRADUATED at 11264 tokens — conf 0.998, answer 28
Trace 13: finished EARLY at 11272 tokens (graduation probe) | answer=28
Trace 3: GRADUATED at 11776 tokens — conf 0.986, answer 28
Trace 3: finished EARLY at 11787 tokens (graduation probe) | answer=28
Trace 7: GRADUATED at 12288 tokens — conf 0.998, answer 56
Trace 7: finished EARLY at 12297 tokens (graduation probe) | answer=56
Trace 14: GRADUATED at 12814 tokens — conf 0.998, answer 28
Trace 14: finished EARLY at 12823 tokens (graduation probe) | answer=28
CERTIFICATE: '28' cannot be caught (margin exceeds all 5 outstanding) — run over

Basic voting candidates: 11
Sample voting answers: ['28', '28', '124', '28', '28', '56', '28', '28']

=== PeerConf Summary (streaming) ===
Final bar: 11.999 (keep top 10% of finishers' minima) | seats 16 | launched 32/32 | events: 165415
Traces: finished 11 | stopped 16 | truncated 0 | abandoned 5
Graduation probes: 269 fired (2477 probe tokens) | graduated early: 11
Loop guard: 0 loops caught and ended (no ballots cast)
Valid answers for voting: 11
Final answer: 28   | ground truth: 28
Total tokens generated (traces + probes, incl. discarded): 180666 (of which probes: 2477)
Total time: 114.71s

=== Voting Results Summary ===
  majority: 28 [11 votes]
  mean_confidence_weighted: 28 (conf: 13.943) [11 votes]
  tail_confidence_weighted: 28 (conf: 15.286) [11 votes]
  bottom_window_weighted: 28 (conf: 11.951) [11 votes]
  min_window_weighted: 28 (conf: 11.372) [11 votes]
  top10_tail_filtered: 28 (conf: 18.274) [2 votes]
  top10_bottom_window_filtered: 28 (conf: 12.574) [2 votes]

=== Detailed Voting Results ===
----------------------------------------------------------------------
Method                        Answer      Votes  Confidence  Correct
----------------------------------------------------------------------
majority                      28          11     -           ✓
mean_confidence_weighted      28          11     13.943      ✓
tail_confidence_weighted      28          11     15.286      ✓
bottom_window_weighted        28          11     11.951      ✓
min_window_weighted           28          11     11.372      ✓
top10_tail_filtered           28          2      18.274      ✓
top10_bottom_window_filtered  28          2      12.574      ✓
Q18 done | gt=28 | majority:✓, mean_confidence_weighted:✓, tail_confidence_weighted:✓, bottom_window_weighted:✓, min_window_weighted:✓, top10_tail_filtered:✓, top10_bottom_window_filtered:✓
Saved to /results/math500_w256_p512/peerconf_out/math500_q18_bar_cs_loopc.pkl

============================================================
### Q19  (9 min into the sweep)
============================================================
Q19: Let $a$ be a positive real number such that all the roots of
\[x^3 + ax^2 + ax +...
Ground truth: 3

Run start: 16 seats (cap 32), streaming (report every 1 tokens) | wave 1 line-free; replacements face the self-calibrating bar (keep top 10%, arms at 1 finishers, updates per finisher) | probes every 512 (graduate at 0.95) | loop guard ON (cut) | close: landslide (95%) OR certificate
Trace 3: GRADUATED at 2048 tokens — conf 1.000, answer 3
Trace 3: finished EARLY at 2055 tokens (graduation probe) | answer=3
Bar ARMED at 14.498 (1 finishers calibrating, keep top 10%)
Trace 16: seated (replacing 3) | bar 14.498
Trace 5: GRADUATED at 2048 tokens — conf 1.000, answer 3
Trace 5: finished EARLY at 2063 tokens (graduation probe) | answer=3
Trace 17: seated (replacing 5) | bar 14.423
Trace 1: GRADUATED at 2048 tokens — conf 1.000, answer 3
Trace 1: finished EARLY at 2067 tokens (graduation probe) | answer=3
Consensus after 3 finishers: '3' holds 100% — killing 15 in-flight streams, no new launches

Basic voting candidates: 3
Sample voting answers: ['3', '3', '3']

=== PeerConf Summary (streaming) ===
Final bar: 14.348 (keep top 10% of finishers' minima) | seats 16 | launched 18/32 | events: 31267
Traces: finished 3 | stopped 0 | truncated 0 | abandoned 15
Graduation probes: 9 fired (133 probe tokens) | graduated early: 3
Loop guard: 0 loops caught and ended (no ballots cast)
Valid answers for voting: 3
Final answer: 3   | ground truth: 3
Total tokens generated (traces + probes, incl. discarded): 33151 (of which probes: 133)
Total time: 16.75s

=== Voting Results Summary ===
  majority: 3 [3 votes]
  mean_confidence_weighted: 3 (conf: 16.095) [3 votes]
  tail_confidence_weighted: 3 (conf: 14.804) [3 votes]
  bottom_window_weighted: 3 (conf: 14.209) [3 votes]
  min_window_weighted: 3 (conf: 13.723) [3 votes]
  top10_tail_filtered: 3 (conf: 15.199) [1 votes]
  top10_bottom_window_filtered: 3 (conf: 14.821) [1 votes]

=== Detailed Voting Results ===
----------------------------------------------------------------------
Method                        Answer      Votes  Confidence  Correct
----------------------------------------------------------------------
majority                      3           3      -           ✓
mean_confidence_weighted      3           3      16.095      ✓
tail_confidence_weighted      3           3      14.804      ✓
bottom_window_weighted        3           3      14.209      ✓
min_window_weighted           3           3      13.723      ✓
top10_tail_filtered           3           1      15.199      ✓
top10_bottom_window_filtered  3           1      14.821      ✓
Q19 done | gt=3 | majority:✓, mean_confidence_weighted:✓, tail_confidence_weighted:✓, bottom_window_weighted:✓, min_window_weighted:✓, top10_tail_filtered:✓, top10_bottom_window_filtered:✓
Saved to /results/math500_w256_p512/peerconf_out/math500_q19_bar_cs_loopc.pkl

============================================================
### Q20  (10 min into the sweep)
============================================================
Q20: Evaluate $(1+2i)6-3i$....
Ground truth: 6+9i

Run start: 16 seats (cap 32), streaming (report every 1 tokens) | wave 1 line-free; replacements face the self-calibrating bar (keep top 10%, arms at 1 finishers, updates per finisher) | probes every 512 (graduate at 0.95) | loop guard ON (cut) | close: landslide (95%) OR certificate
Trace 14: finished at 508 tokens | answer=6+9i
Bar ARMED at 14.377 (1 finishers calibrating, keep top 10%)
Trace 16: seated (replacing 14) | bar 14.377
Trace 2: finished at 527 tokens | answer=6+9i
Trace 17: seated (replacing 2) | bar 14.357
Trace 8: finished at 564 tokens | answer=6+9i
Consensus after 3 finishers: '6+9i' holds 100% — killing 15 in-flight streams, no new launches

Basic voting candidates: 3
Sample voting answers: ['6+9i', '6+9i', '6+9i']

=== PeerConf Summary (streaming) ===
Final bar: 14.495 (keep top 10% of finishers' minima) | seats 16 | launched 18/32 | events: 8972
Traces: finished 3 | stopped 0 | truncated 0 | abandoned 15
Graduation probes: 0 fired (0 probe tokens) | graduated early: 0
Loop guard: 0 loops caught and ended (no ballots cast)
Valid answers for voting: 3
Final answer: 6+9i   | ground truth: 6+9i
Total tokens generated (traces + probes, incl. discarded): 9012
Total time: 4.24s

=== Voting Results Summary ===
  majority: 6+9i [3 votes]
  mean_confidence_weighted: 6+9i (conf: 15.104) [3 votes]
  tail_confidence_weighted: 6+9i (conf: 15.820) [3 votes]
  bottom_window_weighted: 6+9i (conf: 14.411) [3 votes]
  min_window_weighted: 6+9i (conf: 14.358) [3 votes]
  top10_tail_filtered: 6+9i (conf: 15.990) [1 votes]
  top10_bottom_window_filtered: 6+9i (conf: 14.576) [1 votes]

=== Detailed Voting Results ===
----------------------------------------------------------------------
Method                        Answer      Votes  Confidence  Correct
----------------------------------------------------------------------
majority                      6+9i        3      -           ✓
mean_confidence_weighted      6+9i        3      15.104      ✓
tail_confidence_weighted      6+9i        3      15.820      ✓
bottom_window_weighted        6+9i        3      14.411      ✓
min_window_weighted           6+9i        3      14.358      ✓
top10_tail_filtered           6+9i        1      15.990      ✓
top10_bottom_window_filtered  6+9i        1      14.576      ✓
Q20 done | gt=6+9i | majority:✓, mean_confidence_weighted:✓, tail_confidence_weighted:✓, bottom_window_weighted:✓, min_window_weighted:✓, top10_tail_filtered:✓, top10_bottom_window_filtered:✓
Saved to /results/math500_w256_p512/peerconf_out/math500_q20_bar_cs_loopc.pkl

============================================================
### Q21  (10 min into the sweep)
============================================================
Q21: Find the greatest integer less than $(\sqrt{7} + \sqrt{5})^6.$  (Do not use a ca...
Ground truth: 13535

Run start: 16 seats (cap 32), streaming (report every 1 tokens) | wave 1 line-free; replacements face the self-calibrating bar (keep top 10%, arms at 1 finishers, updates per finisher) | probes every 512 (graduate at 0.95) | loop guard ON (cut) | close: landslide (95%) OR certificate
Trace 4: GRADUATED at 2048 tokens — conf 0.991, answer 1192
Trace 4: finished EARLY at 2101 tokens (graduation probe) | answer=1192
Bar ARMED at 13.697 (1 finishers calibrating, keep top 10%)
Trace 16: seated (replacing 4) | bar 13.697
Trace 6: GRADUATED at 3072 tokens — conf 1.000, answer 13535
Trace 6: finished EARLY at 3083 tokens (graduation probe) | answer=13535
Trace 17: seated (replacing 6) | bar 14.235
Trace 17: cut at the bar 14.235 (its low 14.210, 256 tokens)
Trace 18: seated (replacing 17) | bar 14.235
Trace 8: GRADUATED at 3584 tokens — conf 1.000, answer 13535
Trace 8: finished EARLY at 3596 tokens (graduation probe) | answer=13535
Trace 19: seated (replacing 8) | bar 14.175
Trace 10: GRADUATED at 3584 tokens — conf 0.999, answer 13535
Trace 10: finished EARLY at 3625 tokens (graduation probe) | answer=13535
Trace 20: seated (replacing 10) | bar 14.293
Trace 16: cut at the bar 14.293 (its low 14.289, 2089 tokens)
Trace 21: seated (replacing 16) | bar 14.293
Trace 9: GRADUATED at 4608 tokens — conf 1.000, answer 13535
Trace 9: finished EARLY at 4620 tokens (graduation probe) | answer=13535
Trace 22: seated (replacing 9) | bar 14.293
Trace 22: cut at the bar 14.293 (its low 14.280, 261 tokens)
Trace 23: seated (replacing 22) | bar 14.293
Trace 21: cut at the bar 14.293 (its low 14.275, 1485 tokens)
Trace 24: seated (replacing 21) | bar 14.293
Trace 13: GRADUATED at 5661 tokens — conf 1.000, answer 13535
Trace 13: finished EARLY at 5732 tokens (graduation probe) | answer=13535
Trace 25: seated (replacing 13) | bar 14.292
Trace 18: cut at the bar 14.292 (its low 14.196, 2460 tokens)
Trace 26: seated (replacing 18) | bar 14.292
Trace 20: cut at the bar 14.292 (its low 14.272, 2297 tokens)
Trace 27: seated (replacing 20) | bar 14.292
Trace 24: cut at the bar 14.292 (its low 14.267, 635 tokens)
Trace 28: seated (replacing 24) | bar 14.292
Trace 23: cut at the bar 14.292 (its low 14.271, 1566 tokens)
Trace 29: seated (replacing 23) | bar 14.292
Trace 26: cut at the bar 14.292 (its low 14.204, 829 tokens)
Trace 30: seated (replacing 26) | bar 14.292
Trace 30: cut at the bar 14.292 (its low 14.275, 267 tokens)
Trace 31: seated (replacing 30) | bar 14.292
Trace 27: cut at the bar 14.292 (its low 14.266, 1150 tokens)
Trace 11: GRADUATED at 7201 tokens — conf 0.998, answer 13535
Trace 11: finished EARLY at 7240 tokens (graduation probe) | answer=13535
Trace 3: GRADUATED at 7203 tokens — conf 1.000, answer 13535
Trace 3: finished EARLY at 7243 tokens (graduation probe) | answer=13535
Trace 28: cut at the bar 14.291 (its low 14.259, 1706 tokens)
Trace 29: cut at the bar 14.291 (its low 14.279, 1795 tokens)
Trace 5: GRADUATED at 8297 tokens — conf 0.999, answer 13535
Trace 5: finished EARLY at 8310 tokens (graduation probe) | answer=13535
Trace 19: GRADUATED at 4659 tokens — conf 0.999, answer 13535
Trace 19: finished EARLY at 4679 tokens (graduation probe) | answer=13535
Trace 12: GRADUATED at 8806 tokens — conf 1.000, answer 13535
Trace 12: finished EARLY at 8822 tokens (graduation probe) | answer=13535
CERTIFICATE: '13535' cannot be caught (margin exceeds all 8 outstanding) — run over

Basic voting candidates: 11
Sample voting answers: ['13535', '1192', '13535', '13535', '13535', '13535', '13535', '13535']

=== PeerConf Summary (streaming) ===
Final bar: 14.295 (keep top 10% of finishers' minima) | seats 16 | launched 32/32 | events: 122581
Traces: finished 11 | stopped 13 | truncated 0 | abandoned 8
Graduation probes: 164 fired (3147 probe tokens) | graduated early: 11
Loop guard: 0 loops caught and ended (no ballots cast)
Valid answers for voting: 11
Final answer: 13535   | ground truth: 13535
Total tokens generated (traces + probes, incl. discarded): 136829 (of which probes: 3147)
Total time: 77.73s

=== Voting Results Summary ===
  majority: 13535 [11 votes]
  mean_confidence_weighted: 13535 (conf: 16.469) [11 votes]
  tail_confidence_weighted: 13535 (conf: 16.546) [11 votes]
  bottom_window_weighted: 13535 (conf: 14.357) [11 votes]
  min_window_weighted: 13535 (conf: 13.623) [11 votes]
  top10_tail_filtered: 13535 (conf: 18.375) [2 votes]
  top10_bottom_window_filtered: 13535 (conf: 14.875) [2 votes]

=== Detailed Voting Results ===
----------------------------------------------------------------------
Method                        Answer      Votes  Confidence  Correct
----------------------------------------------------------------------
majority                      13535       11     -           ✓
mean_confidence_weighted      13535       11     16.469      ✓
tail_confidence_weighted      13535       11     16.546      ✓
bottom_window_weighted        13535       11     14.357      ✓
min_window_weighted           13535       11     13.623      ✓
top10_tail_filtered           13535       2      18.375      ✓
top10_bottom_window_filtered  13535       2      14.875      ✓
Q21 done | gt=13535 | majority:✓, mean_confidence_weighted:✓, tail_confidence_weighted:✓, bottom_window_weighted:✓, min_window_weighted:✓, top10_tail_filtered:✓, top10_bottom_window_filtered:✓
Saved to /results/math500_w256_p512/peerconf_out/math500_q21_bar_cs_loopc.pkl

============================================================
### Q22  (11 min into the sweep)
============================================================
Q22: Denali and Nate work for a dog walking business and are paid for each dog they w...
Ground truth: 5

Run start: 16 seats (cap 32), streaming (report every 1 tokens) | wave 1 line-free; replacements face the self-calibrating bar (keep top 10%, arms at 1 finishers, updates per finisher) | probes every 512 (graduate at 0.95) | loop guard ON (cut) | close: landslide (95%) OR certificate
Trace 8: GRADUATED at 2048 tokens — conf 1.000, answer 5
Trace 8: finished EARLY at 2056 tokens (graduation probe) | answer=5
Bar ARMED at 9.905 (1 finishers calibrating, keep top 10%)
Trace 16: seated (replacing 8) | bar 9.905
Trace 0: GRADUATED at 2048 tokens — conf 1.000, answer 5
Trace 1: GRADUATED at 2048 tokens — conf 1.000, answer 5
Trace 1: finished EARLY at 2055 tokens (graduation probe) | answer=5
Trace 17: seated (replacing 1) | bar 11.776
Trace 0: finished EARLY at 2056 tokens (graduation probe) | answer=5
Consensus after 3 finishers: '5' holds 100% — killing 15 in-flight streams, no new launches

Basic voting candidates: 3
Sample voting answers: ['5', '5', '5']

=== PeerConf Summary (streaming) ===
Final bar: 11.707 (keep top 10% of finishers' minima) | seats 16 | launched 18/32 | events: 31452
Traces: finished 3 | stopped 0 | truncated 0 | abandoned 15
Graduation probes: 11 fired (49 probe tokens) | graduated early: 3
Loop guard: 0 loops caught and ended (no ballots cast)
Valid answers for voting: 3
Final answer: 5   | ground truth: 5
Total tokens generated (traces + probes, incl. discarded): 32871 (of which probes: 49)
Total time: 16.88s

=== Voting Results Summary ===
  majority: 5 [3 votes]
  mean_confidence_weighted: 5 (conf: 13.493) [3 votes]
  tail_confidence_weighted: 5 (conf: 14.146) [3 votes]
  bottom_window_weighted: 5 (conf: 11.235) [3 votes]
  min_window_weighted: 5 (conf: 10.829) [3 votes]
  top10_tail_filtered: 5 (conf: 15.722) [1 votes]
  top10_bottom_window_filtered: 5 (conf: 12.421) [1 votes]

=== Detailed Voting Results ===
----------------------------------------------------------------------
Method                        Answer      Votes  Confidence  Correct
----------------------------------------------------------------------
majority                      5           3      -           ✓
mean_confidence_weighted      5           3      13.493      ✓
tail_confidence_weighted      5           3      14.146      ✓
bottom_window_weighted        5           3      11.235      ✓
min_window_weighted           5           3      10.829      ✓
top10_tail_filtered           5           1      15.722      ✓
top10_bottom_window_filtered  5           1      12.421      ✓
Q22 done | gt=5 | majority:✓, mean_confidence_weighted:✓, tail_confidence_weighted:✓, bottom_window_weighted:✓, min_window_weighted:✓, top10_tail_filtered:✓, top10_bottom_window_filtered:✓
Saved to /results/math500_w256_p512/peerconf_out/math500_q22_bar_cs_loopc.pkl

============================================================
### Q23  (11 min into the sweep)
============================================================
Q23: Find all values of $x$ that satisfy the equation $x = \!\sqrt{11-2x} + 4$....
Ground truth: x=5

Run start: 16 seats (cap 32), streaming (report every 1 tokens) | wave 1 line-free; replacements face the self-calibrating bar (keep top 10%, arms at 1 finishers, updates per finisher) | probes every 512 (graduate at 0.95) | loop guard ON (cut) | close: landslide (95%) OR certificate
Trace 2: GRADUATED at 2048 tokens — conf 1.000, answer 5
Trace 2: finished EARLY at 2055 tokens (graduation probe) | answer=5
Bar ARMED at 13.644 (1 finishers calibrating, keep top 10%)
Trace 16: seated (replacing 2) | bar 13.644
Trace 3: GRADUATED at 2048 tokens — conf 1.000, answer 5
Trace 4: GRADUATED at 2048 tokens — conf 1.000, answer 5
Trace 3: finished EARLY at 2057 tokens (graduation probe) | answer=5
Trace 17: seated (replacing 3) | bar 13.569
Trace 4: finished EARLY at 2056 tokens (graduation probe) | answer=5
Consensus after 3 finishers: '5' holds 100% — killing 15 in-flight streams, no new launches

Basic voting candidates: 3
Sample voting answers: ['5', '5', '5']

=== PeerConf Summary (streaming) ===
Final bar: 13.806 (keep top 10% of finishers' minima) | seats 16 | launched 18/32 | events: 31578
Traces: finished 3 | stopped 0 | truncated 0 | abandoned 15
Graduation probes: 11 fired (75 probe tokens) | graduated early: 3
Loop guard: 0 loops caught and ended (no ballots cast)
Valid answers for voting: 3
Final answer: 5   | ground truth: x=5
Total tokens generated (traces + probes, incl. discarded): 32928 (of which probes: 75)
Total time: 16.44s

=== Voting Results Summary ===
  majority: 5 [3 votes]
  mean_confidence_weighted: 5 (conf: 15.931) [3 votes]
  tail_confidence_weighted: 5 (conf: 15.491) [3 votes]
  bottom_window_weighted: 5 (conf: 13.829) [3 votes]
  min_window_weighted: 5 (conf: 13.462) [3 votes]
  top10_tail_filtered: 5 (conf: 18.109) [1 votes]
  top10_bottom_window_filtered: 5 (conf: 14.380) [1 votes]

=== Detailed Voting Results ===
----------------------------------------------------------------------
Method                        Answer      Votes  Confidence  Correct
----------------------------------------------------------------------
majority                      5           3      -           ✓
mean_confidence_weighted      5           3      15.931      ✓
tail_confidence_weighted      5           3      15.491      ✓
bottom_window_weighted        5           3      13.829      ✓
min_window_weighted           5           3      13.462      ✓
top10_tail_filtered           5           1      18.109      ✓
top10_bottom_window_filtered  5           1      14.380      ✓
Q23 done | gt=x=5 | majority:✓, mean_confidence_weighted:✓, tail_confidence_weighted:✓, bottom_window_weighted:✓, min_window_weighted:✓, top10_tail_filtered:✓, top10_bottom_window_filtered:✓
Saved to /results/math500_w256_p512/peerconf_out/math500_q23_bar_cs_loopc.pkl

============================================================
### Q24  (12 min into the sweep)
============================================================
Q24: A worker receives an annual wage of $\$20{,}000$, which he always deposits into ...
Ground truth: 10

Run start: 16 seats (cap 32), streaming (report every 1 tokens) | wave 1 line-free; replacements face the self-calibrating bar (keep top 10%, arms at 1 finishers, updates per finisher) | probes every 512 (graduate at 0.95) | loop guard ON (cut) | close: landslide (95%) OR certificate
Trace 8: GRADUATED at 2051 tokens — conf 1.000, answer 10
Trace 8: finished EARLY at 2070 tokens (graduation probe) | answer=10
Bar ARMED at 11.812 (1 finishers calibrating, keep top 10%)
Trace 16: seated (replacing 8) | bar 11.812
Trace 11: GRADUATED at 2049 tokens — conf 1.000, answer 10
Trace 11: finished EARLY at 2072 tokens (graduation probe) | answer=10
Trace 17: seated (replacing 11) | bar 12.240
Trace 3: GRADUATED at 2053 tokens — conf 1.000, answer 10
Trace 3: finished EARLY at 2083 tokens (graduation probe) | answer=10
Consensus after 3 finishers: '10' holds 100% — killing 15 in-flight streams, no new launches

Basic voting candidates: 3
Sample voting answers: ['10', '10', '10']

=== PeerConf Summary (streaming) ===
Final bar: 13.301 (keep top 10% of finishers' minima) | seats 16 | launched 18/32 | events: 31527
Traces: finished 3 | stopped 0 | truncated 0 | abandoned 15
Graduation probes: 10 fired (125 probe tokens) | graduated early: 3
Loop guard: 0 loops caught and ended (no ballots cast)
Valid answers for voting: 3
Final answer: 10   | ground truth: 10
Total tokens generated (traces + probes, incl. discarded): 33424 (of which probes: 125)
Total time: 16.62s

=== Voting Results Summary ===
  majority: 10 [3 votes]
  mean_confidence_weighted: 10 (conf: 15.734) [3 votes]
  tail_confidence_weighted: 10 (conf: 15.130) [3 votes]
  bottom_window_weighted: 10 (conf: 12.881) [3 votes]
  min_window_weighted: 10 (conf: 12.551) [3 votes]
  top10_tail_filtered: 10 (conf: 15.724) [1 votes]
  top10_bottom_window_filtered: 10 (conf: 13.909) [1 votes]

=== Detailed Voting Results ===
----------------------------------------------------------------------
Method                        Answer      Votes  Confidence  Correct
----------------------------------------------------------------------
majority                      10          3      -           ✓
mean_confidence_weighted      10          3      15.734      ✓
tail_confidence_weighted      10          3      15.130      ✓
bottom_window_weighted        10          3      12.881      ✓
min_window_weighted           10          3      12.551      ✓
top10_tail_filtered           10          1      15.724      ✓
top10_bottom_window_filtered  10          1      13.909      ✓
Q24 done | gt=10 | majority:✓, mean_confidence_weighted:✓, tail_confidence_weighted:✓, bottom_window_weighted:✓, min_window_weighted:✓, top10_tail_filtered:✓, top10_bottom_window_filtered:✓
Saved to /results/math500_w256_p512/peerconf_out/math500_q24_bar_cs_loopc.pkl

Sweep over: 25 questions requested, 12 min total
