Benchmark: math500 — 500 questions from benchmarks/math500.jsonl, running 25

============================================================
### Q0  (0 min into the sweep)
============================================================
Q0: Convert the point $(0,3)$ in rectangular coordinates to polar coordinates.  Ente...
Ground truth: \left( 3, \frac{\pi}{2} \right)

Warmup: 16 traces, streaming per token
Trace 14 (warmup): finished at 995 tokens | answer=\left(3,\ \dfrac{\pi}{2}\right)
Trace 1 (warmup): finished at 1105 tokens | answer=\left(3,\ \dfrac{\pi}{2}\right)
Trace 10 (warmup): finished at 1117 tokens | answer=\left(3,\ \dfrac{\pi}{2}\right)
Trace 6 (warmup): finished at 1160 tokens | answer=\left(3,\ \dfrac{\pi}{2}\right)
Trace 7 (warmup): finished at 1183 tokens | answer=\left(3,\ \dfrac{\pi}{2}\right)
Trace 5 (warmup): finished at 1337 tokens | answer=\left(3,\ \dfrac{\pi}{2}\right)
Trace 3 (warmup): finished at 1355 tokens | answer=\left(3,\ \dfrac{\pi}{2}\right)
Trace 13 (warmup): finished at 1355 tokens | answer=\left(3,\ \dfrac{\pi}{2}\right)
Trace 2 (warmup): finished at 1381 tokens | answer=\left(3,\ \dfrac{\pi}{2}\right)
Trace 9 (warmup): finished at 1463 tokens | answer=\left(3,\ \dfrac{\pi}{2}\right)
Trace 15 (warmup): finished at 1464 tokens | answer=\left(3,\ \dfrac{\pi}{2}\right)
Trace 4 (warmup): finished at 1490 tokens | answer=\left(3,\ \dfrac{\pi}{2}\right)
Trace 8 (warmup): finished at 1547 tokens | answer=\left(3,\ \dfrac{\pi}{2}\right)
Trace 12 (warmup): finished at 1628 tokens | answer=\left(3,\ \dfrac{\pi}{2}\right)
Trace 11 (warmup): finished at 1832 tokens | answer=\left(3,\ \dfrac{\pi}{2}\right)
Trace 0 (warmup): finished at 2096 tokens | answer=\left(3,\ \dfrac{\pi}{2}\right)

Warmup done: bar frozen at 13.949 (keep top 10% of 16 warmup minima)
Consensus already held at warmup ('\left(3,\ \dfrac{\pi}{2}\right)' at 100%) — online wave skipped

=== DeepConf Summary (online, streaming) ===
Bar: 13.949 (keep top 10%) | warmup 16 | budget 32 | tau 0.95
Traces: finished 16 | stopped 0 | truncated 0 | abandoned 0
Voting pool: 2 (warmup above bar + online finishers)
Total tokens: 22508 | time: 13.51s

----------------------------------------------------------------------
Method                        Answer      Votes  Confidence  Correct
----------------------------------------------------------------------
majority                      \left(3,\ \dfrac{\pi}{2}\right)2      -           ✗
mean_confidence_weighted      \left(3,\ \dfrac{\pi}{2}\right)2      15.470      ✗
tail_confidence_weighted      \left(3,\ \dfrac{\pi}{2}\right)2      16.659      ✗
bottom_window_weighted        \left(3,\ \dfrac{\pi}{2}\right)2      14.372      ✗
min_window_weighted           \left(3,\ \dfrac{\pi}{2}\right)2      14.190      ✗
top10_tail_filtered           \left(3,\ \dfrac{\pi}{2}\right)1      16.862      ✗
top10_bottom_window_filtered  \left(3,\ \dfrac{\pi}{2}\right)1      14.508      ✗
Q0 done | gt=\left( 3, \frac{\pi}{2} \right) | majority:✗, mean_confidence_weighted:✗, tail_confidence_weighted:✗, bottom_window_weighted:✗, min_window_weighted:✗, top10_tail_filtered:✗, top10_bottom_window_filtered:✗
Saved to /results/math500_w256/deepconf_out/math500_q0_deepconf_p10_c95.pkl

============================================================
### Q1  (0 min into the sweep)
============================================================
Q1: Define
\[p = \sum_{k = 1}^\infty \frac{1}{k^2} \quad \text{and} \quad q = \sum_{...
Ground truth: p - q

Warmup: 16 traces, streaming per token
Trace 6 (warmup): finished at 6230 tokens | answer=p - q
Trace 3 (warmup): finished at 6802 tokens | answer=p - q
Trace 1 (warmup): finished at 6838 tokens | answer=p - q
Trace 12 (warmup): finished at 6842 tokens | answer=p - q
Trace 8 (warmup): finished at 7654 tokens | answer=p - q
Trace 0 (warmup): finished at 7906 tokens | answer=p - q
Trace 2 (warmup): finished at 8148 tokens | answer=p - q
Trace 4 (warmup): finished at 8479 tokens | answer=p - q
Trace 15 (warmup): finished at 8576 tokens | answer=p - q
Trace 9 (warmup): finished at 8695 tokens | answer=p - q
Trace 13 (warmup): finished at 9389 tokens | answer=p - q
Trace 10 (warmup): finished at 9907 tokens | answer=p - q
Trace 14 (warmup): finished at 12189 tokens | answer=p - q
Trace 11 (warmup): finished at 12529 tokens | answer=p - q
Trace 5 (warmup): finished at 13203 tokens | answer=p - q
Trace 7 (warmup): finished at 20339 tokens | answer=p - q

Warmup done: bar frozen at 13.127 (keep top 10% of 16 warmup minima)
Consensus already held at warmup ('p - q' at 100%) — online wave skipped

=== DeepConf Summary (online, streaming) ===
Bar: 13.127 (keep top 10%) | warmup 16 | budget 32 | tau 0.95
Traces: finished 16 | stopped 0 | truncated 0 | abandoned 0
Voting pool: 2 (warmup above bar + online finishers)
Total tokens: 153726 | time: 136.96s

----------------------------------------------------------------------
Method                        Answer      Votes  Confidence  Correct
----------------------------------------------------------------------
majority                      p - q       2      -           ✓
mean_confidence_weighted      p - q       2      16.018      ✓
tail_confidence_weighted      p - q       2      18.210      ✓
bottom_window_weighted        p - q       2      14.153      ✓
min_window_weighted           p - q       2      13.328      ✓
top10_tail_filtered           p - q       1      18.365      ✓
top10_bottom_window_filtered  p - q       1      14.424      ✓
Q1 done | gt=p - q | majority:✓, mean_confidence_weighted:✓, tail_confidence_weighted:✓, bottom_window_weighted:✓, min_window_weighted:✓, top10_tail_filtered:✓, top10_bottom_window_filtered:✓
Saved to /results/math500_w256/deepconf_out/math500_q1_deepconf_p10_c95.pkl

============================================================
### Q2  (3 min into the sweep)
============================================================
Q2: If $f(x) = \frac{3x-2}{x-2}$, what is the value of $f(-2) +f(-1)+f(0)$? Express ...
Ground truth: \frac{14}{3}

Warmup: 16 traces, streaming per token
Trace 8 (warmup): finished at 1539 tokens | answer=\dfrac{14}{3}
Trace 7 (warmup): finished at 1649 tokens | answer=\dfrac{14}{3}
Trace 15 (warmup): finished at 1854 tokens | answer=\dfrac{14}{3}
Trace 12 (warmup): finished at 1975 tokens | answer=\dfrac{14}{3}
Trace 13 (warmup): finished at 2101 tokens | answer=\dfrac{14}{3}
Trace 5 (warmup): finished at 2129 tokens | answer=\dfrac{14}{3}
Trace 10 (warmup): finished at 2192 tokens | answer=\dfrac{14}{3}
Trace 2 (warmup): finished at 2215 tokens | answer=\dfrac{14}{3}
Trace 3 (warmup): finished at 2306 tokens | answer=\dfrac{14}{3}
Trace 0 (warmup): finished at 2374 tokens | answer=\dfrac{14}{3}
Trace 1 (warmup): finished at 2395 tokens | answer=\dfrac{14}{3}
Trace 6 (warmup): finished at 2484 tokens | answer=\dfrac{14}{3}
Trace 9 (warmup): finished at 2584 tokens | answer=\dfrac{14}{3}
Trace 4 (warmup): finished at 2613 tokens | answer=\dfrac{14}{3}
Trace 14 (warmup): finished at 2685 tokens | answer=\dfrac{14}{3}
Trace 11 (warmup): finished at 2719 tokens | answer=\dfrac{14}{3}

Warmup done: bar frozen at 15.197 (keep top 10% of 16 warmup minima)
Consensus already held at warmup ('\dfrac{14}{3}' at 100%) — online wave skipped

=== DeepConf Summary (online, streaming) ===
Bar: 15.197 (keep top 10%) | warmup 16 | budget 32 | tau 0.95
Traces: finished 16 | stopped 0 | truncated 0 | abandoned 0
Voting pool: 2 (warmup above bar + online finishers)
Total tokens: 35814 | time: 18.14s

----------------------------------------------------------------------
Method                        Answer      Votes  Confidence  Correct
----------------------------------------------------------------------
majority                      \dfrac{14}{3}2      -           ✓
mean_confidence_weighted      \dfrac{14}{3}2      17.217      ✓
tail_confidence_weighted      \dfrac{14}{3}2      18.477      ✓
bottom_window_weighted        \dfrac{14}{3}2      15.603      ✓
min_window_weighted           \dfrac{14}{3}2      15.337      ✓
top10_tail_filtered           \dfrac{14}{3}1      18.765      ✓
top10_bottom_window_filtered  \dfrac{14}{3}1      15.660      ✓
Q2 done | gt=\frac{14}{3} | majority:✓, mean_confidence_weighted:✓, tail_confidence_weighted:✓, bottom_window_weighted:✓, min_window_weighted:✓, top10_tail_filtered:✓, top10_bottom_window_filtered:✓
Saved to /results/math500_w256/deepconf_out/math500_q2_deepconf_p10_c95.pkl

============================================================
### Q3  (3 min into the sweep)
============================================================
Q3: How many positive whole-number divisors does 196 have?...
Ground truth: 9

Warmup: 16 traces, streaming per token
Trace 5 (warmup): finished at 973 tokens | answer=9
Trace 10 (warmup): finished at 1020 tokens | answer=9
Trace 2 (warmup): finished at 1248 tokens | answer=9
Trace 9 (warmup): finished at 1274 tokens | answer=9
Trace 0 (warmup): finished at 1322 tokens | answer=9
Trace 6 (warmup): finished at 1472 tokens | answer=9
Trace 4 (warmup): finished at 1495 tokens | answer=9
Trace 15 (warmup): finished at 1550 tokens | answer=9
Trace 8 (warmup): finished at 1566 tokens | answer=9
Trace 12 (warmup): finished at 1663 tokens | answer=9
Trace 14 (warmup): finished at 1704 tokens | answer=9
Trace 1 (warmup): finished at 1738 tokens | answer=9
Trace 13 (warmup): finished at 1934 tokens | answer=9
Trace 11 (warmup): finished at 2132 tokens | answer=9
Trace 7 (warmup): finished at 2153 tokens | answer=9
Trace 3 (warmup): finished at 2295 tokens | answer=9

Warmup done: bar frozen at 11.676 (keep top 10% of 16 warmup minima)
Consensus already held at warmup ('9' at 100%) — online wave skipped

=== DeepConf Summary (online, streaming) ===
Bar: 11.676 (keep top 10%) | warmup 16 | budget 32 | tau 0.95
Traces: finished 16 | stopped 0 | truncated 0 | abandoned 0
Voting pool: 2 (warmup above bar + online finishers)
Total tokens: 25539 | time: 14.62s

----------------------------------------------------------------------
Method                        Answer      Votes  Confidence  Correct
----------------------------------------------------------------------
majority                      9           2      -           ✓
mean_confidence_weighted      9           2      13.904      ✓
tail_confidence_weighted      9           2      15.071      ✓
bottom_window_weighted        9           2      12.606      ✓
min_window_weighted           9           2      12.414      ✓
top10_tail_filtered           9           1      15.584      ✓
top10_bottom_window_filtered  9           1      13.183      ✓
Q3 done | gt=9 | majority:✓, mean_confidence_weighted:✓, tail_confidence_weighted:✓, bottom_window_weighted:✓, min_window_weighted:✓, top10_tail_filtered:✓, top10_bottom_window_filtered:✓
Saved to /results/math500_w256/deepconf_out/math500_q3_deepconf_p10_c95.pkl

============================================================
### Q4  (3 min into the sweep)
============================================================
Q4: The results of a cross-country team's training run are graphed below. Which stud...
Ground truth: \text{Evelyn}

Warmup: 16 traces, streaming per token
Trace 8 (warmup): finished at 4028 tokens | answer=\text{Evelyn}
Trace 1 (warmup): finished at 4115 tokens | answer=\text{Evelyn}
Trace 14 (warmup): finished at 4135 tokens | answer=\text{Evelyn}
Trace 10 (warmup): finished at 4263 tokens | answer=\text{Evelyn}
Trace 4 (warmup): finished at 4345 tokens | answer=\text{Evelyn}
Trace 9 (warmup): finished at 4611 tokens | answer=\text{Evelyn}
Trace 0 (warmup): finished at 4659 tokens | answer=\text{Evelyn}
Trace 3 (warmup): finished at 4674 tokens | answer=\text{Evelyn}
Trace 2 (warmup): finished at 4687 tokens | answer=\text{Evelyn}
Trace 11 (warmup): finished at 4874 tokens | answer=\text{Evelyn}
Trace 7 (warmup): finished at 5049 tokens | answer=\text{Evelyn}
Trace 6 (warmup): finished at 5347 tokens | answer=\text{Evelyn}
Trace 15 (warmup): finished at 5605 tokens | answer=\text{Evelyn}
Trace 12 (warmup): finished at 5717 tokens | answer=\text{Evelyn}
Trace 13 (warmup): finished at 5891 tokens | answer=\text{Evelyn}
Trace 5 (warmup): finished at 6552 tokens | answer=\text{Evelyn}

Warmup done: bar frozen at 9.679 (keep top 10% of 16 warmup minima)
Consensus already held at warmup ('\text{Evelyn}' at 100%) — online wave skipped

=== DeepConf Summary (online, streaming) ===
Bar: 9.679 (keep top 10%) | warmup 16 | budget 32 | tau 0.95
Traces: finished 16 | stopped 0 | truncated 0 | abandoned 0
Voting pool: 2 (warmup above bar + online finishers)
Total tokens: 78552 | time: 44.51s

----------------------------------------------------------------------
Method                        Answer      Votes  Confidence  Correct
----------------------------------------------------------------------
majority                      \text{Evelyn}2      -           ✓
mean_confidence_weighted      \text{Evelyn}2      12.252      ✓
tail_confidence_weighted      \text{Evelyn}2      16.000      ✓
bottom_window_weighted        \text{Evelyn}2      10.173      ✓
min_window_weighted           \text{Evelyn}2      9.708       ✓
top10_tail_filtered           \text{Evelyn}1      16.214      ✓
top10_bottom_window_filtered  \text{Evelyn}1      10.373      ✓
Q4 done | gt=\text{Evelyn} | majority:✓, mean_confidence_weighted:✓, tail_confidence_weighted:✓, bottom_window_weighted:✓, min_window_weighted:✓, top10_tail_filtered:✓, top10_bottom_window_filtered:✓
Saved to /results/math500_w256/deepconf_out/math500_q4_deepconf_p10_c95.pkl

============================================================
### Q5  (4 min into the sweep)
============================================================
Q5: A regular hexagon can be divided into six equilateral triangles. If the perimete...
Ground truth: 42

Warmup: 16 traces, streaming per token
Trace 7 (warmup): finished at 2019 tokens | answer=42
Trace 6 (warmup): finished at 2190 tokens | answer=42
Trace 1 (warmup): finished at 2603 tokens | answer=42
Trace 9 (warmup): finished at 2958 tokens | answer=42
Trace 0 (warmup): finished at 3164 tokens | answer=42
Trace 2 (warmup): finished at 3178 tokens | answer=42
Trace 14 (warmup): finished at 3605 tokens | answer=42
Trace 10 (warmup): finished at 3724 tokens | answer=42
Trace 15 (warmup): finished at 4061 tokens | answer=42
Trace 3 (warmup): finished at 4116 tokens | answer=42
Trace 13 (warmup): finished at 4270 tokens | answer=42
Trace 4 (warmup): finished at 5043 tokens | answer=42
Trace 5 (warmup): finished at 5135 tokens | answer=42
Trace 8 (warmup): finished at 6002 tokens | answer=42
Trace 11 (warmup): finished at 6110 tokens | answer=42
Trace 12 (warmup): finished at 8828 tokens | answer=42

Warmup done: bar frozen at 11.816 (keep top 10% of 16 warmup minima)
Consensus already held at warmup ('42' at 100%) — online wave skipped

=== DeepConf Summary (online, streaming) ===
Bar: 11.816 (keep top 10%) | warmup 16 | budget 32 | tau 0.95
Traces: finished 16 | stopped 0 | truncated 0 | abandoned 0
Voting pool: 2 (warmup above bar + online finishers)
Total tokens: 67006 | time: 55.97s

----------------------------------------------------------------------
Method                        Answer      Votes  Confidence  Correct
----------------------------------------------------------------------
majority                      42          2      -           ✓
mean_confidence_weighted      42          2      13.444      ✓
tail_confidence_weighted      42          2      16.633      ✓
bottom_window_weighted        42          2      12.236      ✓
min_window_weighted           42          2      11.935      ✓
top10_tail_filtered           42          1      16.905      ✓
top10_bottom_window_filtered  42          1      12.288      ✓
Q5 done | gt=42 | majority:✓, mean_confidence_weighted:✓, tail_confidence_weighted:✓, bottom_window_weighted:✓, min_window_weighted:✓, top10_tail_filtered:✓, top10_bottom_window_filtered:✓
Saved to /results/math500_w256/deepconf_out/math500_q5_deepconf_p10_c95.pkl

============================================================
### Q6  (5 min into the sweep)
============================================================
Q6: What is the smallest positive perfect cube that can be written as the sum of thr...
Ground truth: 27

Warmup: 16 traces, streaming per token
Trace 6 (warmup): finished at 3761 tokens | answer=27
Trace 12 (warmup): finished at 3836 tokens | answer=27
Trace 5 (warmup): finished at 4044 tokens | answer=27
Trace 8 (warmup): finished at 4374 tokens | answer=27
Trace 14 (warmup): finished at 4515 tokens | answer=27
Trace 1 (warmup): finished at 4881 tokens | answer=27
Trace 9 (warmup): finished at 4922 tokens | answer=27
Trace 0 (warmup): finished at 5612 tokens | answer=27
Trace 13 (warmup): finished at 5700 tokens | answer=27
Trace 7 (warmup): finished at 6144 tokens | answer=27
Trace 15 (warmup): finished at 6151 tokens | answer=27
Trace 10 (warmup): finished at 6246 tokens | answer=27
Trace 3 (warmup): finished at 6435 tokens | answer=27
Trace 11 (warmup): finished at 6589 tokens | answer=27
Trace 4 (warmup): finished at 6783 tokens | answer=27
Trace 2 (warmup): finished at 8048 tokens | answer=27

Warmup done: bar frozen at 12.698 (keep top 10% of 16 warmup minima)
Consensus already held at warmup ('27' at 100%) — online wave skipped

=== DeepConf Summary (online, streaming) ===
Bar: 12.698 (keep top 10%) | warmup 16 | budget 32 | tau 0.95
Traces: finished 16 | stopped 0 | truncated 0 | abandoned 0
Voting pool: 2 (warmup above bar + online finishers)
Total tokens: 88041 | time: 54.69s

----------------------------------------------------------------------
Method                        Answer      Votes  Confidence  Correct
----------------------------------------------------------------------
majority                      27          2      -           ✓
mean_confidence_weighted      27          2      14.578      ✓
tail_confidence_weighted      27          2      17.164      ✓
bottom_window_weighted        27          2      13.194      ✓
min_window_weighted           27          2      12.728      ✓
top10_tail_filtered           27          1      17.394      ✓
top10_bottom_window_filtered  27          1      13.318      ✓
Q6 done | gt=27 | majority:✓, mean_confidence_weighted:✓, tail_confidence_weighted:✓, bottom_window_weighted:✓, min_window_weighted:✓, top10_tail_filtered:✓, top10_bottom_window_filtered:✓
Saved to /results/math500_w256/deepconf_out/math500_q6_deepconf_p10_c95.pkl

============================================================
### Q7  (6 min into the sweep)
============================================================
Q7: The set of points $(x,y,z)$ that satisfy
\[2x = 3y = -z\]is a line.

The set of ...
Ground truth: 90^\circ

Warmup: 16 traces, streaming per token
Trace 12 (warmup): finished at 3541 tokens | answer=90
Trace 11 (warmup): finished at 4259 tokens | answer=90
Trace 15 (warmup): finished at 4283 tokens | answer=90
Trace 0 (warmup): finished at 4924 tokens | answer=90
Trace 13 (warmup): finished at 4983 tokens | answer=90
Trace 3 (warmup): finished at 5002 tokens | answer=90
Trace 14 (warmup): finished at 5134 tokens | answer=90
Trace 5 (warmup): finished at 5144 tokens | answer=90
Trace 7 (warmup): finished at 5395 tokens | answer=90
Trace 10 (warmup): finished at 5417 tokens | answer=90
Trace 2 (warmup): finished at 5886 tokens | answer=90
Trace 8 (warmup): finished at 6025 tokens | answer=90
Trace 1 (warmup): finished at 6053 tokens | answer=90
Trace 6 (warmup): finished at 6348 tokens | answer=90
Trace 9 (warmup): finished at 7043 tokens | answer=90
Trace 4 (warmup): finished at 7666 tokens | answer=90

Warmup done: bar frozen at 12.871 (keep top 10% of 16 warmup minima)
Consensus already held at warmup ('90' at 100%) — online wave skipped

=== DeepConf Summary (online, streaming) ===
Bar: 12.871 (keep top 10%) | warmup 16 | budget 32 | tau 0.95
Traces: finished 16 | stopped 0 | truncated 0 | abandoned 0
Voting pool: 2 (warmup above bar + online finishers)
Total tokens: 87103 | time: 52.52s

----------------------------------------------------------------------
Method                        Answer      Votes  Confidence  Correct
----------------------------------------------------------------------
majority                      90          2      -           ✗
mean_confidence_weighted      90          2      15.254      ✗
tail_confidence_weighted      90          2      17.938      ✗
bottom_window_weighted        90          2      13.445      ✗
min_window_weighted           90          2      12.913      ✗
top10_tail_filtered           90          1      18.500      ✗
top10_bottom_window_filtered  90          1      13.447      ✗
Q7 done | gt=90^\circ | majority:✗, mean_confidence_weighted:✗, tail_confidence_weighted:✗, bottom_window_weighted:✗, min_window_weighted:✗, top10_tail_filtered:✗, top10_bottom_window_filtered:✗
Saved to /results/math500_w256/deepconf_out/math500_q7_deepconf_p10_c95.pkl

============================================================
### Q8  (7 min into the sweep)
============================================================
Q8: What is the distance, in units, between the points $(2, -6)$ and $(-4, 3)$? Expr...
Ground truth: 3\sqrt{13}

Warmup: 16 traces, streaming per token
Trace 10 (warmup): finished at 965 tokens | answer=3\sqrt{13}
Trace 12 (warmup): finished at 1034 tokens | answer=3\sqrt{13}
Trace 6 (warmup): finished at 1271 tokens | answer=3\sqrt{13}
Trace 2 (warmup): finished at 1298 tokens | answer=3\sqrt{13}
Trace 9 (warmup): finished at 1299 tokens | answer=3\sqrt{13}
Trace 4 (warmup): finished at 1331 tokens | answer=3\sqrt{13}
Trace 15 (warmup): finished at 1401 tokens | answer=3\sqrt{13}
Trace 8 (warmup): finished at 1427 tokens | answer=3\sqrt{13}
Trace 13 (warmup): finished at 1492 tokens | answer=3\sqrt{13}
Trace 0 (warmup): finished at 1503 tokens | answer=3\sqrt{13}
Trace 5 (warmup): finished at 1521 tokens | answer=3\sqrt{13}
Trace 7 (warmup): finished at 1520 tokens | answer=3\sqrt{13}
Trace 14 (warmup): finished at 1639 tokens | answer=3\sqrt{13}
Trace 1 (warmup): finished at 1697 tokens | answer=3\sqrt{13}
Trace 3 (warmup): finished at 1802 tokens | answer=3\sqrt{13}
Trace 11 (warmup): finished at 1827 tokens | answer=3\sqrt{13}

Warmup done: bar frozen at 14.142 (keep top 10% of 16 warmup minima)
Consensus already held at warmup ('3\sqrt{13}' at 100%) — online wave skipped

=== DeepConf Summary (online, streaming) ===
Bar: 14.142 (keep top 10%) | warmup 16 | budget 32 | tau 0.95
Traces: finished 16 | stopped 0 | truncated 0 | abandoned 0
Voting pool: 2 (warmup above bar + online finishers)
Total tokens: 23027 | time: 11.84s

----------------------------------------------------------------------
Method                        Answer      Votes  Confidence  Correct
----------------------------------------------------------------------
majority                      3\sqrt{13}  2      -           ✓
mean_confidence_weighted      3\sqrt{13}  2      16.549      ✓
tail_confidence_weighted      3\sqrt{13}  2      18.574      ✓
bottom_window_weighted        3\sqrt{13}  2      14.590      ✓
min_window_weighted           3\sqrt{13}  2      14.321      ✓
top10_tail_filtered           3\sqrt{13}  1      18.828      ✓
top10_bottom_window_filtered  3\sqrt{13}  1      14.715      ✓
Q8 done | gt=3\sqrt{13} | majority:✓, mean_confidence_weighted:✓, tail_confidence_weighted:✓, bottom_window_weighted:✓, min_window_weighted:✓, top10_tail_filtered:✓, top10_bottom_window_filtered:✓
Saved to /results/math500_w256/deepconf_out/math500_q8_deepconf_p10_c95.pkl

============================================================
### Q9  (7 min into the sweep)
============================================================
Q9: The expression $2\cdot 3 \cdot 4\cdot 5+1$ is equal to 121, since multiplication...
Ground truth: 4

Warmup: 16 traces, streaming per token
Trace 0 (warmup): finished at 16010 tokens | answer=4
Trace 3 (warmup): finished at 16726 tokens | answer=4
Trace 12 (warmup): finished at 17328 tokens | answer=4
Trace 14 (warmup): finished at 18223 tokens | answer=4
Trace 4 (warmup): finished at 19298 tokens | answer=4
Trace 9 (warmup): finished at 21207 tokens | answer=4
Trace 13 (warmup): finished at 21226 tokens | answer=4
Trace 15 (warmup): finished at 21249 tokens | answer=4
Trace 11 (warmup): finished at 22062 tokens | answer=4
Trace 2 (warmup): finished at 26339 tokens | answer=4
Trace 8 (warmup): finished at 26775 tokens | answer=4
Trace 10 (warmup): finished at 27421 tokens | answer=4
Trace 1 (warmup): finished at 28552 tokens | answer=4
Trace 7 (warmup): finished at 28689 tokens | answer=4
Trace 6 (warmup): finished at 30922 tokens | answer=2
Trace 5 (warmup): finished at 32403 tokens | answer=4

Warmup done: bar frozen at 10.656 (keep top 10% of 16 warmup minima)
Consensus already held at warmup ('4' at 100%) — online wave skipped

=== DeepConf Summary (online, streaming) ===
Bar: 10.656 (keep top 10%) | warmup 16 | budget 32 | tau 0.95
Traces: finished 16 | stopped 0 | truncated 0 | abandoned 0
Voting pool: 2 (warmup above bar + online finishers)
Total tokens: 374430 | time: 291.05s

----------------------------------------------------------------------
Method                        Answer      Votes  Confidence  Correct
----------------------------------------------------------------------
majority                      4           2      -           ✓
mean_confidence_weighted      4           2      13.774      ✓
tail_confidence_weighted      4           2      16.539      ✓
bottom_window_weighted        4           2      11.402      ✓
min_window_weighted           4           2      10.876      ✓
top10_tail_filtered           4           1      16.947      ✓
top10_bottom_window_filtered  4           1      11.615      ✓
Q9 done | gt=4 | majority:✓, mean_confidence_weighted:✓, tail_confidence_weighted:✓, bottom_window_weighted:✓, min_window_weighted:✓, top10_tail_filtered:✓, top10_bottom_window_filtered:✓
Saved to /results/math500_w256/deepconf_out/math500_q9_deepconf_p10_c95.pkl

============================================================
### Q10  (12 min into the sweep)
============================================================
Q10: What is the least positive integer multiple of 30 that can be written with only ...
Ground truth: 2220

Warmup: 16 traces, streaming per token
Trace 3 (warmup): finished at 8126 tokens | answer=2220
Trace 2 (warmup): finished at 8496 tokens | answer=2220
Trace 14 (warmup): finished at 9773 tokens | answer=2220
Trace 1 (warmup): finished at 9825 tokens | answer=2220
Trace 0 (warmup): finished at 10001 tokens | answer=2220
Trace 10 (warmup): finished at 10611 tokens | answer=2220
Trace 9 (warmup): finished at 10691 tokens | answer=2220
Trace 8 (warmup): finished at 10793 tokens | answer=2220
Trace 15 (warmup): finished at 11312 tokens | answer=2220
Trace 4 (warmup): finished at 11651 tokens | answer=2220
Trace 12 (warmup): finished at 11693 tokens | answer=2220
Trace 13 (warmup): finished at 11904 tokens | answer=2220
Trace 11 (warmup): finished at 12010 tokens | answer=2220
Trace 5 (warmup): finished at 12864 tokens | answer=2220
Trace 6 (warmup): finished at 12880 tokens | answer=2220
Trace 7 (warmup): finished at 13073 tokens | answer=2220

Warmup done: bar frozen at 12.880 (keep top 10% of 16 warmup minima)
Consensus already held at warmup ('2220' at 100%) — online wave skipped

=== DeepConf Summary (online, streaming) ===
Bar: 12.880 (keep top 10%) | warmup 16 | budget 32 | tau 0.95
Traces: finished 16 | stopped 0 | truncated 0 | abandoned 0
Voting pool: 2 (warmup above bar + online finishers)
Total tokens: 175703 | time: 101.35s

----------------------------------------------------------------------
Method                        Answer      Votes  Confidence  Correct
----------------------------------------------------------------------
majority                      2220        2      -           ✓
mean_confidence_weighted      2220        2      15.123      ✓
tail_confidence_weighted      2220        2      17.367      ✓
bottom_window_weighted        2220        2      13.748      ✓
min_window_weighted           2220        2      13.019      ✓
top10_tail_filtered           2220        1      17.404      ✓
top10_bottom_window_filtered  2220        1      13.819      ✓
Q10 done | gt=2220 | majority:✓, mean_confidence_weighted:✓, tail_confidence_weighted:✓, bottom_window_weighted:✓, min_window_weighted:✓, top10_tail_filtered:✓, top10_bottom_window_filtered:✓
Saved to /results/math500_w256/deepconf_out/math500_q10_deepconf_p10_c95.pkl

============================================================
### Q11  (13 min into the sweep)
============================================================
Q11: Let $p(x)$ be a polynomial of degree 5 such that
\[p(n) = \frac{n}{n^2 - 1}\]for...
Ground truth: \frac{3}{56}

Warmup: 16 traces, streaming per token
Trace 5 (warmup): finished at 6697 tokens | answer=\dfrac{3}{56}
Trace 4 (warmup): finished at 7903 tokens | answer=\dfrac{3}{56}
Trace 15 (warmup): finished at 8264 tokens | answer=\dfrac{3}{56}
Trace 12 (warmup): finished at 8288 tokens | answer=\dfrac{3}{56}
Trace 2 (warmup): finished at 8899 tokens | answer=\dfrac{3}{56}
Trace 8 (warmup): finished at 9447 tokens | answer=\dfrac{3}{56}
Trace 9 (warmup): finished at 9547 tokens | answer=\dfrac{3}{56}
Trace 14 (warmup): finished at 9643 tokens | answer=\dfrac{3}{56}
Trace 13 (warmup): finished at 11061 tokens | answer=\dfrac{3}{56}
Trace 1 (warmup): finished at 11884 tokens | answer=\dfrac{3}{56}
Trace 0 (warmup): finished at 11893 tokens | answer=\dfrac{3}{56}
Trace 10 (warmup): finished at 12179 tokens | answer=\dfrac{3}{56}
Trace 3 (warmup): finished at 12633 tokens | answer=\dfrac{3}{56}
Trace 11 (warmup): finished at 12732 tokens | answer=\dfrac{3}{56}
Trace 6 (warmup): finished at 15775 tokens | answer=\dfrac{3}{56}
Trace 7 (warmup): finished at 23671 tokens | answer=\dfrac{3}{56}

Warmup done: bar frozen at 13.237 (keep top 10% of 16 warmup minima)
Consensus already held at warmup ('\dfrac{3}{56}' at 100%) — online wave skipped

=== DeepConf Summary (online, streaming) ===
Bar: 13.237 (keep top 10%) | warmup 16 | budget 32 | tau 0.95
Traces: finished 16 | stopped 0 | truncated 0 | abandoned 0
Voting pool: 2 (warmup above bar + online finishers)
Total tokens: 180516 | time: 163.77s

----------------------------------------------------------------------
Method                        Answer      Votes  Confidence  Correct
----------------------------------------------------------------------
majority                      \dfrac{3}{56}2      -           ✓
mean_confidence_weighted      \dfrac{3}{56}2      16.419      ✓
tail_confidence_weighted      \dfrac{3}{56}2      17.423      ✓
bottom_window_weighted        \dfrac{3}{56}2      13.817      ✓
min_window_weighted           \dfrac{3}{56}2      13.244      ✓
top10_tail_filtered           \dfrac{3}{56}1      17.992      ✓
top10_bottom_window_filtered  \dfrac{3}{56}1      13.854      ✓
Q11 done | gt=\frac{3}{56} | majority:✓, mean_confidence_weighted:✓, tail_confidence_weighted:✓, bottom_window_weighted:✓, min_window_weighted:✓, top10_tail_filtered:✓, top10_bottom_window_filtered:✓
Saved to /results/math500_w256/deepconf_out/math500_q11_deepconf_p10_c95.pkl

============================================================
### Q12  (16 min into the sweep)
============================================================
Q12: The proper divisors of 12 are 1, 2, 3, 4 and 6. A proper divisor of an integer $...
Ground truth: 284

Warmup: 16 traces, streaming per token
Trace 6 (warmup): finished at 4676 tokens | answer=284
Trace 10 (warmup): finished at 4834 tokens | answer=284
Trace 3 (warmup): finished at 4895 tokens | answer=284
Trace 4 (warmup): finished at 5116 tokens | answer=284
Trace 14 (warmup): finished at 5389 tokens | answer=284
Trace 12 (warmup): finished at 5610 tokens | answer=284
Trace 8 (warmup): finished at 5619 tokens | answer=284
Trace 0 (warmup): finished at 5858 tokens | answer=284
Trace 9 (warmup): finished at 5978 tokens | answer=284
Trace 13 (warmup): finished at 6135 tokens | answer=284
Trace 2 (warmup): finished at 6183 tokens | answer=284
Trace 15 (warmup): finished at 6563 tokens | answer=284
Trace 7 (warmup): finished at 6592 tokens | answer=284
Trace 5 (warmup): finished at 6730 tokens | answer=284
Trace 1 (warmup): finished at 7263 tokens | answer=284
Trace 11 (warmup): finished at 7557 tokens | answer=284

Warmup done: bar frozen at 13.362 (keep top 10% of 16 warmup minima)
Consensus already held at warmup ('284' at 100%) — online wave skipped

=== DeepConf Summary (online, streaming) ===
Bar: 13.362 (keep top 10%) | warmup 16 | budget 32 | tau 0.95
Traces: finished 16 | stopped 0 | truncated 0 | abandoned 0
Voting pool: 2 (warmup above bar + online finishers)
Total tokens: 94998 | time: 53.33s

----------------------------------------------------------------------
Method                        Answer      Votes  Confidence  Correct
----------------------------------------------------------------------
majority                      284         2      -           ✓
mean_confidence_weighted      284         2      15.836      ✓
tail_confidence_weighted      284         2      17.845      ✓
bottom_window_weighted        284         2      13.970      ✓
min_window_weighted           284         2      13.554      ✓
top10_tail_filtered           284         1      18.100      ✓
top10_bottom_window_filtered  284         1      14.163      ✓
Q12 done | gt=284 | majority:✓, mean_confidence_weighted:✓, tail_confidence_weighted:✓, bottom_window_weighted:✓, min_window_weighted:✓, top10_tail_filtered:✓, top10_bottom_window_filtered:✓
Saved to /results/math500_w256/deepconf_out/math500_q12_deepconf_p10_c95.pkl

============================================================
### Q13  (17 min into the sweep)
============================================================
Q13: The volume of the cylinder shown is $45\pi$ cubic cm. What is the height in cent...
Ground truth: 5

Warmup: 16 traces, streaming per token
Trace 11 (warmup): finished at 504 tokens | answer=5
Trace 13 (warmup): finished at 620 tokens | answer=5
Trace 14 (warmup): finished at 691 tokens | answer=5
Trace 3 (warmup): finished at 964 tokens | answer=5
Trace 6 (warmup): finished at 1123 tokens | answer=5
Trace 12 (warmup): finished at 1252 tokens | answer=5
Trace 10 (warmup): finished at 1353 tokens | answer=5
Trace 4 (warmup): finished at 1958 tokens | answer=5
Trace 7 (warmup): finished at 2486 tokens | answer=5
Trace 15 (warmup): finished at 3028 tokens | answer=5
Trace 9 (warmup): finished at 3561 tokens | answer=5
Trace 5 (warmup): finished at 3623 tokens | answer=5
Trace 0 (warmup): finished at 3680 tokens | answer=5
Trace 8 (warmup): finished at 4383 tokens | answer=5
Trace 1 (warmup): finished at 4507 tokens | answer=5
Trace 2 (warmup): finished at 8120 tokens | answer=5

Warmup done: bar frozen at 13.140 (keep top 10% of 16 warmup minima)
Consensus already held at warmup ('5' at 100%) — online wave skipped

=== DeepConf Summary (online, streaming) ===
Bar: 13.140 (keep top 10%) | warmup 16 | budget 32 | tau 0.95
Traces: finished 16 | stopped 0 | truncated 0 | abandoned 0
Voting pool: 2 (warmup above bar + online finishers)
Total tokens: 41853 | time: 49.54s

----------------------------------------------------------------------
Method                        Answer      Votes  Confidence  Correct
----------------------------------------------------------------------
majority                      5           2      -           ✓
mean_confidence_weighted      5           2      14.650      ✓
tail_confidence_weighted      5           2      16.076      ✓
bottom_window_weighted        5           2      13.587      ✓
min_window_weighted           5           2      13.486      ✓
top10_tail_filtered           5           1      16.110      ✓
top10_bottom_window_filtered  5           1      13.710      ✓
Q13 done | gt=5 | majority:✓, mean_confidence_weighted:✓, tail_confidence_weighted:✓, bottom_window_weighted:✓, min_window_weighted:✓, top10_tail_filtered:✓, top10_bottom_window_filtered:✓
Saved to /results/math500_w256/deepconf_out/math500_q13_deepconf_p10_c95.pkl

============================================================
### Q14  (18 min into the sweep)
============================================================
Q14: Suppose $\sin D = 0.7$ in the diagram below. What is $DE$? [asy]
pair D,E,F;
F =...
Ground truth: \sqrt{51}

Warmup: 16 traces, streaming per token
Trace 14 (warmup): finished at 2786 tokens | answer=\sqrt{51}
Trace 13 (warmup): finished at 2966 tokens | answer=\sqrt{51}
Trace 12 (warmup): finished at 3173 tokens | answer=\sqrt{51}
Trace 15 (warmup): finished at 3795 tokens | answer=\sqrt{51}
Trace 3 (warmup): finished at 4041 tokens | answer=\sqrt{51}
Trace 5 (warmup): finished at 4445 tokens | answer=\sqrt{51}
Trace 10 (warmup): finished at 4608 tokens | answer=\sqrt{51}
Trace 8 (warmup): finished at 4887 tokens | answer=\sqrt{51}
Trace 4 (warmup): finished at 5152 tokens | answer=\sqrt{51}
Trace 0 (warmup): finished at 5394 tokens | answer=\sqrt{51}
Trace 7 (warmup): finished at 5695 tokens | answer=\sqrt{51}
Trace 2 (warmup): finished at 5835 tokens | answer=\sqrt{51}
Trace 11 (warmup): finished at 6005 tokens | answer=\sqrt{51}
Trace 9 (warmup): finished at 6070 tokens | answer=\sqrt{51}
Trace 1 (warmup): finished at 6313 tokens | answer=\sqrt{51}
Trace 6 (warmup): finished at 6822 tokens | answer=\sqrt{51}

Warmup done: bar frozen at 11.527 (keep top 10% of 16 warmup minima)
Consensus already held at warmup ('\sqrt{51}' at 100%) — online wave skipped

=== DeepConf Summary (online, streaming) ===
Bar: 11.527 (keep top 10%) | warmup 16 | budget 32 | tau 0.95
Traces: finished 16 | stopped 0 | truncated 0 | abandoned 0
Voting pool: 2 (warmup above bar + online finishers)
Total tokens: 77987 | time: 46.74s

----------------------------------------------------------------------
Method                        Answer      Votes  Confidence  Correct
----------------------------------------------------------------------
majority                      \sqrt{51}   2      -           ✓
mean_confidence_weighted      \sqrt{51}   2      13.438      ✓
tail_confidence_weighted      \sqrt{51}   2      16.757      ✓
bottom_window_weighted        \sqrt{51}   2      11.904      ✓
min_window_weighted           \sqrt{51}   2      11.626      ✓
top10_tail_filtered           \sqrt{51}   1      16.981      ✓
top10_bottom_window_filtered  \sqrt{51}   1      11.922      ✓
Q14 done | gt=\sqrt{51} | majority:✓, mean_confidence_weighted:✓, tail_confidence_weighted:✓, bottom_window_weighted:✓, min_window_weighted:✓, top10_tail_filtered:✓, top10_bottom_window_filtered:✓
Saved to /results/math500_w256/deepconf_out/math500_q14_deepconf_p10_c95.pkl

============================================================
### Q15  (18 min into the sweep)
============================================================
Q15: Let $z = 2 + \sqrt{2} - (3 + 3 \sqrt{2})i$, and let $c = 2 - 3i$.  Let $w$ be th...
Ground truth: 6 - 5i

Warmup: 16 traces, streaming per token
Trace 1 (warmup): finished at 3128 tokens | answer=6-5i
Trace 13 (warmup): finished at 3328 tokens | answer=6-5i
Trace 2 (warmup): finished at 3634 tokens | answer=6-5i
Trace 12 (warmup): finished at 3867 tokens | answer=6-5i
Trace 10 (warmup): finished at 4218 tokens | answer=6-5i
Trace 6 (warmup): finished at 4581 tokens | answer=6-5i
Trace 3 (warmup): finished at 4620 tokens | answer=6-5i
Trace 15 (warmup): finished at 4873 tokens | answer=6-5i
Trace 11 (warmup): finished at 4889 tokens | answer=6-5i
Trace 9 (warmup): finished at 5167 tokens | answer=6-5i
Trace 5 (warmup): finished at 5240 tokens | answer=6-5i
Trace 14 (warmup): finished at 5317 tokens | answer=6-5i
Trace 4 (warmup): finished at 5354 tokens | answer=6-5i
Trace 0 (warmup): finished at 5507 tokens | answer=6-5i
Trace 7 (warmup): finished at 5511 tokens | answer=6-5i
Trace 8 (warmup): finished at 5557 tokens | answer=6-5i

Warmup done: bar frozen at 14.065 (keep top 10% of 16 warmup minima)
Consensus already held at warmup ('6-5i' at 100%) — online wave skipped

=== DeepConf Summary (online, streaming) ===
Bar: 14.065 (keep top 10%) | warmup 16 | budget 32 | tau 0.95
Traces: finished 16 | stopped 0 | truncated 0 | abandoned 0
Voting pool: 2 (warmup above bar + online finishers)
Total tokens: 74791 | time: 39.31s

----------------------------------------------------------------------
Method                        Answer      Votes  Confidence  Correct
----------------------------------------------------------------------
majority                      6-5i        2      -           ✓
mean_confidence_weighted      6-5i        2      16.949      ✓
tail_confidence_weighted      6-5i        2      17.639      ✓
bottom_window_weighted        6-5i        2      15.137      ✓
min_window_weighted           6-5i        2      14.315      ✓
top10_tail_filtered           6-5i        1      17.713      ✓
top10_bottom_window_filtered  6-5i        1      15.151      ✓
Q15 done | gt=6 - 5i | majority:✓, mean_confidence_weighted:✓, tail_confidence_weighted:✓, bottom_window_weighted:✓, min_window_weighted:✓, top10_tail_filtered:✓, top10_bottom_window_filtered:✓
Saved to /results/math500_w256/deepconf_out/math500_q15_deepconf_p10_c95.pkl

============================================================
### Q16  (19 min into the sweep)
============================================================
Q16: Compute: $1-2+3-4+5- \dots +99-100$....
Ground truth: -50

Warmup: 16 traces, streaming per token
Trace 15 (warmup): finished at 1588 tokens | answer=-50
Trace 6 (warmup): finished at 1783 tokens | answer=-50
Trace 5 (warmup): finished at 1906 tokens | answer=-50
Trace 0 (warmup): finished at 2288 tokens | answer=-50
Trace 14 (warmup): finished at 2299 tokens | answer=-50
Trace 1 (warmup): finished at 2307 tokens | answer=-50
Trace 10 (warmup): finished at 2417 tokens | answer=-50
Trace 3 (warmup): finished at 2600 tokens | answer=-50
Trace 7 (warmup): finished at 2616 tokens | answer=-50
Trace 13 (warmup): finished at 2695 tokens | answer=-50
Trace 4 (warmup): finished at 2703 tokens | answer=-50
Trace 2 (warmup): finished at 2751 tokens | answer=-50
Trace 8 (warmup): finished at 2920 tokens | answer=-50
Trace 12 (warmup): finished at 3026 tokens | answer=-50
Trace 11 (warmup): finished at 3430 tokens | answer=-50
Trace 9 (warmup): finished at 3644 tokens | answer=-50

Warmup done: bar frozen at 13.490 (keep top 10% of 16 warmup minima)
Consensus already held at warmup ('-50' at 100%) — online wave skipped

=== DeepConf Summary (online, streaming) ===
Bar: 13.490 (keep top 10%) | warmup 16 | budget 32 | tau 0.95
Traces: finished 16 | stopped 0 | truncated 0 | abandoned 0
Voting pool: 2 (warmup above bar + online finishers)
Total tokens: 40973 | time: 23.71s

----------------------------------------------------------------------
Method                        Answer      Votes  Confidence  Correct
----------------------------------------------------------------------
majority                      -50         2      -           ✓
mean_confidence_weighted      -50         2      15.481      ✓
tail_confidence_weighted      -50         2      16.854      ✓
bottom_window_weighted        -50         2      14.142      ✓
min_window_weighted           -50         2      13.807      ✓
top10_tail_filtered           -50         1      16.986      ✓
top10_bottom_window_filtered  -50         1      14.350      ✓
Q16 done | gt=-50 | majority:✓, mean_confidence_weighted:✓, tail_confidence_weighted:✓, bottom_window_weighted:✓, min_window_weighted:✓, top10_tail_filtered:✓, top10_bottom_window_filtered:✓
Saved to /results/math500_w256/deepconf_out/math500_q16_deepconf_p10_c95.pkl

============================================================
### Q17  (20 min into the sweep)
============================================================
Q17: Below is the graph of $y = a \sin (bx + c) + d$ for some positive constants $a,$...
Ground truth: \pi

Warmup: 16 traces, streaming per token
Trace 9 (warmup): finished at 13853 tokens | answer=\pi
Trace 15 (warmup): finished at 14509 tokens | answer=\pi
Trace 2 (warmup): finished at 15416 tokens | answer=\pi
Trace 10 (warmup): finished at 15418 tokens | answer=\pi
Trace 14 (warmup): finished at 15968 tokens | answer=\pi
Trace 12 (warmup): finished at 16136 tokens | answer=\pi
Trace 8 (warmup): finished at 16747 tokens | answer=\pi
Trace 1 (warmup): finished at 16774 tokens | answer=\pi
Trace 6 (warmup): finished at 16991 tokens | answer=\pi
Trace 5 (warmup): finished at 17412 tokens | answer=\pi
Trace 0 (warmup): finished at 18016 tokens | answer=\pi
Trace 3 (warmup): finished at 20363 tokens | answer=\pi
Trace 11 (warmup): finished at 20847 tokens | answer=\pi
Trace 13 (warmup): finished at 21622 tokens | answer=\pi
Trace 7 (warmup): finished at 24886 tokens | answer=\pi
Trace 4 (warmup): finished at 24893 tokens | answer=\pi

Warmup done: bar frozen at 11.375 (keep top 10% of 16 warmup minima)
Consensus already held at warmup ('\pi' at 100%) — online wave skipped

=== DeepConf Summary (online, streaming) ===
Bar: 11.375 (keep top 10%) | warmup 16 | budget 32 | tau 0.95
Traces: finished 16 | stopped 0 | truncated 0 | abandoned 0
Voting pool: 2 (warmup above bar + online finishers)
Total tokens: 289851 | time: 205.57s

----------------------------------------------------------------------
Method                        Answer      Votes  Confidence  Correct
----------------------------------------------------------------------
majority                      \pi         2      -           ✓
mean_confidence_weighted      \pi         2      13.911      ✓
tail_confidence_weighted      \pi         2      15.670      ✓
bottom_window_weighted        \pi         2      11.993      ✓
min_window_weighted           \pi         2      11.420      ✓
top10_tail_filtered           \pi         1      16.145      ✓
top10_bottom_window_filtered  \pi         1      12.024      ✓
Q17 done | gt=\pi | majority:✓, mean_confidence_weighted:✓, tail_confidence_weighted:✓, bottom_window_weighted:✓, min_window_weighted:✓, top10_tail_filtered:✓, top10_bottom_window_filtered:✓
Saved to /results/math500_w256/deepconf_out/math500_q17_deepconf_p10_c95.pkl

============================================================
### Q18  (23 min into the sweep)
============================================================
Q18: $\overline{BC}$ is parallel to the segment through $A$, and $AB = BC$. What is t...
Ground truth: 28

Warmup: 16 traces, streaming per token
Trace 13 (warmup): finished at 21145 tokens | answer=124
Trace 14 (warmup): finished at 22001 tokens | answer=28
Trace 7 (warmup): finished at 22585 tokens | answer=56
Trace 0 (warmup): finished at 23270 tokens | answer=28
Trace 11 (warmup): finished at 24236 tokens | answer=28
Trace 3 (warmup): finished at 24702 tokens | answer=28
Trace 2 (warmup): finished at 24784 tokens | answer=62
Trace 12 (warmup): finished at 25249 tokens | answer=124
Trace 4 (warmup): finished at 25727 tokens | answer=28
Trace 10 (warmup): finished at 26312 tokens | answer=56
Trace 8 (warmup): finished at 26466 tokens | answer=68
Trace 5 (warmup): finished at 27062 tokens | answer=124
Trace 9 (warmup): finished at 27105 tokens | answer=56
Trace 6 (warmup): finished at 27154 tokens | answer=56
Trace 1 (warmup): finished at 27443 tokens | answer=124
Trace 15 (warmup): finished at 30629 tokens | answer=68

Warmup done: bar frozen at 11.695 (keep top 10% of 16 warmup minima)
Online wave: 16 traces at the bar
Trace 21: cut at the bar 11.695 (its low 11.692, 660 tokens)
Trace 25: cut at the bar 11.695 (its low 11.694, 1006 tokens)
Trace 26: cut at the bar 11.695 (its low 11.690, 1034 tokens)
Trace 29: cut at the bar 11.695 (its low 11.677, 1056 tokens)
Trace 18: cut at the bar 11.695 (its low 11.694, 1469 tokens)
Trace 16: cut at the bar 11.695 (its low 11.678, 1482 tokens)
Trace 30: cut at the bar 11.695 (its low 11.668, 1741 tokens)
Trace 28: cut at the bar 11.695 (its low 11.694, 1882 tokens)
Trace 27: cut at the bar 11.695 (its low 11.685, 1902 tokens)
Trace 23: cut at the bar 11.695 (its low 11.680, 2381 tokens)
Trace 19: cut at the bar 11.695 (its low 11.693, 2659 tokens)
Trace 17: cut at the bar 11.695 (its low 11.691, 2752 tokens)
Trace 22: cut at the bar 11.695 (its low 11.685, 3286 tokens)
Trace 31: cut at the bar 11.695 (its low 11.673, 3810 tokens)
Trace 20 (online): finished at 16128 tokens | answer=124
Trace 24 (online): finished at 23714 tokens | answer=56

=== DeepConf Summary (online, streaming) ===
Bar: 11.695 (keep top 10%) | warmup 16 | budget 32 | tau 0.95
Traces: finished 18 | stopped 14 | truncated 0 | abandoned 0
Voting pool: 4 (warmup above bar + online finishers)
Total tokens: 472832 | time: 440.14s

----------------------------------------------------------------------
Method                        Answer      Votes  Confidence  Correct
----------------------------------------------------------------------
majority                      68          4      -           ✗
mean_confidence_weighted      124         4      14.451      ✗
tail_confidence_weighted      124         4      15.403      ✗
bottom_window_weighted        124         4      12.556      ✗
min_window_weighted           68          4      11.869      ✗
top10_tail_filtered           124         1      16.720      ✗
top10_bottom_window_filtered  124         1      12.708      ✗
Q18 done | gt=28 | majority:✗, mean_confidence_weighted:✗, tail_confidence_weighted:✗, bottom_window_weighted:✗, min_window_weighted:✗, top10_tail_filtered:✗, top10_bottom_window_filtered:✗
Saved to /results/math500_w256/deepconf_out/math500_q18_deepconf_p10_c95.pkl

============================================================
### Q19  (30 min into the sweep)
============================================================
Q19: Let $a$ be a positive real number such that all the roots of
\[x^3 + ax^2 + ax +...
Ground truth: 3

Warmup: 16 traces, streaming per token
Trace 5 (warmup): finished at 9845 tokens | answer=3
Trace 8 (warmup): finished at 10015 tokens | answer=3
Trace 9 (warmup): finished at 10069 tokens | answer=3
Trace 15 (warmup): finished at 10734 tokens | answer=3
Trace 3 (warmup): finished at 11124 tokens | answer=3
Trace 13 (warmup): finished at 11417 tokens | answer=3
Trace 12 (warmup): finished at 11568 tokens | answer=3
Trace 14 (warmup): finished at 11649 tokens | answer=3
Trace 11 (warmup): finished at 11928 tokens | answer=3
Trace 10 (warmup): finished at 12931 tokens | answer=3
Trace 7 (warmup): finished at 13107 tokens | answer=3
Trace 2 (warmup): finished at 13137 tokens | answer=3
Trace 0 (warmup): finished at 13297 tokens | answer=3
Trace 1 (warmup): finished at 13371 tokens | answer=3
Trace 6 (warmup): finished at 14358 tokens | answer=3
Trace 4 (warmup): finished at 15441 tokens | answer=3

Warmup done: bar frozen at 12.810 (keep top 10% of 16 warmup minima)
Consensus already held at warmup ('3' at 100%) — online wave skipped

=== DeepConf Summary (online, streaming) ===
Bar: 12.810 (keep top 10%) | warmup 16 | budget 32 | tau 0.95
Traces: finished 16 | stopped 0 | truncated 0 | abandoned 0
Voting pool: 2 (warmup above bar + online finishers)
Total tokens: 193991 | time: 120.94s

----------------------------------------------------------------------
Method                        Answer      Votes  Confidence  Correct
----------------------------------------------------------------------
majority                      3           2      -           ✓
mean_confidence_weighted      3           2      16.104      ✓
tail_confidence_weighted      3           2      18.542      ✓
bottom_window_weighted        3           2      13.580      ✓
min_window_weighted           3           2      12.827      ✓
top10_tail_filtered           3           1      19.057      ✓
top10_bottom_window_filtered  3           1      13.646      ✓
Q19 done | gt=3 | majority:✓, mean_confidence_weighted:✓, tail_confidence_weighted:✓, bottom_window_weighted:✓, min_window_weighted:✓, top10_tail_filtered:✓, top10_bottom_window_filtered:✓
Saved to /results/math500_w256/deepconf_out/math500_q19_deepconf_p10_c95.pkl

============================================================
### Q20  (32 min into the sweep)
============================================================
Q20: Evaluate $(1+2i)6-3i$....
Ground truth: 6+9i

Warmup: 16 traces, streaming per token
Trace 4 (warmup): finished at 540 tokens | answer=6+9i
Trace 13 (warmup): finished at 554 tokens | answer=6+9i
Trace 10 (warmup): finished at 615 tokens | answer=6+9i
Trace 8 (warmup): finished at 633 tokens | answer=6+9i
Trace 9 (warmup): finished at 654 tokens | answer=6+9i
Trace 1 (warmup): finished at 665 tokens | answer=6+9i
Trace 7 (warmup): finished at 664 tokens | answer=6+9i
Trace 15 (warmup): finished at 688 tokens | answer=6+9i
Trace 14 (warmup): finished at 754 tokens | answer=6+9i
Trace 6 (warmup): finished at 823 tokens | answer=6+9i
Trace 2 (warmup): finished at 849 tokens | answer=6+9i
Trace 5 (warmup): finished at 848 tokens | answer=6+9i
Trace 11 (warmup): finished at 1285 tokens | answer=6+9i
Trace 12 (warmup): finished at 1377 tokens | answer=6+9i
Trace 0 (warmup): finished at 1625 tokens | answer=6+9i
Trace 3 (warmup): finished at 2598 tokens | answer=6+9i

Warmup done: bar frozen at 14.231 (keep top 10% of 16 warmup minima)
Consensus already held at warmup ('6+9i' at 100%) — online wave skipped

=== DeepConf Summary (online, streaming) ===
Bar: 14.231 (keep top 10%) | warmup 16 | budget 32 | tau 0.95
Traces: finished 16 | stopped 0 | truncated 0 | abandoned 0
Voting pool: 2 (warmup above bar + online finishers)
Total tokens: 15172 | time: 15.46s

----------------------------------------------------------------------
Method                        Answer      Votes  Confidence  Correct
----------------------------------------------------------------------
majority                      6+9i        2      -           ✓
mean_confidence_weighted      6+9i        2      15.330      ✓
tail_confidence_weighted      6+9i        2      15.870      ✓
bottom_window_weighted        6+9i        2      14.464      ✓
min_window_weighted           6+9i        2      14.391      ✓
top10_tail_filtered           6+9i        1      16.533      ✓
top10_bottom_window_filtered  6+9i        1      14.573      ✓
Q20 done | gt=6+9i | majority:✓, mean_confidence_weighted:✓, tail_confidence_weighted:✓, bottom_window_weighted:✓, min_window_weighted:✓, top10_tail_filtered:✓, top10_bottom_window_filtered:✓
Saved to /results/math500_w256/deepconf_out/math500_q20_deepconf_p10_c95.pkl

============================================================
### Q21  (33 min into the sweep)
============================================================
Q21: Find the greatest integer less than $(\sqrt{7} + \sqrt{5})^6.$  (Do not use a ca...
Ground truth: 13535

Warmup: 16 traces, streaming per token
Trace 4 (warmup): finished at 13006 tokens | answer=13535
Trace 13 (warmup): finished at 15324 tokens | answer=13535
Trace 14 (warmup): finished at 15437 tokens | answer=13535
Trace 0 (warmup): finished at 15616 tokens | answer=13535
Trace 3 (warmup): finished at 16876 tokens | answer=13535
Trace 11 (warmup): finished at 17561 tokens | answer=13535
Trace 15 (warmup): finished at 17619 tokens | answer=13535
Trace 9 (warmup): finished at 18001 tokens | answer=13535
Trace 8 (warmup): finished at 18797 tokens | answer=13535
Trace 5 (warmup): finished at 18974 tokens | answer=13535
Trace 6 (warmup): finished at 19521 tokens | answer=13535
Trace 7 (warmup): finished at 19942 tokens | answer=13535
Trace 1 (warmup): finished at 20197 tokens | answer=13535
Trace 12 (warmup): finished at 20535 tokens | answer=13535
Trace 2 (warmup): finished at 21573 tokens | answer=13535
Trace 10 (warmup): finished at 26146 tokens | answer=13535

Warmup done: bar frozen at 13.951 (keep top 10% of 16 warmup minima)
Consensus already held at warmup ('13535' at 100%) — online wave skipped

=== DeepConf Summary (online, streaming) ===
Bar: 13.951 (keep top 10%) | warmup 16 | budget 32 | tau 0.95
Traces: finished 16 | stopped 0 | truncated 0 | abandoned 0
Voting pool: 2 (warmup above bar + online finishers)
Total tokens: 295125 | time: 214.72s

----------------------------------------------------------------------
Method                        Answer      Votes  Confidence  Correct
----------------------------------------------------------------------
majority                      13535       2      -           ✓
mean_confidence_weighted      13535       2      16.835      ✓
tail_confidence_weighted      13535       2      17.315      ✓
bottom_window_weighted        13535       2      14.883      ✓
min_window_weighted           13535       2      14.085      ✓
top10_tail_filtered           13535       1      17.425      ✓
top10_bottom_window_filtered  13535       1      14.994      ✓
Q21 done | gt=13535 | majority:✓, mean_confidence_weighted:✓, tail_confidence_weighted:✓, bottom_window_weighted:✓, min_window_weighted:✓, top10_tail_filtered:✓, top10_bottom_window_filtered:✓
Saved to /results/math500_w256/deepconf_out/math500_q21_deepconf_p10_c95.pkl

============================================================
### Q22  (36 min into the sweep)
============================================================
Q22: Denali and Nate work for a dog walking business and are paid for each dog they w...
Ground truth: 5

Warmup: 16 traces, streaming per token
Trace 12 (warmup): finished at 2619 tokens | answer=5
Trace 6 (warmup): finished at 3200 tokens | answer=5
Trace 13 (warmup): finished at 3251 tokens | answer=5
Trace 8 (warmup): finished at 3296 tokens | answer=5
Trace 10 (warmup): finished at 3537 tokens | answer=5
Trace 0 (warmup): finished at 3784 tokens | answer=5
Trace 15 (warmup): finished at 3973 tokens | answer=5
Trace 7 (warmup): finished at 4281 tokens | answer=5
Trace 4 (warmup): finished at 4372 tokens | answer=5
Trace 5 (warmup): finished at 4921 tokens | answer=5
Trace 11 (warmup): finished at 5134 tokens | answer=5
Trace 3 (warmup): finished at 5626 tokens | answer=5
Trace 9 (warmup): finished at 5717 tokens | answer=5
Trace 1 (warmup): finished at 7128 tokens | answer=5
Trace 14 (warmup): finished at 7485 tokens | answer=5
Trace 2 (warmup): finished at 10002 tokens | answer=5

Warmup done: bar frozen at 11.191 (keep top 10% of 16 warmup minima)
Consensus already held at warmup ('5' at 100%) — online wave skipped

=== DeepConf Summary (online, streaming) ===
Bar: 11.191 (keep top 10%) | warmup 16 | budget 32 | tau 0.95
Traces: finished 16 | stopped 0 | truncated 0 | abandoned 0
Voting pool: 2 (warmup above bar + online finishers)
Total tokens: 78326 | time: 65.54s

----------------------------------------------------------------------
Method                        Answer      Votes  Confidence  Correct
----------------------------------------------------------------------
majority                      5           2      -           ✓
mean_confidence_weighted      5           2      14.947      ✓
tail_confidence_weighted      5           2      18.154      ✓
bottom_window_weighted        5           2      12.187      ✓
min_window_weighted           5           2      11.744      ✓
top10_tail_filtered           5           1      18.205      ✓
top10_bottom_window_filtered  5           1      12.544      ✓
Q22 done | gt=5 | majority:✓, mean_confidence_weighted:✓, tail_confidence_weighted:✓, bottom_window_weighted:✓, min_window_weighted:✓, top10_tail_filtered:✓, top10_bottom_window_filtered:✓
Saved to /results/math500_w256/deepconf_out/math500_q22_deepconf_p10_c95.pkl

============================================================
### Q23  (37 min into the sweep)
============================================================
Q23: Find all values of $x$ that satisfy the equation $x = \!\sqrt{11-2x} + 4$....
Ground truth: x=5

Warmup: 16 traces, streaming per token
Trace 10 (warmup): finished at 2884 tokens | answer=5
Trace 14 (warmup): finished at 3277 tokens | answer=5
Trace 13 (warmup): finished at 3371 tokens | answer=5
Trace 1 (warmup): finished at 3473 tokens | answer=5
Trace 11 (warmup): finished at 3567 tokens | answer=5
Trace 9 (warmup): finished at 3995 tokens | answer=5
Trace 12 (warmup): finished at 4681 tokens | answer=5
Trace 2 (warmup): finished at 4781 tokens | answer=5
Trace 4 (warmup): finished at 4862 tokens | answer=5
Trace 8 (warmup): finished at 4928 tokens | answer=5
Trace 5 (warmup): finished at 4999 tokens | answer=5
Trace 15 (warmup): finished at 6097 tokens | answer=5
Trace 0 (warmup): finished at 6247 tokens | answer=5
Trace 7 (warmup): finished at 6340 tokens | answer=5
Trace 3 (warmup): finished at 6915 tokens | answer=5
Trace 6 (warmup): finished at 7451 tokens | answer=5

Warmup done: bar frozen at 13.254 (keep top 10% of 16 warmup minima)
Consensus already held at warmup ('5' at 100%) — online wave skipped

=== DeepConf Summary (online, streaming) ===
Bar: 13.254 (keep top 10%) | warmup 16 | budget 32 | tau 0.95
Traces: finished 16 | stopped 0 | truncated 0 | abandoned 0
Voting pool: 2 (warmup above bar + online finishers)
Total tokens: 77868 | time: 53.81s

----------------------------------------------------------------------
Method                        Answer      Votes  Confidence  Correct
----------------------------------------------------------------------
majority                      5           2      -           ✓
mean_confidence_weighted      5           2      15.942      ✓
tail_confidence_weighted      5           2      17.718      ✓
bottom_window_weighted        5           2      13.686      ✓
min_window_weighted           5           2      13.281      ✓
top10_tail_filtered           5           1      18.147      ✓
top10_bottom_window_filtered  5           1      13.720      ✓
Q23 done | gt=x=5 | majority:✓, mean_confidence_weighted:✓, tail_confidence_weighted:✓, bottom_window_weighted:✓, min_window_weighted:✓, top10_tail_filtered:✓, top10_bottom_window_filtered:✓
Saved to /results/math500_w256/deepconf_out/math500_q23_deepconf_p10_c95.pkl

============================================================
### Q24  (38 min into the sweep)
============================================================
Q24: A worker receives an annual wage of $\$20{,}000$, which he always deposits into ...
Ground truth: 10

Warmup: 16 traces, streaming per token
Trace 11 (warmup): finished at 4836 tokens | answer=10
Trace 0 (warmup): finished at 7114 tokens | answer=10
Trace 1 (warmup): finished at 7734 tokens | answer=10
Trace 4 (warmup): finished at 8059 tokens | answer=10
Trace 2 (warmup): finished at 8475 tokens | answer=10
Trace 3 (warmup): finished at 8841 tokens | answer=10
Trace 12 (warmup): finished at 9178 tokens | answer=10
Trace 14 (warmup): finished at 9444 tokens | answer=10
Trace 5 (warmup): finished at 9566 tokens | answer=10
Trace 9 (warmup): finished at 9613 tokens | answer=10
Trace 15 (warmup): finished at 9715 tokens | answer=10
Trace 6 (warmup): finished at 9765 tokens | answer=10
Trace 7 (warmup): finished at 10186 tokens | answer=10
Trace 8 (warmup): finished at 11665 tokens | answer=10
Trace 10 (warmup): finished at 11843 tokens | answer=10
Trace 13 (warmup): finished at 13693 tokens | answer=10

Warmup done: bar frozen at 12.338 (keep top 10% of 16 warmup minima)
Consensus already held at warmup ('10' at 100%) — online wave skipped

=== DeepConf Summary (online, streaming) ===
Bar: 12.338 (keep top 10%) | warmup 16 | budget 32 | tau 0.95
Traces: finished 16 | stopped 0 | truncated 0 | abandoned 0
Voting pool: 2 (warmup above bar + online finishers)
Total tokens: 149727 | time: 100.91s

----------------------------------------------------------------------
Method                        Answer      Votes  Confidence  Correct
----------------------------------------------------------------------
majority                      10          2      -           ✓
mean_confidence_weighted      10          2      15.560      ✓
tail_confidence_weighted      10          2      17.687      ✓
bottom_window_weighted        10          2      13.075      ✓
min_window_weighted           10          2      12.513      ✓
top10_tail_filtered           10          1      17.775      ✓
top10_bottom_window_filtered  10          1      13.077      ✓
Q24 done | gt=10 | majority:✓, mean_confidence_weighted:✓, tail_confidence_weighted:✓, bottom_window_weighted:✓, min_window_weighted:✓, top10_tail_filtered:✓, top10_bottom_window_filtered:✓
Saved to /results/math500_w256/deepconf_out/math500_q24_deepconf_p10_c95.pkl

Sweep over: 25 questions requested, 40 min total
