Benchmark: math500 — 500 questions from /root/repo/aws/.build/../../benchmarks/math500.jsonl, running 25

============================================================
### Q0  (0 min into the sweep)
============================================================
Q0: Convert the point $(0,3)$ in rectangular coordinates to polar coordinates.  Ente...
Ground truth: \left( 3, \frac{\pi}{2} \right)

Run start: 16 seats (cap 32), streaming (report every 1 tokens) | wave 1 line-free; replacements face the self-calibrating bar (keep top 10%, arms at 1 finishers, updates per finisher) | probes every 4096 (graduate at 0.95) | loop guard ON (cut) | close: landslide (95%) OR certificate
Trace 13: finished at 969 tokens | answer=\left(3,\ \dfrac{\pi}{2}\right)
Bar ARMED at 13.467 (1 finishers calibrating, keep top 10%)
Trace 16: seated (replacing 13) | bar 13.467
Trace 12: cut at the bar 13.467 (its low 12.618, 976 tokens)
Trace 17: seated (replacing 12) | bar 13.467
Trace 0: cut at the bar 13.467 (its low 13.129, 976 tokens)
Trace 18: seated (replacing 0) | bar 13.467
Trace 5: cut at the bar 13.467 (its low 12.492, 976 tokens)
Trace 19: seated (replacing 5) | bar 13.467
Trace 1: cut at the bar 13.467 (its low 13.264, 978 tokens)
Trace 20: seated (replacing 1) | bar 13.467
Trace 10: cut at the bar 13.467 (its low 12.230, 1013 tokens)
Trace 21: seated (replacing 10) | bar 13.467
Trace 2: finished at 1051 tokens | answer=\left(3,\ \dfrac{\pi}{2}\right)
Trace 22: seated (replacing 2) | bar 14.661
Trace 9: cut at the bar 14.661 (its low 13.946, 1052 tokens)
Trace 23: seated (replacing 9) | bar 14.661
Trace 7: cut at the bar 14.661 (its low 13.336, 1052 tokens)
Trace 24: seated (replacing 7) | bar 14.661
Trace 8: cut at the bar 14.661 (its low 13.803, 1052 tokens)
Trace 25: seated (replacing 8) | bar 14.661
Trace 6: cut at the bar 14.661 (its low 13.552, 1052 tokens)
Trace 26: seated (replacing 6) | bar 14.661
Trace 15: cut at the bar 14.661 (its low 13.563, 1058 tokens)
Trace 27: seated (replacing 15) | bar 14.661
Trace 4: finished at 1083 tokens | answer=\left(3,\ \dfrac{\pi}{2}\right)
Consensus after 3 finishers: '\left(3,\ \dfrac{\pi}{2}\right)' holds 100% — killing 15 in-flight streams, no new launches

Basic voting candidates: 3
Sample voting answers: ['\\left(3,\\ \\dfrac{\\pi}{2}\\right)', '\\left(3,\\ \\dfrac{\\pi}{2}\\right)', '\\left(3,\\ \\dfrac{\\pi}{2}\\right)']

=== PeerConf Summary (streaming) ===
Final bar: 14.528 (keep top 10% of finishers' minima) | seats 16 | launched 28/32 | events: 17011
Traces: finished 3 | stopped 10 | truncated 0 | abandoned 15
Graduation probes: 0 fired (0 probe tokens) | graduated early: 0
Loop guard: 0 loops caught and ended (no ballots cast)
Valid answers for voting: 3
Final answer: \left(3,\ \dfrac{\pi}{2}\right)   | ground truth: \left( 3, \frac{\pi}{2} \right)
Total tokens generated (traces + probes, incl. discarded): 17237
Total time: 7.34s

=== Voting Results Summary ===
  majority: \left(3,\ \dfrac{\pi}{2}\right) [3 votes]
  mean_confidence_weighted: \left(3,\ \dfrac{\pi}{2}\right) (conf: 15.267) [3 votes]
  tail_confidence_weighted: \left(3,\ \dfrac{\pi}{2}\right) (conf: 16.957) [3 votes]
  bottom_window_weighted: \left(3,\ \dfrac{\pi}{2}\right) (conf: 14.023) [3 votes]
  min_window_weighted: \left(3,\ \dfrac{\pi}{2}\right) (conf: 13.826) [3 votes]
  top10_tail_filtered: \left(3,\ \dfrac{\pi}{2}\right) (conf: 17.961) [1 votes]
  top10_bottom_window_filtered: \left(3,\ \dfrac{\pi}{2}\right) (conf: 15.064) [1 votes]

=== Detailed Voting Results ===
----------------------------------------------------------------------
Method                        Answer      Votes  Confidence  Correct
----------------------------------------------------------------------
majority                      \left(3,\ \dfrac{\pi}{2}\right)3      -           ✗
mean_confidence_weighted      \left(3,\ \dfrac{\pi}{2}\right)3      15.267      ✗
tail_confidence_weighted      \left(3,\ \dfrac{\pi}{2}\right)3      16.957      ✗
bottom_window_weighted        \left(3,\ \dfrac{\pi}{2}\right)3      14.023      ✗
min_window_weighted           \left(3,\ \dfrac{\pi}{2}\right)3      13.826      ✗
top10_tail_filtered           \left(3,\ \dfrac{\pi}{2}\right)1      17.961      ✗
top10_bottom_window_filtered  \left(3,\ \dfrac{\pi}{2}\right)1      15.064      ✗
Q0 done | gt=\left( 3, \frac{\pi}{2} \right) | majority:✗, mean_confidence_weighted:✗, tail_confidence_weighted:✗, bottom_window_weighted:✗, min_window_weighted:✗, top10_tail_filtered:✗, top10_bottom_window_filtered:✗
Saved to /results/math500_w256/peerconf_out/math500_q0_bar_cs_loopc.pkl

============================================================
### Q1  (0 min into the sweep)
============================================================
Q1: Define
\[p = \sum_{k = 1}^\infty \frac{1}{k^2} \quad \text{and} \quad q = \sum_{...
Ground truth: p - q

Run start: 16 seats (cap 32), streaming (report every 1 tokens) | wave 1 line-free; replacements face the self-calibrating bar (keep top 10%, arms at 1 finishers, updates per finisher) | probes every 4096 (graduate at 0.95) | loop guard ON (cut) | close: landslide (95%) OR certificate
Trace 4: GRADUATED at 4096 tokens — conf 1.000, answer p - q
Trace 4: finished EARLY at 4105 tokens (graduation probe) | answer=p - q
Bar ARMED at 13.519 (1 finishers calibrating, keep top 10%)
Trace 16: seated (replacing 4) | bar 13.519
Trace 1: GRADUATED at 4096 tokens — conf 1.000, answer p - q
Trace 2: GRADUATED at 4096 tokens — conf 1.000, answer p - q
Trace 2: finished EARLY at 4106 tokens (graduation probe) | answer=p - q
Trace 17: seated (replacing 2) | bar 14.467
Trace 1: finished EARLY at 4106 tokens (graduation probe) | answer=p - q
Consensus after 3 finishers: 'p - q' holds 100% — killing 15 in-flight streams, no new launches

Basic voting candidates: 3
Sample voting answers: ['p - q', 'p - q', 'p - q']

=== PeerConf Summary (streaming) ===
Final bar: 14.362 (keep top 10% of finishers' minima) | seats 16 | launched 18/32 | events: 63626
Traces: finished 3 | stopped 0 | truncated 0 | abandoned 15
Graduation probes: 9 fired (96 probe tokens) | graduated early: 3
Loop guard: 0 loops caught and ended (no ballots cast)
Valid answers for voting: 3
Final answer: p - q   | ground truth: p - q
Total tokens generated (traces + probes, incl. discarded): 65843 (of which probes: 96)
Total time: 29.58s

=== Voting Results Summary ===
  majority: p - q [3 votes]
  mean_confidence_weighted: p - q (conf: 16.020) [3 votes]
  tail_confidence_weighted: p - q (conf: 15.471) [3 votes]
  bottom_window_weighted: p - q (conf: 14.275) [3 votes]
  min_window_weighted: p - q (conf: 13.663) [3 votes]
  top10_tail_filtered: p - q (conf: 16.445) [1 votes]
  top10_bottom_window_filtered: p - q (conf: 14.941) [1 votes]

=== Detailed Voting Results ===
----------------------------------------------------------------------
Method                        Answer      Votes  Confidence  Correct
----------------------------------------------------------------------
majority                      p - q       3      -           ✓
mean_confidence_weighted      p - q       3      16.020      ✓
tail_confidence_weighted      p - q       3      15.471      ✓
bottom_window_weighted        p - q       3      14.275      ✓
min_window_weighted           p - q       3      13.663      ✓
top10_tail_filtered           p - q       1      16.445      ✓
top10_bottom_window_filtered  p - q       1      14.941      ✓
Q1 done | gt=p - q | majority:✓, mean_confidence_weighted:✓, tail_confidence_weighted:✓, bottom_window_weighted:✓, min_window_weighted:✓, top10_tail_filtered:✓, top10_bottom_window_filtered:✓
Saved to /results/math500_w256/peerconf_out/math500_q1_bar_cs_loopc.pkl

============================================================
### Q2  (1 min into the sweep)
============================================================
Q2: If $f(x) = \frac{3x-2}{x-2}$, what is the value of $f(-2) +f(-1)+f(0)$? Express ...
Ground truth: \frac{14}{3}

Run start: 16 seats (cap 32), streaming (report every 1 tokens) | wave 1 line-free; replacements face the self-calibrating bar (keep top 10%, arms at 1 finishers, updates per finisher) | probes every 4096 (graduate at 0.95) | loop guard ON (cut) | close: landslide (95%) OR certificate
Trace 14: finished at 1568 tokens | answer=\dfrac{14}{3}
Bar ARMED at 15.951 (1 finishers calibrating, keep top 10%)
Trace 16: seated (replacing 14) | bar 15.951
Trace 6: cut at the bar 15.951 (its low 13.794, 1571 tokens)
Trace 17: seated (replacing 6) | bar 15.951
Trace 9: cut at the bar 15.951 (its low 14.560, 1571 tokens)
Trace 18: seated (replacing 9) | bar 15.951
Trace 0: cut at the bar 15.951 (its low 13.737, 1573 tokens)
Trace 19: seated (replacing 0) | bar 15.951
Trace 1: cut at the bar 15.951 (its low 13.756, 1573 tokens)
Trace 20: seated (replacing 1) | bar 15.951
Trace 7: cut at the bar 15.951 (its low 15.490, 1571 tokens)
Trace 21: seated (replacing 7) | bar 15.951
Trace 3: cut at the bar 15.951 (its low 14.429, 1572 tokens)
Trace 22: seated (replacing 3) | bar 15.951
Trace 11: cut at the bar 15.951 (its low 13.148, 1570 tokens)
Trace 23: seated (replacing 11) | bar 15.951
Trace 13: cut at the bar 15.951 (its low 14.402, 1570 tokens)
Trace 24: seated (replacing 13) | bar 15.951
Trace 12: cut at the bar 15.951 (its low 15.527, 1584 tokens)
Trace 25: seated (replacing 12) | bar 15.951
Trace 15: cut at the bar 15.951 (its low 15.927, 1610 tokens)
Trace 26: seated (replacing 15) | bar 15.951
Trace 10: cut at the bar 15.951 (its low 14.874, 1703 tokens)
Trace 27: seated (replacing 10) | bar 15.951
Trace 5: cut at the bar 15.951 (its low 15.676, 1767 tokens)
Trace 28: seated (replacing 5) | bar 15.951
Trace 2: finished at 1787 tokens | answer=\dfrac{14}{3}
Trace 29: seated (replacing 2) | bar 15.914
Trace 4: finished at 1829 tokens | answer=\dfrac{14}{3}
Consensus after 3 finishers: '\dfrac{14}{3}' holds 100% — killing 15 in-flight streams, no new launches

Basic voting candidates: 3
Sample voting answers: ['\\dfrac{14}{3}', '\\dfrac{14}{3}', '\\dfrac{14}{3}']

=== PeerConf Summary (streaming) ===
Final bar: 15.876 (keep top 10% of finishers' minima) | seats 16 | launched 30/32 | events: 28343
Traces: finished 3 | stopped 12 | truncated 0 | abandoned 15
Graduation probes: 0 fired (0 probe tokens) | graduated early: 0
Loop guard: 0 loops caught and ended (no ballots cast)
Valid answers for voting: 3
Final answer: \dfrac{14}{3}   | ground truth: \frac{14}{3}
Total tokens generated (traces + probes, incl. discarded): 29057
Total time: 12.35s

=== Voting Results Summary ===
  majority: \dfrac{14}{3} [3 votes]
  mean_confidence_weighted: \dfrac{14}{3} (conf: 17.285) [3 votes]
  tail_confidence_weighted: \dfrac{14}{3} (conf: 18.550) [3 votes]
  bottom_window_weighted: \dfrac{14}{3} (conf: 15.833) [3 votes]
  min_window_weighted: \dfrac{14}{3} (conf: 15.498) [3 votes]
  top10_tail_filtered: \dfrac{14}{3} (conf: 18.820) [1 votes]
  top10_bottom_window_filtered: \dfrac{14}{3} (conf: 16.196) [1 votes]

=== Detailed Voting Results ===
----------------------------------------------------------------------
Method                        Answer      Votes  Confidence  Correct
----------------------------------------------------------------------
majority                      \dfrac{14}{3}3      -           ✓
mean_confidence_weighted      \dfrac{14}{3}3      17.285      ✓
tail_confidence_weighted      \dfrac{14}{3}3      18.550      ✓
bottom_window_weighted        \dfrac{14}{3}3      15.833      ✓
min_window_weighted           \dfrac{14}{3}3      15.498      ✓
top10_tail_filtered           \dfrac{14}{3}1      18.820      ✓
top10_bottom_window_filtered  \dfrac{14}{3}1      16.196      ✓
Q2 done | gt=\frac{14}{3} | majority:✓, mean_confidence_weighted:✓, tail_confidence_weighted:✓, bottom_window_weighted:✓, min_window_weighted:✓, top10_tail_filtered:✓, top10_bottom_window_filtered:✓
Saved to /results/math500_w256/peerconf_out/math500_q2_bar_cs_loopc.pkl

============================================================
### Q3  (1 min into the sweep)
============================================================
Q3: How many positive whole-number divisors does 196 have?...
Ground truth: 9

Run start: 16 seats (cap 32), streaming (report every 1 tokens) | wave 1 line-free; replacements face the self-calibrating bar (keep top 10%, arms at 1 finishers, updates per finisher) | probes every 4096 (graduate at 0.95) | loop guard ON (cut) | close: landslide (95%) OR certificate
Trace 13: finished at 1039 tokens | answer=9
Bar ARMED at 11.857 (1 finishers calibrating, keep top 10%)
Trace 16: seated (replacing 13) | bar 11.857
Trace 15: cut at the bar 11.857 (its low 11.200, 1040 tokens)
Trace 17: seated (replacing 15) | bar 11.857
Trace 12: cut at the bar 11.857 (its low 11.453, 1040 tokens)
Trace 18: seated (replacing 12) | bar 11.857
Trace 11: cut at the bar 11.857 (its low 11.658, 1040 tokens)
Trace 19: seated (replacing 11) | bar 11.857
Trace 14: cut at the bar 11.857 (its low 10.646, 1040 tokens)
Trace 20: seated (replacing 14) | bar 11.857
Trace 7: cut at the bar 11.857 (its low 11.701, 1041 tokens)
Trace 21: seated (replacing 7) | bar 11.857
Trace 5: cut at the bar 11.857 (its low 11.354, 1042 tokens)
Trace 22: seated (replacing 5) | bar 11.857
Trace 3: cut at the bar 11.857 (its low 10.597, 1042 tokens)
Trace 23: seated (replacing 3) | bar 11.857
Trace 10: cut at the bar 11.857 (its low 10.713, 1041 tokens)
Trace 24: seated (replacing 10) | bar 11.857
Trace 0: cut at the bar 11.857 (its low 11.676, 1083 tokens)
Trace 25: seated (replacing 0) | bar 11.857
Trace 2: cut at the bar 11.857 (its low 11.849, 1121 tokens)
Trace 26: seated (replacing 2) | bar 11.857
Trace 9: cut at the bar 11.857 (its low 11.838, 1189 tokens)
Trace 27: seated (replacing 9) | bar 11.857
Trace 8: finished at 1207 tokens | answer=9
Trace 28: seated (replacing 8) | bar 11.823
Trace 1: finished at 1333 tokens | answer=9
Consensus after 3 finishers: '9' holds 100% — killing 15 in-flight streams, no new launches

Basic voting candidates: 3
Sample voting answers: ['9', '9', '9']

=== PeerConf Summary (streaming) ===
Final bar: 11.788 (keep top 10% of finishers' minima) | seats 16 | launched 29/32 | events: 20878
Traces: finished 3 | stopped 11 | truncated 0 | abandoned 15
Graduation probes: 0 fired (0 probe tokens) | graduated early: 0
Loop guard: 0 loops caught and ended (no ballots cast)
Valid answers for voting: 3
Final answer: 9   | ground truth: 9
Total tokens generated (traces + probes, incl. discarded): 21201
Total time: 9.01s

=== Voting Results Summary ===
  majority: 9 [3 votes]
  mean_confidence_weighted: 9 (conf: 13.738) [3 votes]
  tail_confidence_weighted: 9 (conf: 15.451) [3 votes]
  bottom_window_weighted: 9 (conf: 11.604) [3 votes]
  min_window_weighted: 9 (conf: 11.372) [3 votes]
  top10_tail_filtered: 9 (conf: 15.813) [1 votes]
  top10_bottom_window_filtered: 9 (conf: 12.200) [1 votes]

=== Detailed Voting Results ===
----------------------------------------------------------------------
Method                        Answer      Votes  Confidence  Correct
----------------------------------------------------------------------
majority                      9           3      -           ✓
mean_confidence_weighted      9           3      13.738      ✓
tail_confidence_weighted      9           3      15.451      ✓
bottom_window_weighted        9           3      11.604      ✓
min_window_weighted           9           3      11.372      ✓
top10_tail_filtered           9           1      15.813      ✓
top10_bottom_window_filtered  9           1      12.200      ✓
Q3 done | gt=9 | majority:✓, mean_confidence_weighted:✓, tail_confidence_weighted:✓, bottom_window_weighted:✓, min_window_weighted:✓, top10_tail_filtered:✓, top10_bottom_window_filtered:✓
Saved to /results/math500_w256/peerconf_out/math500_q3_bar_cs_loopc.pkl

============================================================
### Q4  (1 min into the sweep)
============================================================
Q4: The results of a cross-country team's training run are graphed below. Which stud...
Ground truth: \text{Evelyn}

Run start: 16 seats (cap 32), streaming (report every 1 tokens) | wave 1 line-free; replacements face the self-calibrating bar (keep top 10%, arms at 1 finishers, updates per finisher) | probes every 4096 (graduate at 0.95) | loop guard ON (cut) | close: landslide (95%) OR certificate
Trace 10: finished at 3056 tokens | answer=\text{Evelyn}
Bar ARMED at 9.278 (1 finishers calibrating, keep top 10%)
Trace 16: seated (replacing 10) | bar 9.278
Trace 11: cut at the bar 9.278 (its low 9.077, 3247 tokens)
Trace 17: seated (replacing 11) | bar 9.278
Trace 2: finished at 3560 tokens | answer=\text{Evelyn}
Trace 18: seated (replacing 2) | bar 9.272
Trace 16: cut at the bar 9.272 (its low 9.249, 505 tokens)
Trace 19: seated (replacing 16) | bar 9.272
Trace 17: cut at the bar 9.272 (its low 9.271, 499 tokens)
Trace 20: seated (replacing 17) | bar 9.272
Trace 9: finished at 4063 tokens | answer=\text{Evelyn}
Consensus after 3 finishers: '\text{Evelyn}' holds 100% — killing 15 in-flight streams, no new launches

Basic voting candidates: 3
Sample voting answers: ['\\text{Evelyn}', '\\text{Evelyn}', '\\text{Evelyn}']

=== PeerConf Summary (streaming) ===
Final bar: 9.489 (keep top 10% of finishers' minima) | seats 16 | launched 21/32 | events: 62630
Traces: finished 3 | stopped 3 | truncated 0 | abandoned 15
Graduation probes: 0 fired (0 probe tokens) | graduated early: 0
Loop guard: 0 loops caught and ended (no ballots cast)
Valid answers for voting: 3
Final answer: \text{Evelyn}   | ground truth: \text{Evelyn}
Total tokens generated (traces + probes, incl. discarded): 64989
Total time: 29.35s

=== Voting Results Summary ===
  majority: \text{Evelyn} [3 votes]
  mean_confidence_weighted: \text{Evelyn} (conf: 12.062) [3 votes]
  tail_confidence_weighted: \text{Evelyn} (conf: 15.884) [3 votes]
  bottom_window_weighted: \text{Evelyn} (conf: 9.907) [3 votes]
  min_window_weighted: \text{Evelyn} (conf: 9.346) [3 votes]
  top10_tail_filtered: \text{Evelyn} (conf: 16.172) [1 votes]
  top10_bottom_window_filtered: \text{Evelyn} (conf: 10.385) [1 votes]

=== Detailed Voting Results ===
----------------------------------------------------------------------
Method                        Answer      Votes  Confidence  Correct
----------------------------------------------------------------------
majority                      \text{Evelyn}3      -           ✓
mean_confidence_weighted      \text{Evelyn}3      12.062      ✓
tail_confidence_weighted      \text{Evelyn}3      15.884      ✓
bottom_window_weighted        \text{Evelyn}3      9.907       ✓
min_window_weighted           \text{Evelyn}3      9.346       ✓
top10_tail_filtered           \text{Evelyn}1      16.172      ✓
top10_bottom_window_filtered  \text{Evelyn}1      10.385      ✓
Q4 done | gt=\text{Evelyn} | majority:✓, mean_confidence_weighted:✓, tail_confidence_weighted:✓, bottom_window_weighted:✓, min_window_weighted:✓, top10_tail_filtered:✓, top10_bottom_window_filtered:✓
Saved to /results/math500_w256/peerconf_out/math500_q4_bar_cs_loopc.pkl

============================================================
### Q5  (1 min into the sweep)
============================================================
Q5: A regular hexagon can be divided into six equilateral triangles. If the perimete...
Ground truth: 42

Run start: 16 seats (cap 32), streaming (report every 1 tokens) | wave 1 line-free; replacements face the self-calibrating bar (keep top 10%, arms at 1 finishers, updates per finisher) | probes every 4096 (graduate at 0.95) | loop guard ON (cut) | close: landslide (95%) OR certificate
Trace 8: finished at 747 tokens | answer=42
Bar ARMED at 12.855 (1 finishers calibrating, keep top 10%)
Trace 16: seated (replacing 8) | bar 12.855
Trace 11: cut at the bar 12.855 (its low 11.618, 746 tokens)
Trace 17: seated (replacing 11) | bar 12.855
Trace 10: cut at the bar 12.855 (its low 12.549, 748 tokens)
Trace 18: seated (replacing 10) | bar 12.855
Trace 14: cut at the bar 12.855 (its low 12.495, 746 tokens)
Trace 19: seated (replacing 14) | bar 12.855
Trace 6: cut at the bar 12.855 (its low 12.326, 749 tokens)
Trace 20: seated (replacing 6) | bar 12.855
Trace 7: cut at the bar 12.855 (its low 12.850, 769 tokens)
Trace 21: seated (replacing 7) | bar 12.855
Trace 12: cut at the bar 12.855 (its low 12.849, 769 tokens)
Trace 22: seated (replacing 12) | bar 12.855
Trace 9: cut at the bar 12.855 (its low 12.849, 771 tokens)
Trace 23: seated (replacing 9) | bar 12.855
Trace 13: cut at the bar 12.855 (its low 12.823, 785 tokens)
Trace 24: seated (replacing 13) | bar 12.855
Trace 4: cut at the bar 12.855 (its low 12.826, 803 tokens)
Trace 25: seated (replacing 4) | bar 12.855
Trace 5: cut at the bar 12.855 (its low 12.835, 857 tokens)
Trace 26: seated (replacing 5) | bar 12.855
Trace 1: cut at the bar 12.855 (its low 12.840, 875 tokens)
Trace 27: seated (replacing 1) | bar 12.855
Trace 3: cut at the bar 12.855 (its low 12.844, 895 tokens)
Trace 28: seated (replacing 3) | bar 12.855
Trace 15: cut at the bar 12.855 (its low 12.573, 1130 tokens)
Trace 29: seated (replacing 15) | bar 12.855
Trace 0: cut at the bar 12.855 (its low 12.855, 1152 tokens)
Trace 30: seated (replacing 0) | bar 12.855
Trace 2: cut at the bar 12.855 (its low 12.839, 1327 tokens)
Vote bar frozen at 12.852 (keep top 10% of 16 wave-1 minima)
Trace 31: seated (replacing 2) | bar 12.855
Trace 16: cut at the bar 12.855 (its low 12.836, 658 tokens)
Trace 23: cut at the bar 12.855 (its low 12.846, 652 tokens)
Trace 24: cut at the bar 12.855 (its low 12.835, 671 tokens)
Trace 21: cut at the bar 12.855 (its low 12.824, 712 tokens)
Trace 20: cut at the bar 12.855 (its low 12.845, 803 tokens)
Trace 26: cut at the bar 12.855 (its low 12.838, 739 tokens)
Trace 18: cut at the bar 12.855 (its low 12.819, 894 tokens)
Trace 28: cut at the bar 12.855 (its low 12.853, 769 tokens)
Trace 17: cut at the bar 12.855 (its low 12.853, 943 tokens)
Trace 19: cut at the bar 12.855 (its low 12.844, 964 tokens)
Trace 27: cut at the bar 12.855 (its low 12.829, 890 tokens)
Trace 22: cut at the bar 12.855 (its low 12.835, 1019 tokens)
Trace 29: cut at the bar 12.855 (its low 12.833, 882 tokens)
Trace 30: cut at the bar 12.855 (its low 12.851, 883 tokens)
Trace 31: cut at the bar 12.855 (its low 12.807, 934 tokens)
Trace 25: cut at the bar 12.855 (its low 12.851, 1487 tokens)
CERTIFICATE: '42' cannot be caught (margin exceeds all 0 outstanding) — run over

Basic voting candidates: 1
Sample voting answers: ['42']

=== PeerConf Summary (streaming) ===
Final bar: 12.855 (keep top 10% of finishers' minima) | seats 16 | launched 32/32 | events: 27290
Traces: finished 1 | stopped 31 | truncated 0 | abandoned 0
Graduation probes: 0 fired (0 probe tokens) | graduated early: 0
Loop guard: 0 loops caught and ended (no ballots cast)
Valid answers for voting: 1
Final answer: 42   | ground truth: 42
Total tokens generated (traces + probes, incl. discarded): 27769
Total time: 15.16s

=== Voting Results Summary ===
  majority: 42 [1 votes]
  mean_confidence_weighted: 42 (conf: 14.096) [1 votes]
  tail_confidence_weighted: 42 (conf: 14.920) [1 votes]
  bottom_window_weighted: 42 (conf: 13.151) [1 votes]
  min_window_weighted: 42 (conf: 12.855) [1 votes]
  top10_tail_filtered: 42 (conf: 14.920) [1 votes]
  top10_bottom_window_filtered: 42 (conf: 13.151) [1 votes]

=== Detailed Voting Results ===
----------------------------------------------------------------------
Method                        Answer      Votes  Confidence  Correct
----------------------------------------------------------------------
majority                      42          1      -           ✓
mean_confidence_weighted      42          1      14.096      ✓
tail_confidence_weighted      42          1      14.920      ✓
bottom_window_weighted        42          1      13.151      ✓
min_window_weighted           42          1      12.855      ✓
top10_tail_filtered           42          1      14.920      ✓
top10_bottom_window_filtered  42          1      13.151      ✓
Q5 done | gt=42 | majority:✓, mean_confidence_weighted:✓, tail_confidence_weighted:✓, bottom_window_weighted:✓, min_window_weighted:✓, top10_tail_filtered:✓, top10_bottom_window_filtered:✓
Saved to /results/math500_w256/peerconf_out/math500_q5_bar_cs_loopc.pkl

============================================================
### Q6  (2 min into the sweep)
============================================================
Q6: What is the smallest positive perfect cube that can be written as the sum of thr...
Ground truth: 27

Run start: 16 seats (cap 32), streaming (report every 1 tokens) | wave 1 line-free; replacements face the self-calibrating bar (keep top 10%, arms at 1 finishers, updates per finisher) | probes every 4096 (graduate at 0.95) | loop guard ON (cut) | close: landslide (95%) OR certificate
Trace 7: finished at 3212 tokens | answer=27
Bar ARMED at 11.886 (1 finishers calibrating, keep top 10%)
Trace 16: seated (replacing 7) | bar 11.886
Trace 13: cut at the bar 11.886 (its low 11.861, 3215 tokens)
Trace 17: seated (replacing 13) | bar 11.886
Trace 4: finished at 3640 tokens | answer=27
Trace 18: seated (replacing 4) | bar 12.912
Trace 8: cut at the bar 12.912 (its low 11.799, 3639 tokens)
Trace 19: seated (replacing 8) | bar 12.912
Trace 12: cut at the bar 12.912 (its low 11.509, 3638 tokens)
Trace 20: seated (replacing 12) | bar 12.912
Trace 1: finished at 3665 tokens | answer=27
Consensus after 3 finishers: '27' holds 100% — killing 15 in-flight streams, no new launches

Basic voting candidates: 3
Sample voting answers: ['27', '27', '27']

=== PeerConf Summary (streaming) ===
Final bar: 12.881 (keep top 10% of finishers' minima) | seats 16 | launched 21/32 | events: 55598
Traces: finished 3 | stopped 3 | truncated 0 | abandoned 15
Graduation probes: 0 fired (0 probe tokens) | graduated early: 0
Loop guard: 0 loops caught and ended (no ballots cast)
Valid answers for voting: 3
Final answer: 27   | ground truth: 27
Total tokens generated (traces + probes, incl. discarded): 58576
Total time: 25.90s

=== Voting Results Summary ===
  majority: 27 [3 votes]
  mean_confidence_weighted: 27 (conf: 14.452) [3 votes]
  tail_confidence_weighted: 27 (conf: 17.577) [3 votes]
  bottom_window_weighted: 27 (conf: 12.793) [3 votes]
  min_window_weighted: 27 (conf: 12.405) [3 votes]
  top10_tail_filtered: 27 (conf: 17.895) [1 votes]
  top10_bottom_window_filtered: 27 (conf: 13.378) [1 votes]

=== Detailed Voting Results ===
----------------------------------------------------------------------
Method                        Answer      Votes  Confidence  Correct
----------------------------------------------------------------------
majority                      27          3      -           ✓
mean_confidence_weighted      27          3      14.452      ✓
tail_confidence_weighted      27          3      17.577      ✓
bottom_window_weighted        27          3      12.793      ✓
min_window_weighted           27          3      12.405      ✓
top10_tail_filtered           27          1      17.895      ✓
top10_bottom_window_filtered  27          1      13.378      ✓
Q6 done | gt=27 | majority:✓, mean_confidence_weighted:✓, tail_confidence_weighted:✓, bottom_window_weighted:✓, min_window_weighted:✓, top10_tail_filtered:✓, top10_bottom_window_filtered:✓
Saved to /results/math500_w256/peerconf_out/math500_q6_bar_cs_loopc.pkl

============================================================
### Q7  (2 min into the sweep)
============================================================
Q7: The set of points $(x,y,z)$ that satisfy
\[2x = 3y = -z\]is a line.

The set of ...
Ground truth: 90^\circ

Run start: 16 seats (cap 32), streaming (report every 1 tokens) | wave 1 line-free; replacements face the self-calibrating bar (keep top 10%, arms at 1 finishers, updates per finisher) | probes every 4096 (graduate at 0.95) | loop guard ON (cut) | close: landslide (95%) OR certificate
Trace 2: GRADUATED at 4096 tokens — conf 1.000, answer 90
Trace 2: finished EARLY at 4105 tokens (graduation probe) | answer=90
Bar ARMED at 13.065 (1 finishers calibrating, keep top 10%)
Trace 16: seated (replacing 2) | bar 13.065
Trace 0: GRADUATED at 4096 tokens — conf 1.000, answer 90
Trace 0: finished EARLY at 4112 tokens (graduation probe) | answer=90
Trace 17: seated (replacing 0) | bar 13.309
Trace 1: cut at the bar 13.309 (its low 11.780, 4116 tokens)
Trace 18: seated (replacing 1) | bar 13.309
Trace 4: GRADUATED at 4096 tokens — conf 1.000, answer 90
Trace 4: finished EARLY at 4116 tokens (graduation probe) | answer=90
Consensus after 3 finishers: '90' holds 100% — killing 15 in-flight streams, no new launches

Basic voting candidates: 3
Sample voting answers: ['90', '90', '90']

=== PeerConf Summary (streaming) ===
Final bar: 13.317 (keep top 10% of finishers' minima) | seats 16 | launched 19/32 | events: 63296
Traces: finished 3 | stopped 1 | truncated 0 | abandoned 15
Graduation probes: 11 fired (138 probe tokens) | graduated early: 3
Loop guard: 0 loops caught and ended (no ballots cast)
Valid answers for voting: 3
Final answer: 90   | ground truth: 90^\circ
Total tokens generated (traces + probes, incl. discarded): 65996 (of which probes: 138)
Total time: 29.58s

=== Voting Results Summary ===
  majority: 90 [3 votes]
  mean_confidence_weighted: 90 (conf: 15.720) [3 votes]
  tail_confidence_weighted: 90 (conf: 15.145) [3 votes]
  bottom_window_weighted: 90 (conf: 13.837) [3 votes]
  min_window_weighted: 90 (conf: 13.213) [3 votes]
  top10_tail_filtered: 90 (conf: 17.084) [1 votes]
  top10_bottom_window_filtered: 90 (conf: 14.046) [1 votes]

=== Detailed Voting Results ===
----------------------------------------------------------------------
Method                        Answer      Votes  Confidence  Correct
----------------------------------------------------------------------
majority                      90          3      -           ✗
mean_confidence_weighted      90          3      15.720      ✗
tail_confidence_weighted      90          3      15.145      ✗
bottom_window_weighted        90          3      13.837      ✗
min_window_weighted           90          3      13.213      ✗
top10_tail_filtered           90          1      17.084      ✗
top10_bottom_window_filtered  90          1      14.046      ✗
Q7 done | gt=90^\circ | majority:✗, mean_confidence_weighted:✗, tail_confidence_weighted:✗, bottom_window_weighted:✗, min_window_weighted:✗, top10_tail_filtered:✗, top10_bottom_window_filtered:✗
Saved to /results/math500_w256/peerconf_out/math500_q7_bar_cs_loopc.pkl

============================================================
### Q8  (3 min into the sweep)
============================================================
Q8: What is the distance, in units, between the points $(2, -6)$ and $(-4, 3)$? Expr...
Ground truth: 3\sqrt{13}

Run start: 16 seats (cap 32), streaming (report every 1 tokens) | wave 1 line-free; replacements face the self-calibrating bar (keep top 10%, arms at 1 finishers, updates per finisher) | probes every 4096 (graduate at 0.95) | loop guard ON (cut) | close: landslide (95%) OR certificate
Trace 8: finished at 951 tokens | answer=3\sqrt{13}
Bar ARMED at 14.636 (1 finishers calibrating, keep top 10%)
Trace 16: seated (replacing 8) | bar 14.636
Trace 4: cut at the bar 14.636 (its low 13.642, 953 tokens)
Trace 17: seated (replacing 4) | bar 14.636
Trace 7: cut at the bar 14.636 (its low 14.202, 952 tokens)
Trace 18: seated (replacing 7) | bar 14.636
Trace 15: cut at the bar 14.636 (its low 13.704, 951 tokens)
Trace 19: seated (replacing 15) | bar 14.636
Trace 9: cut at the bar 14.636 (its low 13.436, 952 tokens)
Trace 20: seated (replacing 9) | bar 14.636
Trace 13: cut at the bar 14.636 (its low 12.192, 951 tokens)
Trace 21: seated (replacing 13) | bar 14.636
Trace 3: cut at the bar 14.636 (its low 13.270, 954 tokens)
Trace 22: seated (replacing 3) | bar 14.636
Trace 12: cut at the bar 14.636 (its low 13.682, 951 tokens)
Trace 23: seated (replacing 12) | bar 14.636
Trace 6: cut at the bar 14.636 (its low 12.619, 952 tokens)
Trace 24: seated (replacing 6) | bar 14.636
Trace 2: cut at the bar 14.636 (its low 13.269, 955 tokens)
Trace 25: seated (replacing 2) | bar 14.636
Trace 1: cut at the bar 14.636 (its low 12.960, 955 tokens)
Trace 26: seated (replacing 1) | bar 14.636
Trace 5: cut at the bar 14.636 (its low 13.842, 955 tokens)
Trace 27: seated (replacing 5) | bar 14.636
Trace 0: cut at the bar 14.636 (its low 14.603, 968 tokens)
Trace 28: seated (replacing 0) | bar 14.636
Trace 11: cut at the bar 14.636 (its low 14.269, 981 tokens)
Trace 29: seated (replacing 11) | bar 14.636
Trace 10: cut at the bar 14.636 (its low 13.814, 1039 tokens)
Trace 30: seated (replacing 10) | bar 14.636
Trace 14: finished at 1104 tokens | answer=3\sqrt{13}
Vote bar frozen at 14.436 (keep top 10% of 16 wave-1 minima)
Trace 31: seated (replacing 14) | bar 14.514
Trace 21: cut at the bar 14.514 (its low 14.458, 585 tokens)
Trace 25: cut at the bar 14.514 (its low 14.481, 622 tokens)
Trace 24: cut at the bar 14.514 (its low 14.503, 652 tokens)
Trace 19: cut at the bar 14.514 (its low 14.502, 662 tokens)
Trace 17: cut at the bar 14.514 (its low 14.510, 669 tokens)
Trace 20: cut at the bar 14.514 (its low 14.471, 756 tokens)
Trace 29: cut at the bar 14.514 (its low 14.491, 761 tokens)
Trace 23: cut at the bar 14.514 (its low 14.499, 783 tokens)
Trace 31: cut at the bar 14.514 (its low 14.476, 642 tokens)
Trace 26: cut at the bar 14.514 (its low 14.468, 846 tokens)
Trace 30: cut at the bar 14.514 (its low 14.510, 777 tokens)
Trace 22: cut at the bar 14.514 (its low 14.510, 904 tokens)
Trace 28: cut at the bar 14.514 (its low 14.511, 1002 tokens)
Trace 16: finished at 1075 tokens | answer=3\sqrt{13}
Consensus after 3 finishers: '3\sqrt{13}' holds 100% — killing 2 in-flight streams, no new launches

Basic voting candidates: 3
Sample voting answers: ['3\\sqrt{13}', '3\\sqrt{13}', '3\\sqrt{13}']

=== PeerConf Summary (streaming) ===
Final bar: 15.149 (keep top 10% of finishers' minima) | seats 16 | launched 32/32 | events: 28001
Traces: finished 3 | stopped 27 | truncated 0 | abandoned 2
Graduation probes: 0 fired (0 probe tokens) | graduated early: 0
Loop guard: 0 loops caught and ended (no ballots cast)
Valid answers for voting: 3
Final answer: 3\sqrt{13}   | ground truth: 3\sqrt{13}
Total tokens generated (traces + probes, incl. discarded): 28389
Total time: 13.09s

=== Voting Results Summary ===
  majority: 3\sqrt{13} [3 votes]
  mean_confidence_weighted: 3\sqrt{13} (conf: 16.245) [3 votes]
  tail_confidence_weighted: 3\sqrt{13} (conf: 18.002) [3 votes]
  bottom_window_weighted: 3\sqrt{13} (conf: 14.629) [3 votes]
  min_window_weighted: 3\sqrt{13} (conf: 14.444) [3 votes]
  top10_tail_filtered: 3\sqrt{13} (conf: 18.287) [1 votes]
  top10_bottom_window_filtered: 3\sqrt{13} (conf: 15.432) [1 votes]

=== Detailed Voting Results ===
----------------------------------------------------------------------
Method                        Answer      Votes  Confidence  Correct
----------------------------------------------------------------------
majority                      3\sqrt{13}  3      -           ✓
mean_confidence_weighted      3\sqrt{13}  3      16.245      ✓
tail_confidence_weighted      3\sqrt{13}  3      18.002      ✓
bottom_window_weighted        3\sqrt{13}  3      14.629      ✓
min_window_weighted           3\sqrt{13}  3      14.444      ✓
top10_tail_filtered           3\sqrt{13}  1      18.287      ✓
top10_bottom_window_filtered  3\sqrt{13}  1      15.432      ✓
Q8 done | gt=3\sqrt{13} | majority:✓, mean_confidence_weighted:✓, tail_confidence_weighted:✓, bottom_window_weighted:✓, min_window_weighted:✓, top10_tail_filtered:✓, top10_bottom_window_filtered:✓
Saved to /results/math500_w256/peerconf_out/math500_q8_bar_cs_loopc.pkl

============================================================
### Q9  (3 min into the sweep)
============================================================
Q9: The expression $2\cdot 3 \cdot 4\cdot 5+1$ is equal to 121, since multiplication...
Ground truth: 4

Run start: 16 seats (cap 32), streaming (report every 1 tokens) | wave 1 line-free; replacements face the self-calibrating bar (keep top 10%, arms at 1 finishers, updates per finisher) | probes every 4096 (graduate at 0.95) | loop guard ON (cut) | close: landslide (95%) OR certificate
Trace 2: GRADUATED at 16384 tokens — conf 1.000, answer 4
Trace 2: finished EARLY at 16393 tokens (graduation probe) | answer=4
Bar ARMED at 10.408 (1 finishers calibrating, keep top 10%)
Trace 16: seated (replacing 2) | bar 10.408
Trace 10: GRADUATED at 16384 tokens — conf 1.000, answer 4
Trace 10: finished EARLY at 16436 tokens (graduation probe) | answer=4
Trace 17: seated (replacing 10) | bar 10.526
Trace 4: GRADUATED at 16384 tokens — conf 1.000, answer 4
Trace 4: finished EARLY at 16446 tokens (graduation probe) | answer=4
Consensus after 3 finishers: '4' holds 100% — killing 15 in-flight streams, no new launches

Basic voting candidates: 3
Sample voting answers: ['4', '4', '4']

=== PeerConf Summary (streaming) ===
Final bar: 10.513 (keep top 10% of finishers' minima) | seats 16 | launched 18/32 | events: 251193
Traces: finished 3 | stopped 0 | truncated 0 | abandoned 15
Graduation probes: 62 fired (1190 probe tokens) | graduated early: 3
Loop guard: 0 loops caught and ended (no ballots cast)
Valid answers for voting: 3
Final answer: 4   | ground truth: 4
Total tokens generated (traces + probes, incl. discarded): 264283 (of which probes: 1190)
Total time: 146.21s

=== Voting Results Summary ===
  majority: 4 [3 votes]
  mean_confidence_weighted: 4 (conf: 13.460) [3 votes]
  tail_confidence_weighted: 4 (conf: 14.799) [3 votes]
  bottom_window_weighted: 4 (conf: 11.041) [3 votes]
  min_window_weighted: 4 (conf: 10.414) [3 votes]
  top10_tail_filtered: 4 (conf: 16.236) [1 votes]
  top10_bottom_window_filtered: 4 (conf: 11.110) [1 votes]

=== Detailed Voting Results ===
----------------------------------------------------------------------
Method                        Answer      Votes  Confidence  Correct
----------------------------------------------------------------------
majority                      4           3      -           ✓
mean_confidence_weighted      4           3      13.460      ✓
tail_confidence_weighted      4           3      14.799      ✓
bottom_window_weighted        4           3      11.041      ✓
min_window_weighted           4           3      10.414      ✓
top10_tail_filtered           4           1      16.236      ✓
top10_bottom_window_filtered  4           1      11.110      ✓
Q9 done | gt=4 | majority:✓, mean_confidence_weighted:✓, tail_confidence_weighted:✓, bottom_window_weighted:✓, min_window_weighted:✓, top10_tail_filtered:✓, top10_bottom_window_filtered:✓
Saved to /results/math500_w256/peerconf_out/math500_q9_bar_cs_loopc.pkl

============================================================
### Q10  (5 min into the sweep)
============================================================
Q10: What is the least positive integer multiple of 30 that can be written with only ...
Ground truth: 2220

Run start: 16 seats (cap 32), streaming (report every 1 tokens) | wave 1 line-free; replacements face the self-calibrating bar (keep top 10%, arms at 1 finishers, updates per finisher) | probes every 4096 (graduate at 0.95) | loop guard ON (cut) | close: landslide (95%) OR certificate
Trace 6: finished at 7949 tokens | answer=2220
Bar ARMED at 11.943 (1 finishers calibrating, keep top 10%)
Trace 16: seated (replacing 6) | bar 11.943
Trace 5: finished at 8062 tokens | answer=2220
Trace 17: seated (replacing 5) | bar 12.362
Trace 1: GRADUATED at 8192 tokens — conf 1.000, answer 2220
Trace 1: finished EARLY at 8202 tokens (graduation probe) | answer=2220
Consensus after 3 finishers: '2220' holds 100% — killing 15 in-flight streams, no new launches

Basic voting candidates: 3
Sample voting answers: ['2220', '2220', '2220']

=== PeerConf Summary (streaming) ===
Final bar: 12.362 (keep top 10% of finishers' minima) | seats 16 | launched 18/32 | events: 125992
Traces: finished 3 | stopped 0 | truncated 0 | abandoned 15
Graduation probes: 17 fired (327 probe tokens) | graduated early: 1
Loop guard: 0 loops caught and ended (no ballots cast)
Valid answers for voting: 3
Final answer: 2220   | ground truth: 2220
Total tokens generated (traces + probes, incl. discarded): 131522 (of which probes: 327)
Total time: 62.73s

=== Voting Results Summary ===
  majority: 2220 [3 votes]
  mean_confidence_weighted: 2220 (conf: 14.512) [3 votes]
  tail_confidence_weighted: 2220 (conf: 16.309) [3 votes]
  bottom_window_weighted: 2220 (conf: 12.912) [3 votes]
  min_window_weighted: 2220 (conf: 12.177) [3 votes]
  top10_tail_filtered: 2220 (conf: 17.536) [1 votes]
  top10_bottom_window_filtered: 2220 (conf: 12.983) [1 votes]

=== Detailed Voting Results ===
----------------------------------------------------------------------
Method                        Answer      Votes  Confidence  Correct
----------------------------------------------------------------------
majority                      2220        3      -           ✓
mean_confidence_weighted      2220        3      14.512      ✓
tail_confidence_weighted      2220        3      16.309      ✓
bottom_window_weighted        2220        3      12.912      ✓
min_window_weighted           2220        3      12.177      ✓
top10_tail_filtered           2220        1      17.536      ✓
top10_bottom_window_filtered  2220        1      12.983      ✓
Q10 done | gt=2220 | majority:✓, mean_confidence_weighted:✓, tail_confidence_weighted:✓, bottom_window_weighted:✓, min_window_weighted:✓, top10_tail_filtered:✓, top10_bottom_window_filtered:✓
Saved to /results/math500_w256/peerconf_out/math500_q10_bar_cs_loopc.pkl

============================================================
### Q11  (6 min into the sweep)
============================================================
Q11: Let $p(x)$ be a polynomial of degree 5 such that
\[p(n) = \frac{n}{n^2 - 1}\]for...
Ground truth: \frac{3}{56}

Run start: 16 seats (cap 32), streaming (report every 1 tokens) | wave 1 line-free; replacements face the self-calibrating bar (keep top 10%, arms at 1 finishers, updates per finisher) | probes every 4096 (graduate at 0.95) | loop guard ON (cut) | close: landslide (95%) OR certificate
Trace 3: finished at 7404 tokens | answer=\dfrac{3}{56}
Bar ARMED at 12.847 (1 finishers calibrating, keep top 10%)
Trace 16: seated (replacing 3) | bar 12.847
Trace 13: finished at 7422 tokens | answer=\dfrac{3}{56}
Trace 17: seated (replacing 13) | bar 13.235
Trace 6: cut at the bar 13.235 (its low 11.928, 7430 tokens)
Trace 18: seated (replacing 6) | bar 13.235
Trace 2: cut at the bar 13.235 (its low 12.882, 7540 tokens)
Trace 19: seated (replacing 2) | bar 13.235
Trace 15: cut at the bar 13.235 (its low 13.129, 7539 tokens)
Trace 20: seated (replacing 15) | bar 13.235
Trace 5: finished at 7642 tokens | answer=\dfrac{3}{56}
Consensus after 3 finishers: '\dfrac{3}{56}' holds 100% — killing 15 in-flight streams, no new launches

Basic voting candidates: 3
Sample voting answers: ['\\dfrac{3}{56}', '\\dfrac{3}{56}', '\\dfrac{3}{56}']

=== PeerConf Summary (streaming) ===
Final bar: 13.322 (keep top 10% of finishers' minima) | seats 16 | launched 21/32 | events: 115139
Traces: finished 3 | stopped 3 | truncated 0 | abandoned 15
Graduation probes: 16 fired (315 probe tokens) | graduated early: 0
Loop guard: 0 loops caught and ended (no ballots cast)
Valid answers for voting: 3
Final answer: \dfrac{3}{56}   | ground truth: \frac{3}{56}
Total tokens generated (traces + probes, incl. discarded): 122517 (of which probes: 315)
Total time: 58.96s

=== Voting Results Summary ===
  majority: \dfrac{3}{56} [3 votes]
  mean_confidence_weighted: \dfrac{3}{56} (conf: 16.590) [3 votes]
  tail_confidence_weighted: \dfrac{3}{56} (conf: 17.818) [3 votes]
  bottom_window_weighted: \dfrac{3}{56} (conf: 13.846) [3 votes]
  min_window_weighted: \dfrac{3}{56} (conf: 13.153) [3 votes]
  top10_tail_filtered: \dfrac{3}{56} (conf: 18.333) [1 votes]
  top10_bottom_window_filtered: \dfrac{3}{56} (conf: 14.004) [1 votes]

=== Detailed Voting Results ===
----------------------------------------------------------------------
Method                        Answer      Votes  Confidence  Correct
----------------------------------------------------------------------
majority                      \dfrac{3}{56}3      -           ✓
mean_confidence_weighted      \dfrac{3}{56}3      16.590      ✓
tail_confidence_weighted      \dfrac{3}{56}3      17.818      ✓
bottom_window_weighted        \dfrac{3}{56}3      13.846      ✓
min_window_weighted           \dfrac{3}{56}3      13.153      ✓
top10_tail_filtered           \dfrac{3}{56}1      18.333      ✓
top10_bottom_window_filtered  \dfrac{3}{56}1      14.004      ✓
Q11 done | gt=\frac{3}{56} | majority:✓, mean_confidence_weighted:✓, tail_confidence_weighted:✓, bottom_window_weighted:✓, min_window_weighted:✓, top10_tail_filtered:✓, top10_bottom_window_filtered:✓
Saved to /results/math500_w256/peerconf_out/math500_q11_bar_cs_loopc.pkl

============================================================
### Q12  (7 min into the sweep)
============================================================
Q12: The proper divisors of 12 are 1, 2, 3, 4 and 6. A proper divisor of an integer $...
Ground truth: 284

Run start: 16 seats (cap 32), streaming (report every 1 tokens) | wave 1 line-free; replacements face the self-calibrating bar (keep top 10%, arms at 1 finishers, updates per finisher) | probes every 4096 (graduate at 0.95) | loop guard ON (cut) | close: landslide (95%) OR certificate
Trace 10: finished at 3060 tokens | answer=284
Bar ARMED at 14.476 (1 finishers calibrating, keep top 10%)
Trace 16: seated (replacing 10) | bar 14.476
Trace 5: cut at the bar 14.476 (its low 13.387, 3063 tokens)
Trace 17: seated (replacing 5) | bar 14.476
Trace 0: cut at the bar 14.476 (its low 13.132, 3065 tokens)
Trace 18: seated (replacing 0) | bar 14.476
Trace 7: cut at the bar 14.476 (its low 13.782, 3062 tokens)
Trace 19: seated (replacing 7) | bar 14.476
Trace 11: cut at the bar 14.476 (its low 13.725, 3062 tokens)
Trace 20: seated (replacing 11) | bar 14.476
Trace 6: cut at the bar 14.476 (its low 13.385, 3063 tokens)
Trace 21: seated (replacing 6) | bar 14.476
Trace 15: cut at the bar 14.476 (its low 13.068, 3061 tokens)
Trace 22: seated (replacing 15) | bar 14.476
Trace 13: cut at the bar 14.476 (its low 13.561, 3083 tokens)
Trace 23: seated (replacing 13) | bar 14.476
Trace 4: cut at the bar 14.476 (its low 14.100, 3107 tokens)
Trace 24: seated (replacing 4) | bar 14.476
Trace 9: cut at the bar 14.476 (its low 14.178, 3183 tokens)
Trace 25: seated (replacing 9) | bar 14.476
Trace 12: cut at the bar 14.476 (its low 13.279, 3215 tokens)
Trace 26: seated (replacing 12) | bar 14.476
Trace 1: cut at the bar 14.476 (its low 13.821, 3222 tokens)
Trace 27: seated (replacing 1) | bar 14.476
Trace 3: cut at the bar 14.476 (its low 13.236, 3228 tokens)
Trace 28: seated (replacing 3) | bar 14.476
Trace 2: finished at 3405 tokens | answer=284
Trace 29: seated (replacing 2) | bar 14.326
Trace 14: cut at the bar 14.326 (its low 13.901, 3666 tokens)
Trace 30: seated (replacing 14) | bar 14.326
Trace 8: GRADUATED at 4108 tokens — conf 1.000, answer 284
Trace 8: finished EARLY at 4120 tokens (graduation probe) | answer=284
Vote bar frozen at 14.139 (keep top 10% of 16 wave-1 minima)
Consensus after 3 finishers: '284' holds 100% — killing 15 in-flight streams, no new launches

Basic voting candidates: 3
Sample voting answers: ['284', '284', '284']

=== PeerConf Summary (streaming) ===
Final bar: 14.370 (keep top 10% of finishers' minima) | seats 16 | launched 31/32 | events: 62994
Traces: finished 3 | stopped 13 | truncated 0 | abandoned 15
Graduation probes: 1 fired (6 probe tokens) | graduated early: 1
Loop guard: 0 loops caught and ended (no ballots cast)
Valid answers for voting: 3
Final answer: 284   | ground truth: 284
Total tokens generated (traces + probes, incl. discarded): 65765 (of which probes: 6)
Total time: 28.95s

=== Voting Results Summary ===
  majority: 284 [3 votes]
  mean_confidence_weighted: 284 (conf: 16.323) [3 votes]
  tail_confidence_weighted: 284 (conf: 17.751) [3 votes]
  bottom_window_weighted: 284 (conf: 14.344) [3 votes]
  min_window_weighted: 284 (conf: 13.799) [3 votes]
  top10_tail_filtered: 284 (conf: 19.342) [1 votes]
  top10_bottom_window_filtered: 284 (conf: 15.171) [1 votes]

=== Detailed Voting Results ===
----------------------------------------------------------------------
Method                        Answer      Votes  Confidence  Correct
----------------------------------------------------------------------
majority                      284         3      -           ✓
mean_confidence_weighted      284         3      16.323      ✓
tail_confidence_weighted      284         3      17.751      ✓
bottom_window_weighted        284         3      14.344      ✓
min_window_weighted           284         3      13.799      ✓
top10_tail_filtered           284         1      19.342      ✓
top10_bottom_window_filtered  284         1      15.171      ✓
Q12 done | gt=284 | majority:✓, mean_confidence_weighted:✓, tail_confidence_weighted:✓, bottom_window_weighted:✓, min_window_weighted:✓, top10_tail_filtered:✓, top10_bottom_window_filtered:✓
Saved to /results/math500_w256/peerconf_out/math500_q12_bar_cs_loopc.pkl

============================================================
### Q13  (8 min into the sweep)
============================================================
Q13: The volume of the cylinder shown is $45\pi$ cubic cm. What is the height in cent...
Ground truth: 5

Run start: 16 seats (cap 32), streaming (report every 1 tokens) | wave 1 line-free; replacements face the self-calibrating bar (keep top 10%, arms at 1 finishers, updates per finisher) | probes every 4096 (graduate at 0.95) | loop guard ON (cut) | close: landslide (95%) OR certificate
Trace 13: finished at 626 tokens | answer=5
Bar ARMED at 14.951 (1 finishers calibrating, keep top 10%)
Trace 16: seated (replacing 13) | bar 14.951
Trace 0: cut at the bar 14.951 (its low 11.755, 629 tokens)
Trace 17: seated (replacing 0) | bar 14.951
Trace 11: cut at the bar 14.951 (its low 12.903, 626 tokens)
Trace 18: seated (replacing 11) | bar 14.951
Trace 12: cut at the bar 14.951 (its low 11.072, 626 tokens)
Trace 19: seated (replacing 12) | bar 14.951
Trace 1: cut at the bar 14.951 (its low 13.467, 629 tokens)
Trace 20: seated (replacing 1) | bar 14.951
Trace 15: cut at the bar 14.951 (its low 11.742, 625 tokens)
Trace 21: seated (replacing 15) | bar 14.951
Trace 2: cut at the bar 14.951 (its low 12.103, 628 tokens)
Trace 22: seated (replacing 2) | bar 14.951
Trace 4: cut at the bar 14.951 (its low 11.444, 628 tokens)
Trace 23: seated (replacing 4) | bar 14.951
Trace 10: cut at the bar 14.951 (its low 12.300, 628 tokens)
Trace 24: seated (replacing 10) | bar 14.951
Trace 7: cut at the bar 14.951 (its low 11.596, 628 tokens)
Trace 25: seated (replacing 7) | bar 14.951
Trace 14: cut at the bar 14.951 (its low 12.394, 627 tokens)
Trace 26: seated (replacing 14) | bar 14.951
Trace 9: cut at the bar 14.951 (its low 12.828, 628 tokens)
Trace 27: seated (replacing 9) | bar 14.951
Trace 5: cut at the bar 14.951 (its low 12.368, 629 tokens)
Trace 28: seated (replacing 5) | bar 14.951
Trace 6: cut at the bar 14.951 (its low 10.652, 628 tokens)
Trace 29: seated (replacing 6) | bar 14.951
Trace 8: finished at 689 tokens | answer=5
Trace 30: seated (replacing 8) | bar 14.742
Trace 3: finished at 740 tokens | answer=5
Vote bar frozen at 13.373 (keep top 10% of 16 wave-1 minima)
Consensus after 3 finishers: '5' holds 100% — killing 15 in-flight streams, no new launches

Basic voting candidates: 3
Sample voting answers: ['5', '5', '5']

=== PeerConf Summary (streaming) ===
Final bar: 14.616 (keep top 10% of finishers' minima) | seats 16 | launched 31/32 | events: 11567
Traces: finished 3 | stopped 13 | truncated 0 | abandoned 15
Graduation probes: 0 fired (0 probe tokens) | graduated early: 0
Loop guard: 0 loops caught and ended (no ballots cast)
Valid answers for voting: 3
Final answer: 5   | ground truth: 5
Total tokens generated (traces + probes, incl. discarded): 11643
Total time: 5.18s

=== Voting Results Summary ===
  majority: 5 [3 votes]
  mean_confidence_weighted: 5 (conf: 14.921) [3 votes]
  tail_confidence_weighted: 5 (conf: 16.982) [3 votes]
  bottom_window_weighted: 5 (conf: 13.815) [3 votes]
  min_window_weighted: 5 (conf: 13.697) [3 votes]
  top10_tail_filtered: 5 (conf: 17.462) [1 votes]
  top10_bottom_window_filtered: 5 (conf: 15.033) [1 votes]

=== Detailed Voting Results ===
----------------------------------------------------------------------
Method                        Answer      Votes  Confidence  Correct
----------------------------------------------------------------------
majority                      5           3      -           ✓
mean_confidence_weighted      5           3      14.921      ✓
tail_confidence_weighted      5           3      16.982      ✓
bottom_window_weighted        5           3      13.815      ✓
min_window_weighted           5           3      13.697      ✓
top10_tail_filtered           5           1      17.462      ✓
top10_bottom_window_filtered  5           1      15.033      ✓
Q13 done | gt=5 | majority:✓, mean_confidence_weighted:✓, tail_confidence_weighted:✓, bottom_window_weighted:✓, min_window_weighted:✓, top10_tail_filtered:✓, top10_bottom_window_filtered:✓
Saved to /results/math500_w256/peerconf_out/math500_q13_bar_cs_loopc.pkl

============================================================
### Q14  (8 min into the sweep)
============================================================
Q14: Suppose $\sin D = 0.7$ in the diagram below. What is $DE$? [asy]
pair D,E,F;
F =...
Ground truth: \sqrt{51}

Run start: 16 seats (cap 32), streaming (report every 1 tokens) | wave 1 line-free; replacements face the self-calibrating bar (keep top 10%, arms at 1 finishers, updates per finisher) | probes every 4096 (graduate at 0.95) | loop guard ON (cut) | close: landslide (95%) OR certificate
Trace 8: finished at 2978 tokens | answer=\sqrt{51}
Bar ARMED at 11.497 (1 finishers calibrating, keep top 10%)
Trace 16: seated (replacing 8) | bar 11.497
Trace 1: cut at the bar 11.497 (its low 10.985, 2981 tokens)
Trace 17: seated (replacing 1) | bar 11.497
Trace 17: cut at the bar 11.497 (its low 11.285, 256 tokens)
Trace 18: seated (replacing 17) | bar 11.497
Trace 3: finished at 3280 tokens | answer=\sqrt{51}
Trace 19: seated (replacing 3) | bar 11.463
Trace 13: cut at the bar 11.463 (its low 11.412, 3500 tokens)
Trace 20: seated (replacing 13) | bar 11.463
Trace 18: cut at the bar 11.463 (its low 11.436, 256 tokens)
Trace 21: seated (replacing 18) | bar 11.463
Trace 0: cut at the bar 11.463 (its low 10.932, 3535 tokens)
Trace 22: seated (replacing 0) | bar 11.463
Trace 15: finished at 3804 tokens | answer=\sqrt{51}
Consensus after 3 finishers: '\sqrt{51}' holds 100% — killing 15 in-flight streams, no new launches

Basic voting candidates: 3
Sample voting answers: ['\\sqrt{51}', '\\sqrt{51}', '\\sqrt{51}']

=== PeerConf Summary (streaming) ===
Final bar: 11.691 (keep top 10% of finishers' minima) | seats 16 | launched 23/32 | events: 58257
Traces: finished 3 | stopped 5 | truncated 0 | abandoned 15
Graduation probes: 0 fired (0 probe tokens) | graduated early: 0
Loop guard: 0 loops caught and ended (no ballots cast)
Valid answers for voting: 3
Final answer: \sqrt{51}   | ground truth: \sqrt{51}
Total tokens generated (traces + probes, incl. discarded): 60823
Total time: 26.93s

=== Voting Results Summary ===
  majority: \sqrt{51} [3 votes]
  mean_confidence_weighted: \sqrt{51} (conf: 13.797) [3 votes]
  tail_confidence_weighted: \sqrt{51} (conf: 16.106) [3 votes]
  bottom_window_weighted: \sqrt{51} (conf: 11.912) [3 votes]
  min_window_weighted: \sqrt{51} (conf: 11.462) [3 votes]
  top10_tail_filtered: \sqrt{51} (conf: 16.576) [1 votes]
  top10_bottom_window_filtered: \sqrt{51} (conf: 12.010) [1 votes]

=== Detailed Voting Results ===
----------------------------------------------------------------------
Method                        Answer      Votes  Confidence  Correct
----------------------------------------------------------------------
majority                      \sqrt{51}   3      -           ✓
mean_confidence_weighted      \sqrt{51}   3      13.797      ✓
tail_confidence_weighted      \sqrt{51}   3      16.106      ✓
bottom_window_weighted        \sqrt{51}   3      11.912      ✓
min_window_weighted           \sqrt{51}   3      11.462      ✓
top10_tail_filtered           \sqrt{51}   1      16.576      ✓
top10_bottom_window_filtered  \sqrt{51}   1      12.010      ✓
Q14 done | gt=\sqrt{51} | majority:✓, mean_confidence_weighted:✓, tail_confidence_weighted:✓, bottom_window_weighted:✓, min_window_weighted:✓, top10_tail_filtered:✓, top10_bottom_window_filtered:✓
Saved to /results/math500_w256/peerconf_out/math500_q14_bar_cs_loopc.pkl

============================================================
### Q15  (8 min into the sweep)
============================================================
Q15: Let $z = 2 + \sqrt{2} - (3 + 3 \sqrt{2})i$, and let $c = 2 - 3i$.  Let $w$ be th...
Ground truth: 6 - 5i

Run start: 16 seats (cap 32), streaming (report every 1 tokens) | wave 1 line-free; replacements face the self-calibrating bar (keep top 10%, arms at 1 finishers, updates per finisher) | probes every 4096 (graduate at 0.95) | loop guard ON (cut) | close: landslide (95%) OR certificate
Trace 2: finished at 3407 tokens | answer=6-5i
Bar ARMED at 14.357 (1 finishers calibrating, keep top 10%)
Trace 16: seated (replacing 2) | bar 14.357
Trace 9: cut at the bar 14.357 (its low 12.362, 3405 tokens)
Trace 17: seated (replacing 9) | bar 14.357
Trace 6: cut at the bar 14.357 (its low 14.026, 3406 tokens)
Trace 18: seated (replacing 6) | bar 14.357
Trace 0: cut at the bar 14.357 (its low 12.533, 3408 tokens)
Trace 19: seated (replacing 0) | bar 14.357
Trace 12: cut at the bar 14.357 (its low 13.312, 3407 tokens)
Trace 20: seated (replacing 12) | bar 14.357
Trace 5: cut at the bar 14.357 (its low 14.196, 3488 tokens)
Trace 21: seated (replacing 5) | bar 14.357
Trace 7: cut at the bar 14.357 (its low 14.252, 3487 tokens)
Trace 22: seated (replacing 7) | bar 14.357
Trace 14: finished at 3487 tokens | answer=6-5i
Trace 23: seated (replacing 14) | bar 14.725
Trace 22: cut at the bar 14.725 (its low 14.723, 256 tokens)
Trace 24: seated (replacing 22) | bar 14.725
Trace 21: cut at the bar 14.725 (its low 14.718, 274 tokens)
Trace 25: seated (replacing 21) | bar 14.725
Trace 13: finished at 3787 tokens | answer=6-5i
Consensus after 3 finishers: '6-5i' holds 100% — killing 15 in-flight streams, no new launches

Basic voting candidates: 3
Sample voting answers: ['6-5i', '6-5i', '6-5i']

=== PeerConf Summary (streaming) ===
Final bar: 14.684 (keep top 10% of finishers' minima) | seats 16 | launched 26/32 | events: 57395
Traces: finished 3 | stopped 8 | truncated 0 | abandoned 15
Graduation probes: 0 fired (0 probe tokens) | graduated early: 0
Loop guard: 0 loops caught and ended (no ballots cast)
Valid answers for voting: 3
Final answer: 6-5i   | ground truth: 6 - 5i
Total tokens generated (traces + probes, incl. discarded): 60422
Total time: 27.17s

=== Voting Results Summary ===
  majority: 6-5i [3 votes]
  mean_confidence_weighted: 6-5i (conf: 16.780) [3 votes]
  tail_confidence_weighted: 6-5i (conf: 17.042) [3 votes]
  bottom_window_weighted: 6-5i (conf: 14.439) [3 votes]
  min_window_weighted: 6-5i (conf: 13.862) [3 votes]
  top10_tail_filtered: 6-5i (conf: 17.270) [1 votes]
  top10_bottom_window_filtered: 6-5i (conf: 15.198) [1 votes]

=== Detailed Voting Results ===
----------------------------------------------------------------------
Method                        Answer      Votes  Confidence  Correct
----------------------------------------------------------------------
majority                      6-5i        3      -           ✓
mean_confidence_weighted      6-5i        3      16.780      ✓
tail_confidence_weighted      6-5i        3      17.042      ✓
bottom_window_weighted        6-5i        3      14.439      ✓
min_window_weighted           6-5i        3      13.862      ✓
top10_tail_filtered           6-5i        1      17.270      ✓
top10_bottom_window_filtered  6-5i        1      15.198      ✓
Q15 done | gt=6 - 5i | majority:✓, mean_confidence_weighted:✓, tail_confidence_weighted:✓, bottom_window_weighted:✓, min_window_weighted:✓, top10_tail_filtered:✓, top10_bottom_window_filtered:✓
Saved to /results/math500_w256/peerconf_out/math500_q15_bar_cs_loopc.pkl

============================================================
### Q16  (9 min into the sweep)
============================================================
Q16: Compute: $1-2+3-4+5- \dots +99-100$....
Ground truth: -50

Run start: 16 seats (cap 32), streaming (report every 1 tokens) | wave 1 line-free; replacements face the self-calibrating bar (keep top 10%, arms at 1 finishers, updates per finisher) | probes every 4096 (graduate at 0.95) | loop guard ON (cut) | close: landslide (95%) OR certificate
Trace 4: finished at 1933 tokens | answer=-50
Bar ARMED at 12.737 (1 finishers calibrating, keep top 10%)
Trace 16: seated (replacing 4) | bar 12.737
Trace 10: finished at 1947 tokens | answer=-50
Trace 17: seated (replacing 10) | bar 13.535
Trace 13: cut at the bar 13.535 (its low 12.797, 1946 tokens)
Trace 18: seated (replacing 13) | bar 13.535
Trace 14: cut at the bar 13.535 (its low 12.450, 1948 tokens)
Trace 19: seated (replacing 14) | bar 13.535
Trace 5: finished at 1952 tokens | answer=-50
Consensus after 3 finishers: '-50' holds 100% — killing 15 in-flight streams, no new launches

Basic voting candidates: 3
Sample voting answers: ['-50', '-50', '-50']

=== PeerConf Summary (streaming) ===
Final bar: 13.896 (keep top 10% of finishers' minima) | seats 16 | launched 20/32 | events: 30193
Traces: finished 3 | stopped 2 | truncated 0 | abandoned 15
Graduation probes: 0 fired (0 probe tokens) | graduated early: 0
Loop guard: 0 loops caught and ended (no ballots cast)
Valid answers for voting: 3
Final answer: -50   | ground truth: -50
Total tokens generated (traces + probes, incl. discarded): 31234
Total time: 13.67s

=== Voting Results Summary ===
  majority: -50 [3 votes]
  mean_confidence_weighted: -50 (conf: 15.297) [3 votes]
  tail_confidence_weighted: -50 (conf: 16.640) [3 votes]
  bottom_window_weighted: -50 (conf: 13.797) [3 votes]
  min_window_weighted: -50 (conf: 13.442) [3 votes]
  top10_tail_filtered: -50 (conf: 17.255) [1 votes]
  top10_bottom_window_filtered: -50 (conf: 14.207) [1 votes]

=== Detailed Voting Results ===
----------------------------------------------------------------------
Method                        Answer      Votes  Confidence  Correct
----------------------------------------------------------------------
majority                      -50         3      -           ✓
mean_confidence_weighted      -50         3      15.297      ✓
tail_confidence_weighted      -50         3      16.640      ✓
bottom_window_weighted        -50         3      13.797      ✓
min_window_weighted           -50         3      13.442      ✓
top10_tail_filtered           -50         1      17.255      ✓
top10_bottom_window_filtered  -50         1      14.207      ✓
Q16 done | gt=-50 | majority:✓, mean_confidence_weighted:✓, tail_confidence_weighted:✓, bottom_window_weighted:✓, min_window_weighted:✓, top10_tail_filtered:✓, top10_bottom_window_filtered:✓
Saved to /results/math500_w256/peerconf_out/math500_q16_bar_cs_loopc.pkl

============================================================
### Q17  (9 min into the sweep)
============================================================
Q17: Below is the graph of $y = a \sin (bx + c) + d$ for some positive constants $a,$...
Ground truth: \pi

Run start: 16 seats (cap 32), streaming (report every 1 tokens) | wave 1 line-free; replacements face the self-calibrating bar (keep top 10%, arms at 1 finishers, updates per finisher) | probes every 4096 (graduate at 0.95) | loop guard ON (cut) | close: landslide (95%) OR certificate
Trace 1: GRADUATED at 4096 tokens — conf 0.978, answer \pi
Trace 1: finished EARLY at 4113 tokens (graduation probe) | answer=\pi
Bar ARMED at 10.851 (1 finishers calibrating, keep top 10%)
Trace 16: seated (replacing 1) | bar 10.851
Trace 16: cut at the bar 10.851 (its low 10.818, 1066 tokens)
Trace 17: seated (replacing 16) | bar 10.851
Trace 17: cut at the bar 10.851 (its low 10.796, 2481 tokens)
Trace 18: seated (replacing 17) | bar 10.851
Trace 0: GRADUATED at 8192 tokens — conf 0.998, answer \pi
Trace 3: GRADUATED at 8192 tokens — conf 0.999, answer \pi
Trace 0: finished EARLY at 8199 tokens (graduation probe) | answer=\pi
Trace 19: seated (replacing 0) | bar 10.762
Trace 3: finished EARLY at 8199 tokens (graduation probe) | answer=\pi
Consensus after 3 finishers: '\pi' holds 100% — killing 15 in-flight streams, no new launches

Basic voting candidates: 3
Sample voting answers: ['\\pi', '\\pi', '\\pi']

=== PeerConf Summary (streaming) ===
Final bar: 10.764 (keep top 10% of finishers' minima) | seats 16 | launched 20/32 | events: 123405
Traces: finished 3 | stopped 2 | truncated 0 | abandoned 15
Graduation probes: 27 fired (461 probe tokens) | graduated early: 3
Loop guard: 0 loops caught and ended (no ballots cast)
Valid answers for voting: 3
Final answer: \pi   | ground truth: \pi
Total tokens generated (traces + probes, incl. discarded): 131661 (of which probes: 461)
Total time: 64.13s

=== Voting Results Summary ===
  majority: \pi [3 votes]
  mean_confidence_weighted: \pi (conf: 13.205) [3 votes]
  tail_confidence_weighted: \pi (conf: 13.254) [3 votes]
  bottom_window_weighted: \pi (conf: 11.119) [3 votes]
  min_window_weighted: \pi (conf: 10.411) [3 votes]
  top10_tail_filtered: \pi (conf: 13.764) [1 votes]
  top10_bottom_window_filtered: \pi (conf: 11.272) [1 votes]

=== Detailed Voting Results ===
----------------------------------------------------------------------
Method                        Answer      Votes  Confidence  Correct
----------------------------------------------------------------------
majority                      \pi         3      -           ✓
mean_confidence_weighted      \pi         3      13.205      ✓
tail_confidence_weighted      \pi         3      13.254      ✓
bottom_window_weighted        \pi         3      11.119      ✓
min_window_weighted           \pi         3      10.411      ✓
top10_tail_filtered           \pi         1      13.764      ✓
top10_bottom_window_filtered  \pi         1      11.272      ✓
Q17 done | gt=\pi | majority:✓, mean_confidence_weighted:✓, tail_confidence_weighted:✓, bottom_window_weighted:✓, min_window_weighted:✓, top10_tail_filtered:✓, top10_bottom_window_filtered:✓
Saved to /results/math500_w256/peerconf_out/math500_q17_bar_cs_loopc.pkl

============================================================
### Q18  (10 min into the sweep)
============================================================
Q18: $\overline{BC}$ is parallel to the segment through $A$, and $AB = BC$. What is t...
Ground truth: 28

Run start: 16 seats (cap 32), streaming (report every 1 tokens) | wave 1 line-free; replacements face the self-calibrating bar (keep top 10%, arms at 1 finishers, updates per finisher) | probes every 4096 (graduate at 0.95) | loop guard ON (cut) | close: landslide (95%) OR certificate
Trace 1: GRADUATED at 8192 tokens — conf 0.978, answer 68
Trace 1: finished EARLY at 8202 tokens (graduation probe) | answer=68
Bar ARMED at 11.411 (1 finishers calibrating, keep top 10%)
Trace 16: seated (replacing 1) | bar 11.411
Trace 15: GRADUATED at 8192 tokens — conf 0.990, answer 28
Trace 15: finished EARLY at 8237 tokens (graduation probe) | answer=28
Trace 17: seated (replacing 15) | bar 11.369
Trace 13: GRADUATED at 8192 tokens — conf 0.985, answer 28
Trace 13: finished EARLY at 8238 tokens (graduation probe) | answer=28
Trace 18: seated (replacing 13) | bar 11.377
Trace 8: cut at the bar 11.377 (its low 11.358, 9335 tokens)
Trace 19: seated (replacing 8) | bar 11.377
Trace 16: cut at the bar 11.377 (its low 11.357, 1585 tokens)
Trace 20: seated (replacing 16) | bar 11.377
Trace 18: cut at the bar 11.377 (its low 11.101, 2828 tokens)
Trace 21: seated (replacing 18) | bar 11.377
Trace 21: cut at the bar 11.377 (its low 11.377, 531 tokens)
Trace 22: seated (replacing 21) | bar 11.377
Trace 5: GRADUATED at 12288 tokens — conf 0.965, answer 28
Trace 5: finished EARLY at 12298 tokens (graduation probe) | answer=28
Trace 23: seated (replacing 5) | bar 11.685
Trace 4: GRADUATED at 12288 tokens — conf 0.999, answer 28
Trace 4: finished EARLY at 12307 tokens (graduation probe) | answer=28
Trace 24: seated (replacing 4) | bar 11.721
Trace 11: GRADUATED at 12288 tokens — conf 1.000, answer 56
Trace 11: finished EARLY at 12322 tokens (graduation probe) | answer=56
Trace 25: seated (replacing 11) | bar 11.710
Trace 0: cut at the bar 11.710 (its low 11.409, 12493 tokens)
Trace 26: seated (replacing 0) | bar 11.710
Trace 20: cut at the bar 11.710 (its low 11.611, 2716 tokens)
Trace 27: seated (replacing 20) | bar 11.710
Trace 25: cut at the bar 11.710 (its low 11.684, 1152 tokens)
Trace 28: seated (replacing 25) | bar 11.710
Trace 23: cut at the bar 11.710 (its low 11.699, 1624 tokens)
Trace 29: seated (replacing 23) | bar 11.710
Trace 22: cut at the bar 11.710 (its low 11.673, 2400 tokens)
Trace 30: seated (replacing 22) | bar 11.710
Trace 24: cut at the bar 11.710 (its low 11.706, 2024 tokens)
Trace 31: seated (replacing 24) | bar 11.710
Trace 27: cut at the bar 11.710 (its low 11.683, 2527 tokens)
Trace 28: cut at the bar 11.710 (its low 11.703, 2214 tokens)
Trace 29: cut at the bar 11.710 (its low 11.696, 1969 tokens)
Trace 30: cut at the bar 11.710 (its low 11.708, 2957 tokens)
Trace 31: cut at the bar 11.710 (its low 11.706, 2962 tokens)
Trace 26: cut at the bar 11.710 (its low 11.708, 4840 tokens)
Trace 9: GRADUATED at 20572 tokens — conf 0.951, answer 28
Trace 9: finished EARLY at 20603 tokens (graduation probe) | answer=28
Trace 14: finished at 22854 tokens | answer=124
Trace 10: finished at 23395 tokens | answer=124
Trace 7: finished at 23615 tokens | answer=30
Trace 12: GRADUATED at 24667 tokens — conf 0.983, answer 28
Trace 12: finished EARLY at 24682 tokens (graduation probe) | answer=28
Trace 6: GRADUATED at 24669 tokens — conf 0.978, answer 56
Trace 6: finished EARLY at 24700 tokens (graduation probe) | answer=56
Trace 2: finished at 28192 tokens | answer=56
Trace 3: GRADUATED at 28766 tokens — conf 0.988, answer 68
Trace 3: finished EARLY at 28781 tokens (graduation probe) | answer=68
Vote bar frozen at 11.609 (keep top 10% of 16 wave-1 minima)
CERTIFICATE: '28' cannot be caught (margin exceeds all 2 outstanding) — run over

Basic voting candidates: 14
Sample voting answers: ['68', '56', '68', '28', '28', '56', '30', '28']

=== PeerConf Summary (streaming) ===
Final bar: 11.612 (keep top 10% of finishers' minima) | seats 16 | launched 32/32 | events: 330604
Traces: finished 14 | stopped 16 | truncated 0 | abandoned 2
Graduation probes: 74 fired (734 probe tokens) | graduated early: 10
Loop guard: 0 loops caught and ended (no ballots cast)
Valid answers for voting: 14
Final answer: 28   | ground truth: 28
Total tokens generated (traces + probes, incl. discarded): 353281 (of which probes: 734)
Total time: 254.64s

=== Voting Results Summary ===
  majority: 28 [14 votes]
  mean_confidence_weighted: 28 (conf: 14.270) [14 votes]
  tail_confidence_weighted: 28 (conf: 14.503) [14 votes]
  bottom_window_weighted: 28 (conf: 12.134) [14 votes]
  min_window_weighted: 28 (conf: 11.331) [14 votes]
  top10_tail_filtered: 28 (conf: 17.194) [2 votes]
  top10_bottom_window_filtered: 68 (conf: 12.402) [2 votes]

=== Detailed Voting Results ===
----------------------------------------------------------------------
Method                        Answer      Votes  Confidence  Correct
----------------------------------------------------------------------
majority                      28          14     -           ✓
mean_confidence_weighted      28          14     14.270      ✓
tail_confidence_weighted      28          14     14.503      ✓
bottom_window_weighted        28          14     12.134      ✓
min_window_weighted           28          14     11.331      ✓
top10_tail_filtered           28          2      17.194      ✓
top10_bottom_window_filtered  68          2      12.402      ✗
Q18 done | gt=28 | majority:✓, mean_confidence_weighted:✓, tail_confidence_weighted:✓, bottom_window_weighted:✓, min_window_weighted:✓, top10_tail_filtered:✓, top10_bottom_window_filtered:✗
Saved to /results/math500_w256/peerconf_out/math500_q18_bar_cs_loopc.pkl

============================================================
### Q19  (14 min into the sweep)
============================================================
Q19: Let $a$ be a positive real number such that all the roots of
\[x^3 + ax^2 + ax +...
Ground truth: 3

Run start: 16 seats (cap 32), streaming (report every 1 tokens) | wave 1 line-free; replacements face the self-calibrating bar (keep top 10%, arms at 1 finishers, updates per finisher) | probes every 4096 (graduate at 0.95) | loop guard ON (cut) | close: landslide (95%) OR certificate
Trace 1: GRADUATED at 4096 tokens — conf 1.000, answer 3
Trace 1: finished EARLY at 4103 tokens (graduation probe) | answer=3
Bar ARMED at 12.758 (1 finishers calibrating, keep top 10%)
Trace 16: seated (replacing 1) | bar 12.758
Trace 3: GRADUATED at 4096 tokens — conf 1.000, answer 3
Trace 0: GRADUATED at 4096 tokens — conf 1.000, answer 3
Trace 0: finished EARLY at 4116 tokens (graduation probe) | answer=3
Trace 17: seated (replacing 0) | bar 12.752
Trace 3: finished EARLY at 4116 tokens (graduation probe) | answer=3
Consensus after 3 finishers: '3' holds 100% — killing 15 in-flight streams, no new launches

Basic voting candidates: 3
Sample voting answers: ['3', '3', '3']

=== PeerConf Summary (streaming) ===
Final bar: 13.214 (keep top 10% of finishers' minima) | seats 16 | launched 18/32 | events: 62562
Traces: finished 3 | stopped 0 | truncated 0 | abandoned 15
Graduation probes: 9 fired (136 probe tokens) | graduated early: 3
Loop guard: 0 loops caught and ended (no ballots cast)
Valid answers for voting: 3
Final answer: 3   | ground truth: 3
Total tokens generated (traces + probes, incl. discarded): 65964 (of which probes: 136)
Total time: 30.05s

=== Voting Results Summary ===
  majority: 3 [3 votes]
  mean_confidence_weighted: 3 (conf: 15.705) [3 votes]
  tail_confidence_weighted: 3 (conf: 16.461) [3 votes]
  bottom_window_weighted: 3 (conf: 13.456) [3 votes]
  min_window_weighted: 3 (conf: 12.927) [3 votes]
  top10_tail_filtered: 3 (conf: 18.496) [1 votes]
  top10_bottom_window_filtered: 3 (conf: 13.756) [1 votes]

=== Detailed Voting Results ===
----------------------------------------------------------------------
Method                        Answer      Votes  Confidence  Correct
----------------------------------------------------------------------
majority                      3           3      -           ✓
mean_confidence_weighted      3           3      15.705      ✓
tail_confidence_weighted      3           3      16.461      ✓
bottom_window_weighted        3           3      13.456      ✓
min_window_weighted           3           3      12.927      ✓
top10_tail_filtered           3           1      18.496      ✓
top10_bottom_window_filtered  3           1      13.756      ✓
Q19 done | gt=3 | majority:✓, mean_confidence_weighted:✓, tail_confidence_weighted:✓, bottom_window_weighted:✓, min_window_weighted:✓, top10_tail_filtered:✓, top10_bottom_window_filtered:✓
Saved to /results/math500_w256/peerconf_out/math500_q19_bar_cs_loopc.pkl

============================================================
### Q20  (15 min into the sweep)
============================================================
Q20: Evaluate $(1+2i)6-3i$....
Ground truth: 6+9i

Run start: 16 seats (cap 32), streaming (report every 1 tokens) | wave 1 line-free; replacements face the self-calibrating bar (keep top 10%, arms at 1 finishers, updates per finisher) | probes every 4096 (graduate at 0.95) | loop guard ON (cut) | close: landslide (95%) OR certificate
Trace 8: finished at 531 tokens | answer=6+9i
Bar ARMED at 14.810 (1 finishers calibrating, keep top 10%)
Trace 16: seated (replacing 8) | bar 14.810
Trace 0: cut at the bar 14.810 (its low 12.446, 534 tokens)
Trace 17: seated (replacing 0) | bar 14.810
Trace 15: cut at the bar 14.810 (its low 12.828, 524 tokens)
Trace 18: seated (replacing 15) | bar 14.810
Trace 13: cut at the bar 14.810 (its low 13.101, 530 tokens)
Trace 19: seated (replacing 13) | bar 14.810
Trace 7: cut at the bar 14.810 (its low 13.486, 532 tokens)
Trace 20: seated (replacing 7) | bar 14.810
Trace 12: cut at the bar 14.810 (its low 12.856, 531 tokens)
Trace 21: seated (replacing 12) | bar 14.810
Trace 6: cut at the bar 14.810 (its low 12.801, 532 tokens)
Trace 22: seated (replacing 6) | bar 14.810
Trace 10: cut at the bar 14.810 (its low 12.525, 532 tokens)
Trace 23: seated (replacing 10) | bar 14.810
Trace 11: cut at the bar 14.810 (its low 13.983, 531 tokens)
Trace 24: seated (replacing 11) | bar 14.810
Trace 2: cut at the bar 14.810 (its low 13.551, 534 tokens)
Trace 25: seated (replacing 2) | bar 14.810
Trace 9: cut at the bar 14.810 (its low 13.831, 532 tokens)
Trace 26: seated (replacing 9) | bar 14.810
Trace 4: cut at the bar 14.810 (its low 13.006, 533 tokens)
Trace 27: seated (replacing 4) | bar 14.810
Trace 1: cut at the bar 14.810 (its low 13.036, 533 tokens)
Trace 28: seated (replacing 1) | bar 14.810
Trace 5: cut at the bar 14.810 (its low 13.536, 533 tokens)
Trace 29: seated (replacing 5) | bar 14.810
Trace 3: cut at the bar 14.810 (its low 13.537, 533 tokens)
Trace 30: seated (replacing 3) | bar 14.810
Trace 14: finished at 557 tokens | answer=6+9i
Vote bar frozen at 14.356 (keep top 10% of 16 wave-1 minima)
Trace 31: seated (replacing 14) | bar 14.802
Trace 19: cut at the bar 14.802 (its low 14.644, 256 tokens)
Trace 21: cut at the bar 14.802 (its low 14.777, 265 tokens)
Trace 28: cut at the bar 14.802 (its low 14.770, 301 tokens)
Trace 22: cut at the bar 14.802 (its low 14.793, 316 tokens)
Trace 16: cut at the bar 14.802 (its low 14.790, 344 tokens)
Trace 26: cut at the bar 14.802 (its low 14.794, 343 tokens)
Trace 20: cut at the bar 14.802 (its low 14.798, 364 tokens)
Trace 30: cut at the bar 14.802 (its low 14.795, 386 tokens)
Trace 27: cut at the bar 14.802 (its low 14.785, 392 tokens)
Trace 24: cut at the bar 14.802 (its low 14.783, 400 tokens)
Trace 17: cut at the bar 14.802 (its low 14.801, 404 tokens)
Trace 18: cut at the bar 14.802 (its low 14.798, 407 tokens)
Trace 31: cut at the bar 14.802 (its low 14.794, 389 tokens)
Trace 23: cut at the bar 14.802 (its low 14.792, 413 tokens)
Trace 25: finished at 463 tokens | answer=6+9i
Consensus after 3 finishers: '6+9i' holds 100% — killing 1 in-flight streams, no new launches

Basic voting candidates: 3
Sample voting answers: ['6+9i', '6+9i', '6+9i']

=== PeerConf Summary (streaming) ===
Final bar: 15.055 (keep top 10% of finishers' minima) | seats 16 | launched 32/32 | events: 14380
Traces: finished 3 | stopped 28 | truncated 0 | abandoned 1
Graduation probes: 0 fired (0 probe tokens) | graduated early: 0
Loop guard: 0 loops caught and ended (no ballots cast)
Valid answers for voting: 3
Final answer: 6+9i   | ground truth: 6+9i
Total tokens generated (traces + probes, incl. discarded): 14435
Total time: 6.58s

=== Voting Results Summary ===
  majority: 6+9i [3 votes]
  mean_confidence_weighted: 6+9i (conf: 15.298) [3 votes]
  tail_confidence_weighted: 6+9i (conf: 15.815) [3 votes]
  bottom_window_weighted: 6+9i (conf: 14.945) [3 votes]
  min_window_weighted: 6+9i (conf: 14.885) [3 votes]
  top10_tail_filtered: 6+9i (conf: 16.109) [1 votes]
  top10_bottom_window_filtered: 6+9i (conf: 15.195) [1 votes]

=== Detailed Voting Results ===
----------------------------------------------------------------------
Method                        Answer      Votes  Confidence  Correct
----------------------------------------------------------------------
majority                      6+9i        3      -           ✓
mean_confidence_weighted      6+9i        3      15.298      ✓
tail_confidence_weighted      6+9i        3      15.815      ✓
bottom_window_weighted        6+9i        3      14.945      ✓
min_window_weighted           6+9i        3      14.885      ✓
top10_tail_filtered           6+9i        1      16.109      ✓
top10_bottom_window_filtered  6+9i        1      15.195      ✓
Q20 done | gt=6+9i | majority:✓, mean_confidence_weighted:✓, tail_confidence_weighted:✓, bottom_window_weighted:✓, min_window_weighted:✓, top10_tail_filtered:✓, top10_bottom_window_filtered:✓
Saved to /results/math500_w256/peerconf_out/math500_q20_bar_cs_loopc.pkl

============================================================
### Q21  (15 min into the sweep)
============================================================
Q21: Find the greatest integer less than $(\sqrt{7} + \sqrt{5})^6.$  (Do not use a ca...
Ground truth: 13535

Run start: 16 seats (cap 32), streaming (report every 1 tokens) | wave 1 line-free; replacements face the self-calibrating bar (keep top 10%, arms at 1 finishers, updates per finisher) | probes every 4096 (graduate at 0.95) | loop guard ON (cut) | close: landslide (95%) OR certificate
Trace 1: GRADUATED at 4096 tokens — conf 0.999, answer 13535
Trace 1: finished EARLY at 4127 tokens (graduation probe) | answer=13535
Bar ARMED at 14.120 (1 finishers calibrating, keep top 10%)
Trace 16: seated (replacing 1) | bar 14.120
Trace 4: GRADUATED at 4096 tokens — conf 0.970, answer 13535
Trace 4: finished EARLY at 4128 tokens (graduation probe) | answer=13535
Trace 17: seated (replacing 4) | bar 14.097
Trace 7: GRADUATED at 4096 tokens — conf 1.000, answer 13535
Trace 7: finished EARLY at 4130 tokens (graduation probe) | answer=13535
Consensus after 3 finishers: '13535' holds 100% — killing 15 in-flight streams, no new launches

Basic voting candidates: 3
Sample voting answers: ['13535', '13535', '13535']

=== PeerConf Summary (streaming) ===
Final bar: 14.075 (keep top 10% of finishers' minima) | seats 16 | launched 18/32 | events: 62797
Traces: finished 3 | stopped 0 | truncated 0 | abandoned 15
Graduation probes: 15 fired (252 probe tokens) | graduated early: 3
Loop guard: 0 loops caught and ended (no ballots cast)
Valid answers for voting: 3
Final answer: 13535   | ground truth: 13535
Total tokens generated (traces + probes, incl. discarded): 66340 (of which probes: 252)
Total time: 29.88s

=== Voting Results Summary ===
  majority: 13535 [3 votes]
  mean_confidence_weighted: 13535 (conf: 16.409) [3 votes]
  tail_confidence_weighted: 13535 (conf: 17.167) [3 votes]
  bottom_window_weighted: 13535 (conf: 14.270) [3 votes]
  min_window_weighted: 13535 (conf: 13.522) [3 votes]
  top10_tail_filtered: 13535 (conf: 18.392) [1 votes]
  top10_bottom_window_filtered: 13535 (conf: 14.770) [1 votes]

=== Detailed Voting Results ===
----------------------------------------------------------------------
Method                        Answer      Votes  Confidence  Correct
----------------------------------------------------------------------
majority                      13535       3      -           ✓
mean_confidence_weighted      13535       3      16.409      ✓
tail_confidence_weighted      13535       3      17.167      ✓
bottom_window_weighted        13535       3      14.270      ✓
min_window_weighted           13535       3      13.522      ✓
top10_tail_filtered           13535       1      18.392      ✓
top10_bottom_window_filtered  13535       1      14.770      ✓
Q21 done | gt=13535 | majority:✓, mean_confidence_weighted:✓, tail_confidence_weighted:✓, bottom_window_weighted:✓, min_window_weighted:✓, top10_tail_filtered:✓, top10_bottom_window_filtered:✓
Saved to /results/math500_w256/peerconf_out/math500_q21_bar_cs_loopc.pkl

============================================================
### Q22  (15 min into the sweep)
============================================================
Q22: Denali and Nate work for a dog walking business and are paid for each dog they w...
Ground truth: 5

Run start: 16 seats (cap 32), streaming (report every 1 tokens) | wave 1 line-free; replacements face the self-calibrating bar (keep top 10%, arms at 1 finishers, updates per finisher) | probes every 4096 (graduate at 0.95) | loop guard ON (cut) | close: landslide (95%) OR certificate
Trace 8: finished at 2828 tokens | answer=5
Bar ARMED at 9.209 (1 finishers calibrating, keep top 10%)
Trace 16: seated (replacing 8) | bar 9.209
Trace 2: finished at 2942 tokens | answer=5
Trace 17: seated (replacing 2) | bar 9.296
Trace 5: finished at 3183 tokens | answer=5
Consensus after 3 finishers: '5' holds 100% — killing 15 in-flight streams, no new launches

Basic voting candidates: 3
Sample voting answers: ['5', '5', '5']

=== PeerConf Summary (streaming) ===
Final bar: 9.975 (keep top 10% of finishers' minima) | seats 16 | launched 18/32 | events: 48336
Traces: finished 3 | stopped 0 | truncated 0 | abandoned 15
Graduation probes: 0 fired (0 probe tokens) | graduated early: 0
Loop guard: 0 loops caught and ended (no ballots cast)
Valid answers for voting: 3
Final answer: 5   | ground truth: 5
Total tokens generated (traces + probes, incl. discarded): 50920
Total time: 22.40s

=== Voting Results Summary ===
  majority: 5 [3 votes]
  mean_confidence_weighted: 5 (conf: 12.933) [3 votes]
  tail_confidence_weighted: 5 (conf: 15.761) [3 votes]
  bottom_window_weighted: 5 (conf: 9.886) [3 votes]
  min_window_weighted: 5 (conf: 9.552) [3 votes]
  top10_tail_filtered: 5 (conf: 16.111) [1 votes]
  top10_bottom_window_filtered: 5 (conf: 10.565) [1 votes]

=== Detailed Voting Results ===
----------------------------------------------------------------------
Method                        Answer      Votes  Confidence  Correct
----------------------------------------------------------------------
majority                      5           3      -           ✓
mean_confidence_weighted      5           3      12.933      ✓
tail_confidence_weighted      5           3      15.761      ✓
bottom_window_weighted        5           3      9.886       ✓
min_window_weighted           5           3      9.552       ✓
top10_tail_filtered           5           1      16.111      ✓
top10_bottom_window_filtered  5           1      10.565      ✓
Q22 done | gt=5 | majority:✓, mean_confidence_weighted:✓, tail_confidence_weighted:✓, bottom_window_weighted:✓, min_window_weighted:✓, top10_tail_filtered:✓, top10_bottom_window_filtered:✓
Saved to /results/math500_w256/peerconf_out/math500_q22_bar_cs_loopc.pkl

============================================================
### Q23  (16 min into the sweep)
============================================================
Q23: Find all values of $x$ that satisfy the equation $x = \!\sqrt{11-2x} + 4$....
Ground truth: x=5

Run start: 16 seats (cap 32), streaming (report every 1 tokens) | wave 1 line-free; replacements face the self-calibrating bar (keep top 10%, arms at 1 finishers, updates per finisher) | probes every 4096 (graduate at 0.95) | loop guard ON (cut) | close: landslide (95%) OR certificate
Trace 15: finished at 3046 tokens | answer=5
Bar ARMED at 13.498 (1 finishers calibrating, keep top 10%)
Trace 16: seated (replacing 15) | bar 13.498
Trace 12: cut at the bar 13.498 (its low 11.935, 3049 tokens)
Trace 17: seated (replacing 12) | bar 13.498
Trace 8: cut at the bar 13.498 (its low 12.569, 3060 tokens)
Trace 18: seated (replacing 8) | bar 13.498
Trace 9: cut at the bar 13.498 (its low 13.306, 3175 tokens)
Trace 19: seated (replacing 9) | bar 13.498
Trace 6: finished at 3240 tokens | answer=5
Trace 20: seated (replacing 6) | bar 13.479
Trace 1: finished at 3326 tokens | answer=5
Consensus after 3 finishers: '5' holds 100% — killing 15 in-flight streams, no new launches

Basic voting candidates: 3
Sample voting answers: ['5', '5', '5']

=== PeerConf Summary (streaming) ===
Final bar: 13.460 (keep top 10% of finishers' minima) | seats 16 | launched 21/32 | events: 50301
Traces: finished 3 | stopped 3 | truncated 0 | abandoned 15
Graduation probes: 0 fired (0 probe tokens) | graduated early: 0
Loop guard: 0 loops caught and ended (no ballots cast)
Valid answers for voting: 3
Final answer: 5   | ground truth: x=5
Total tokens generated (traces + probes, incl. discarded): 53123
Total time: 23.67s

=== Voting Results Summary ===
  majority: 5 [3 votes]
  mean_confidence_weighted: 5 (conf: 15.904) [3 votes]
  tail_confidence_weighted: 5 (conf: 16.895) [3 votes]
  bottom_window_weighted: 5 (conf: 13.639) [3 votes]
  min_window_weighted: 5 (conf: 13.251) [3 votes]
  top10_tail_filtered: 5 (conf: 17.295) [1 votes]
  top10_bottom_window_filtered: 5 (conf: 13.798) [1 votes]

=== Detailed Voting Results ===
----------------------------------------------------------------------
Method                        Answer      Votes  Confidence  Correct
----------------------------------------------------------------------
majority                      5           3      -           ✓
mean_confidence_weighted      5           3      15.904      ✓
tail_confidence_weighted      5           3      16.895      ✓
bottom_window_weighted        5           3      13.639      ✓
min_window_weighted           5           3      13.251      ✓
top10_tail_filtered           5           1      17.295      ✓
top10_bottom_window_filtered  5           1      13.798      ✓
Q23 done | gt=x=5 | majority:✓, mean_confidence_weighted:✓, tail_confidence_weighted:✓, bottom_window_weighted:✓, min_window_weighted:✓, top10_tail_filtered:✓, top10_bottom_window_filtered:✓
Saved to /results/math500_w256/peerconf_out/math500_q23_bar_cs_loopc.pkl

============================================================
### Q24  (16 min into the sweep)
============================================================
Q24: A worker receives an annual wage of $\$20{,}000$, which he always deposits into ...
Ground truth: 10

Run start: 16 seats (cap 32), streaming (report every 1 tokens) | wave 1 line-free; replacements face the self-calibrating bar (keep top 10%, arms at 1 finishers, updates per finisher) | probes every 4096 (graduate at 0.95) | loop guard ON (cut) | close: landslide (95%) OR certificate
Trace 0: GRADUATED at 4096 tokens — conf 1.000, answer 10
Trace 0: finished EARLY at 4104 tokens (graduation probe) | answer=10
Bar ARMED at 12.266 (1 finishers calibrating, keep top 10%)
Trace 16: seated (replacing 0) | bar 12.266
Trace 3: GRADUATED at 4096 tokens — conf 0.999, answer 10
Trace 3: finished EARLY at 4104 tokens (graduation probe) | answer=10
Trace 17: seated (replacing 3) | bar 12.313
Trace 1: GRADUATED at 4096 tokens — conf 1.000, answer 10
Trace 2: GRADUATED at 4096 tokens — conf 1.000, answer 10
Trace 2: finished EARLY at 4115 tokens (graduation probe) | answer=10
Consensus after 3 finishers: '10' holds 100% — killing 15 in-flight streams, no new launches

Basic voting candidates: 3
Sample voting answers: ['10', '10', '10']

=== PeerConf Summary (streaming) ===
Final bar: 12.307 (keep top 10% of finishers' minima) | seats 16 | launched 18/32 | events: 62341
Traces: finished 3 | stopped 0 | truncated 0 | abandoned 15
Graduation probes: 12 fired (119 probe tokens) | graduated early: 3
Loop guard: 0 loops caught and ended (no ballots cast)
Valid answers for voting: 3
Final answer: 10   | ground truth: 10
Total tokens generated (traces + probes, incl. discarded): 65920 (of which probes: 119)
Total time: 30.03s

=== Voting Results Summary ===
  majority: 10 [3 votes]
  mean_confidence_weighted: 10 (conf: 15.447) [3 votes]
  tail_confidence_weighted: 10 (conf: 15.494) [3 votes]
  bottom_window_weighted: 10 (conf: 12.781) [3 votes]
  min_window_weighted: 10 (conf: 12.279) [3 votes]
  top10_tail_filtered: 10 (conf: 18.550) [1 votes]
  top10_bottom_window_filtered: 10 (conf: 12.931) [1 votes]

=== Detailed Voting Results ===
----------------------------------------------------------------------
Method                        Answer      Votes  Confidence  Correct
----------------------------------------------------------------------
majority                      10          3      -           ✓
mean_confidence_weighted      10          3      15.447      ✓
tail_confidence_weighted      10          3      15.494      ✓
bottom_window_weighted        10          3      12.781      ✓
min_window_weighted           10          3      12.279      ✓
top10_tail_filtered           10          1      18.550      ✓
top10_bottom_window_filtered  10          1      12.931      ✓
Q24 done | gt=10 | majority:✓, mean_confidence_weighted:✓, tail_confidence_weighted:✓, bottom_window_weighted:✓, min_window_weighted:✓, top10_tail_filtered:✓, top10_bottom_window_filtered:✓
Saved to /results/math500_w256/peerconf_out/math500_q24_bar_cs_loopc.pkl

Sweep over: 25 questions requested, 17 min total
